[0.159s] Invoking command in '/home/ibrahim/RobotArm/build/main_arm_package': CMAKE_PREFIX_PATH=/home/ibrahim/RobotArm/install/action_interfaces:/home/ibrahim/RobotArm/install/main_arm_package:/home/ibrahim/TF2Sample/install/tf2sim:/home/ibrahim/RobotNav/install/main_robot_nodes:/home/ibrahim/RobotNav/install/action_interfaces:/home/ibrahim/RobotMonitor/install/Robot3Node_Package:/home/ibrahim/ros2_ws/install/my_first_package:/home/ibrahim/ros2_ws/install/action_interfaces:/opt/ros/humble /usr/bin/cmake --build /home/ibrahim/RobotArm/build/main_arm_package -- -j16 -l16
[0.225s] [35m[1mConsolidate compiler generated dependencies of target ArmController[0m
[0.226s] [35m[1mConsolidate compiler generated dependencies of target ArmMonitor[0m
[0.226s] [35m[1mConsolidate compiler generated dependencies of target ArmMover[0m
[0.229s] [35m[1mConsolidate compiler generated dependencies of target ArmClient[0m
[0.252s] [ 50%] Built target ArmMonitor
[0.252s] [ 50%] Built target ArmMover
[0.252s] [ 75%] Built target ArmController
[0.256s] [100%] Built target ArmClient
[0.272s] Invoked command in '/home/ibrahim/RobotArm/build/main_arm_package' returned '0': CMAKE_PREFIX_PATH=/home/ibrahim/RobotArm/install/action_interfaces:/home/ibrahim/RobotArm/install/main_arm_package:/home/ibrahim/TF2Sample/install/tf2sim:/home/ibrahim/RobotNav/install/main_robot_nodes:/home/ibrahim/RobotNav/install/action_interfaces:/home/ibrahim/RobotMonitor/install/Robot3Node_Package:/home/ibrahim/ros2_ws/install/my_first_package:/home/ibrahim/ros2_ws/install/action_interfaces:/opt/ros/humble /usr/bin/cmake --build /home/ibrahim/RobotArm/build/main_arm_package -- -j16 -l16
[0.275s] Invoking command in '/home/ibrahim/RobotArm/build/main_arm_package': CMAKE_PREFIX_PATH=/home/ibrahim/RobotArm/install/action_interfaces:/home/ibrahim/RobotArm/install/main_arm_package:/home/ibrahim/TF2Sample/install/tf2sim:/home/ibrahim/RobotNav/install/main_robot_nodes:/home/ibrahim/RobotNav/install/action_interfaces:/home/ibrahim/RobotMonitor/install/Robot3Node_Package:/home/ibrahim/ros2_ws/install/my_first_package:/home/ibrahim/ros2_ws/install/action_interfaces:/opt/ros/humble /usr/bin/cmake --install /home/ibrahim/RobotArm/build/main_arm_package
[0.283s] -- Install configuration: ""
[0.283s] -- Up-to-date: /home/ibrahim/RobotArm/install/main_arm_package/lib/main_arm_package/ArmController
[0.283s] -- Up-to-date: /home/ibrahim/RobotArm/install/main_arm_package/lib/main_arm_package/ArmMonitor
[0.284s] -- Up-to-date: /home/ibrahim/RobotArm/install/main_arm_package/lib/main_arm_package/ArmMover
[0.284s] -- Up-to-date: /home/ibrahim/RobotArm/install/main_arm_package/lib/main_arm_package/ArmClient
[0.285s] -- Up-to-date: /home/ibrahim/RobotArm/install/main_arm_package/share/main_arm_package/launch
[0.285s] -- Up-to-date: /home/ibrahim/RobotArm/install/main_arm_package/share/main_arm_package/launch/display.launch.py
[0.285s] -- Up-to-date: /home/ibrahim/RobotArm/install/main_arm_package/share/main_arm_package/launch/launch.py
[0.286s] -- Up-to-date: /home/ibrahim/RobotArm/install/main_arm_package/share/main_arm_package/urdf
[0.286s] -- Up-to-date: /home/ibrahim/RobotArm/install/main_arm_package/share/main_arm_package/urdf/arm.urdf
[0.286s] -- Up-to-date: /home/ibrahim/RobotArm/install/main_arm_package/share/main_arm_package/rviz
[0.286s] -- Up-to-date: /home/ibrahim/RobotArm/install/main_arm_package/share/main_arm_package/rviz/arm.rviz
[0.286s] -- Up-to-date: /home/ibrahim/RobotArm/install/main_arm_package/share/ament_index/resource_index/package_run_dependencies/main_arm_package
[0.286s] -- Up-to-date: /home/ibrahim/RobotArm/install/main_arm_package/share/ament_index/resource_index/parent_prefix_path/main_arm_package
[0.286s] -- Up-to-date: /home/ibrahim/RobotArm/install/main_arm_package/share/main_arm_package/environment/ament_prefix_path.sh
[0.287s] -- Up-to-date: /home/ibrahim/RobotArm/install/main_arm_package/share/main_arm_package/environment/ament_prefix_path.dsv
[0.287s] -- Up-to-date: /home/ibrahim/RobotArm/install/main_arm_package/share/main_arm_package/environment/path.sh
[0.287s] -- Up-to-date: /home/ibrahim/RobotArm/install/main_arm_package/share/main_arm_package/environment/path.dsv
[0.287s] -- Up-to-date: /home/ibrahim/RobotArm/install/main_arm_package/share/main_arm_package/local_setup.bash
[0.287s] -- Up-to-date: /home/ibrahim/RobotArm/install/main_arm_package/share/main_arm_package/local_setup.sh
[0.287s] -- Up-to-date: /home/ibrahim/RobotArm/install/main_arm_package/share/main_arm_package/local_setup.zsh
[0.287s] -- Up-to-date: /home/ibrahim/RobotArm/install/main_arm_package/share/main_arm_package/local_setup.dsv
[0.287s] -- Installing: /home/ibrahim/RobotArm/install/main_arm_package/share/main_arm_package/package.dsv
[0.288s] -- Up-to-date: /home/ibrahim/RobotArm/install/main_arm_package/share/ament_index/resource_index/packages/main_arm_package
[0.288s] -- Up-to-date: /home/ibrahim/RobotArm/install/main_arm_package/share/main_arm_package/cmake/main_arm_packageConfig.cmake
[0.288s] -- Up-to-date: /home/ibrahim/RobotArm/install/main_arm_package/share/main_arm_package/cmake/main_arm_packageConfig-version.cmake
[0.288s] -- Up-to-date: /home/ibrahim/RobotArm/install/main_arm_package/share/main_arm_package/package.xml
[0.290s] Invoked command in '/home/ibrahim/RobotArm/build/main_arm_package' returned '0': CMAKE_PREFIX_PATH=/home/ibrahim/RobotArm/install/action_interfaces:/home/ibrahim/RobotArm/install/main_arm_package:/home/ibrahim/TF2Sample/install/tf2sim:/home/ibrahim/RobotNav/install/main_robot_nodes:/home/ibrahim/RobotNav/install/action_interfaces:/home/ibrahim/RobotMonitor/install/Robot3Node_Package:/home/ibrahim/ros2_ws/install/my_first_package:/home/ibrahim/ros2_ws/install/action_interfaces:/opt/ros/humble /usr/bin/cmake --install /home/ibrahim/RobotArm/build/main_arm_package
