[2.437s] DEBUG:colcon:Command line arguments: ['/usr/bin/colcon', 'build']
[2.440s] DEBUG:colcon:Parsed command line arguments: Namespace(log_base=None, log_level=None, verb_name='build', build_base='build', install_base='install', merge_install=False, symlink_install=False, test_result_base=None, continue_on_error=False, executor='parallel', parallel_workers=16, event_handlers=None, ignore_user_meta=False, metas=['./colcon.meta'], base_paths=['.'], packages_ignore=None, packages_ignore_regex=None, paths=None, packages_up_to=None, packages_up_to_regex=None, packages_above=None, packages_above_and_dependencies=None, packages_above_depth=None, packages_select_by_dep=None, packages_skip_by_dep=None, packages_skip_up_to=None, packages_select_build_failed=False, packages_skip_build_finished=False, packages_select_test_failures=False, packages_skip_test_passed=False, packages_select=None, packages_skip=None, packages_select_regex=None, packages_skip_regex=None, packages_start=None, packages_end=None, allow_overriding=[], cmake_args=None, cmake_target=None, cmake_target_skip_unavailable=False, cmake_clean_cache=False, cmake_clean_first=False, cmake_force_configure=False, ament_cmake_args=None, catkin_cmake_args=None, catkin_skip_building_tests=False, verb_parser=<colcon_defaults.argument_parser.defaults.DefaultArgumentsDecorator object at 0x795b82858d00>, verb_extension=<colcon_core.verb.build.BuildVerb object at 0x795b82858730>, main=<bound method BuildVerb.main of <colcon_core.verb.build.BuildVerb object at 0x795b82858730>>)
[2.852s] Level 1:colcon.colcon_core.package_discovery:discover_packages(colcon_meta) check parameters
[2.853s] Level 1:colcon.colcon_core.package_discovery:discover_packages(recursive) check parameters
[2.853s] Level 1:colcon.colcon_core.package_discovery:discover_packages(ignore) check parameters
[2.853s] Level 1:colcon.colcon_core.package_discovery:discover_packages(path) check parameters
[2.853s] Level 1:colcon.colcon_core.package_discovery:discover_packages(colcon_meta) discover
[2.853s] Level 1:colcon.colcon_core.package_discovery:discover_packages(recursive) discover
[2.853s] INFO:colcon.colcon_core.package_discovery:Crawling recursively for packages in '/home/ibrahim/RobotArmExpanded'
[2.853s] Level 1:colcon.colcon_core.package_identification:_identify(.) by extensions ['ignore', 'ignore_ament_install']
[2.853s] Level 1:colcon.colcon_core.package_identification:_identify(.) by extension 'ignore'
[2.853s] Level 1:colcon.colcon_core.package_identification:_identify(.) by extension 'ignore_ament_install'
[2.853s] Level 1:colcon.colcon_core.package_identification:_identify(.) by extensions ['colcon_pkg']
[2.854s] Level 1:colcon.colcon_core.package_identification:_identify(.) by extension 'colcon_pkg'
[2.854s] Level 1:colcon.colcon_core.package_identification:_identify(.) by extensions ['colcon_meta']
[2.854s] Level 1:colcon.colcon_core.package_identification:_identify(.) by extension 'colcon_meta'
[2.854s] Level 1:colcon.colcon_core.package_identification:_identify(.) by extensions ['ros']
[2.854s] Level 1:colcon.colcon_core.package_identification:_identify(.) by extension 'ros'
[2.870s] Level 1:colcon.colcon_core.package_identification:_identify(.) by extensions ['cmake', 'python']
[2.870s] Level 1:colcon.colcon_core.package_identification:_identify(.) by extension 'cmake'
[2.870s] Level 1:colcon.colcon_core.package_identification:_identify(.) by extension 'python'
[2.870s] Level 1:colcon.colcon_core.package_identification:_identify(.) by extensions ['python_setup_py']
[2.870s] Level 1:colcon.colcon_core.package_identification:_identify(.) by extension 'python_setup_py'
[2.871s] Level 1:colcon.colcon_core.package_identification:_identify(build) by extensions ['ignore', 'ignore_ament_install']
[2.871s] Level 1:colcon.colcon_core.package_identification:_identify(build) by extension 'ignore'
[2.871s] Level 1:colcon.colcon_core.package_identification:_identify(build) ignored
[2.871s] Level 1:colcon.colcon_core.package_identification:_identify(install) by extensions ['ignore', 'ignore_ament_install']
[2.871s] Level 1:colcon.colcon_core.package_identification:_identify(install) by extension 'ignore'
[2.871s] Level 1:colcon.colcon_core.package_identification:_identify(install) ignored
[2.871s] Level 1:colcon.colcon_core.package_identification:_identify(log) by extensions ['ignore', 'ignore_ament_install']
[2.871s] Level 1:colcon.colcon_core.package_identification:_identify(log) by extension 'ignore'
[2.871s] Level 1:colcon.colcon_core.package_identification:_identify(log) ignored
[2.872s] Level 1:colcon.colcon_core.package_identification:_identify(src) by extensions ['ignore', 'ignore_ament_install']
[2.872s] Level 1:colcon.colcon_core.package_identification:_identify(src) by extension 'ignore'
[2.872s] Level 1:colcon.colcon_core.package_identification:_identify(src) by extension 'ignore_ament_install'
[2.872s] Level 1:colcon.colcon_core.package_identification:_identify(src) by extensions ['colcon_pkg']
[2.872s] Level 1:colcon.colcon_core.package_identification:_identify(src) by extension 'colcon_pkg'
[2.872s] Level 1:colcon.colcon_core.package_identification:_identify(src) by extensions ['colcon_meta']
[2.872s] Level 1:colcon.colcon_core.package_identification:_identify(src) by extension 'colcon_meta'
[2.872s] Level 1:colcon.colcon_core.package_identification:_identify(src) by extensions ['ros']
[2.873s] Level 1:colcon.colcon_core.package_identification:_identify(src) by extension 'ros'
[2.873s] Level 1:colcon.colcon_core.package_identification:_identify(src) by extensions ['cmake', 'python']
[2.873s] Level 1:colcon.colcon_core.package_identification:_identify(src) by extension 'cmake'
[2.873s] Level 1:colcon.colcon_core.package_identification:_identify(src) by extension 'python'
[2.873s] Level 1:colcon.colcon_core.package_identification:_identify(src) by extensions ['python_setup_py']
[2.873s] Level 1:colcon.colcon_core.package_identification:_identify(src) by extension 'python_setup_py'
[2.873s] Level 1:colcon.colcon_core.package_identification:_identify(src/action_interfaces) by extensions ['ignore', 'ignore_ament_install']
[2.874s] Level 1:colcon.colcon_core.package_identification:_identify(src/action_interfaces) by extension 'ignore'
[2.874s] Level 1:colcon.colcon_core.package_identification:_identify(src/action_interfaces) by extension 'ignore_ament_install'
[2.874s] Level 1:colcon.colcon_core.package_identification:_identify(src/action_interfaces) by extensions ['colcon_pkg']
[2.874s] Level 1:colcon.colcon_core.package_identification:_identify(src/action_interfaces) by extension 'colcon_pkg'
[2.874s] Level 1:colcon.colcon_core.package_identification:_identify(src/action_interfaces) by extensions ['colcon_meta']
[2.874s] Level 1:colcon.colcon_core.package_identification:_identify(src/action_interfaces) by extension 'colcon_meta'
[2.874s] Level 1:colcon.colcon_core.package_identification:_identify(src/action_interfaces) by extensions ['ros']
[2.874s] Level 1:colcon.colcon_core.package_identification:_identify(src/action_interfaces) by extension 'ros'
[2.883s] DEBUG:colcon.colcon_core.package_identification:Package 'src/action_interfaces' with type 'ros.ament_cmake' and name 'action_interfaces'
[2.883s] Level 1:colcon.colcon_core.package_identification:_identify(src/main_arm_package) by extensions ['ignore', 'ignore_ament_install']
[2.883s] Level 1:colcon.colcon_core.package_identification:_identify(src/main_arm_package) by extension 'ignore'
[2.883s] Level 1:colcon.colcon_core.package_identification:_identify(src/main_arm_package) by extension 'ignore_ament_install'
[2.884s] Level 1:colcon.colcon_core.package_identification:_identify(src/main_arm_package) by extensions ['colcon_pkg']
[2.884s] Level 1:colcon.colcon_core.package_identification:_identify(src/main_arm_package) by extension 'colcon_pkg'
[2.884s] Level 1:colcon.colcon_core.package_identification:_identify(src/main_arm_package) by extensions ['colcon_meta']
[2.884s] Level 1:colcon.colcon_core.package_identification:_identify(src/main_arm_package) by extension 'colcon_meta'
[2.884s] Level 1:colcon.colcon_core.package_identification:_identify(src/main_arm_package) by extensions ['ros']
[2.884s] Level 1:colcon.colcon_core.package_identification:_identify(src/main_arm_package) by extension 'ros'
[2.885s] DEBUG:colcon.colcon_core.package_identification:Package 'src/main_arm_package' with type 'ros.ament_cmake' and name 'main_arm_package'
[2.885s] Level 1:colcon.colcon_core.package_discovery:discover_packages(recursive) using defaults
[2.885s] Level 1:colcon.colcon_core.package_discovery:discover_packages(ignore) discover
[2.885s] Level 1:colcon.colcon_core.package_discovery:discover_packages(ignore) using defaults
[2.885s] Level 1:colcon.colcon_core.package_discovery:discover_packages(path) discover
[2.885s] Level 1:colcon.colcon_core.package_discovery:discover_packages(path) using defaults
[2.920s] Level 1:colcon.colcon_core.package_discovery:discover_packages(prefix_path) check parameters
[2.921s] Level 1:colcon.colcon_core.package_discovery:discover_packages(prefix_path) discover
[2.927s] DEBUG:colcon.colcon_installed_package_information.package_discovery:Found 2 installed packages in /home/ibrahim/RobotArmExpanded/install
[2.927s] DEBUG:colcon.colcon_installed_package_information.package_discovery:Found 2 installed packages in /home/ibrahim/RobotArm/install
[2.928s] DEBUG:colcon.colcon_installed_package_information.package_discovery:Found 1 installed packages in /home/ibrahim/TF2Sample/install
[2.928s] DEBUG:colcon.colcon_installed_package_information.package_discovery:Found 2 installed packages in /home/ibrahim/RobotNav/install
[2.929s] DEBUG:colcon.colcon_installed_package_information.package_discovery:Found 1 installed packages in /home/ibrahim/RobotMonitor/install
[2.930s] DEBUG:colcon.colcon_installed_package_information.package_discovery:Found 2 installed packages in /home/ibrahim/ros2_ws/install
[2.932s] DEBUG:colcon.colcon_installed_package_information.package_discovery:Found 381 installed packages in /opt/ros/humble
[2.948s] Level 1:colcon.colcon_core.package_discovery:discover_packages(prefix_path) using defaults
[3.021s] Level 5:colcon.colcon_core.verb:set package 'action_interfaces' build argument 'cmake_args' from command line to 'None'
[3.021s] Level 5:colcon.colcon_core.verb:set package 'action_interfaces' build argument 'cmake_target' from command line to 'None'
[3.022s] Level 5:colcon.colcon_core.verb:set package 'action_interfaces' build argument 'cmake_target_skip_unavailable' from command line to 'False'
[3.022s] Level 5:colcon.colcon_core.verb:set package 'action_interfaces' build argument 'cmake_clean_cache' from command line to 'False'
[3.024s] Level 5:colcon.colcon_core.verb:set package 'action_interfaces' build argument 'cmake_clean_first' from command line to 'False'
[3.026s] Level 5:colcon.colcon_core.verb:set package 'action_interfaces' build argument 'cmake_force_configure' from command line to 'False'
[3.026s] Level 5:colcon.colcon_core.verb:set package 'action_interfaces' build argument 'ament_cmake_args' from command line to 'None'
[3.026s] Level 5:colcon.colcon_core.verb:set package 'action_interfaces' build argument 'catkin_cmake_args' from command line to 'None'
[3.026s] Level 5:colcon.colcon_core.verb:set package 'action_interfaces' build argument 'catkin_skip_building_tests' from command line to 'False'
[3.027s] DEBUG:colcon.colcon_core.verb:Building package 'action_interfaces' with the following arguments: {'ament_cmake_args': None, 'build_base': '/home/ibrahim/RobotArmExpanded/build/action_interfaces', 'catkin_cmake_args': None, 'catkin_skip_building_tests': False, 'cmake_args': None, 'cmake_clean_cache': False, 'cmake_clean_first': False, 'cmake_force_configure': False, 'cmake_target': None, 'cmake_target_skip_unavailable': False, 'install_base': '/home/ibrahim/RobotArmExpanded/install/action_interfaces', 'merge_install': False, 'path': '/home/ibrahim/RobotArmExpanded/src/action_interfaces', 'symlink_install': False, 'test_result_base': None}
[3.028s] Level 5:colcon.colcon_core.verb:set package 'main_arm_package' build argument 'cmake_args' from command line to 'None'
[3.029s] Level 5:colcon.colcon_core.verb:set package 'main_arm_package' build argument 'cmake_target' from command line to 'None'
[3.029s] Level 5:colcon.colcon_core.verb:set package 'main_arm_package' build argument 'cmake_target_skip_unavailable' from command line to 'False'
[3.029s] Level 5:colcon.colcon_core.verb:set package 'main_arm_package' build argument 'cmake_clean_cache' from command line to 'False'
[3.029s] Level 5:colcon.colcon_core.verb:set package 'main_arm_package' build argument 'cmake_clean_first' from command line to 'False'
[3.029s] Level 5:colcon.colcon_core.verb:set package 'main_arm_package' build argument 'cmake_force_configure' from command line to 'False'
[3.029s] Level 5:colcon.colcon_core.verb:set package 'main_arm_package' build argument 'ament_cmake_args' from command line to 'None'
[3.029s] Level 5:colcon.colcon_core.verb:set package 'main_arm_package' build argument 'catkin_cmake_args' from command line to 'None'
[3.029s] Level 5:colcon.colcon_core.verb:set package 'main_arm_package' build argument 'catkin_skip_building_tests' from command line to 'False'
[3.029s] DEBUG:colcon.colcon_core.verb:Building package 'main_arm_package' with the following arguments: {'ament_cmake_args': None, 'build_base': '/home/ibrahim/RobotArmExpanded/build/main_arm_package', 'catkin_cmake_args': None, 'catkin_skip_building_tests': False, 'cmake_args': None, 'cmake_clean_cache': False, 'cmake_clean_first': False, 'cmake_force_configure': False, 'cmake_target': None, 'cmake_target_skip_unavailable': False, 'install_base': '/home/ibrahim/RobotArmExpanded/install/main_arm_package', 'merge_install': False, 'path': '/home/ibrahim/RobotArmExpanded/src/main_arm_package', 'symlink_install': False, 'test_result_base': None}
[3.029s] INFO:colcon.colcon_core.executor:Executing jobs using 'parallel' executor
[3.031s] DEBUG:colcon.colcon_parallel_executor.executor.parallel:run_until_complete
[3.032s] INFO:colcon.colcon_ros.task.ament_cmake.build:Building ROS package in '/home/ibrahim/RobotArmExpanded/src/action_interfaces' with build type 'ament_cmake'
[3.033s] INFO:colcon.colcon_cmake.task.cmake.build:Building CMake package in '/home/ibrahim/RobotArmExpanded/src/action_interfaces'
[3.040s] INFO:colcon.colcon_core.plugin_system:Skipping extension 'colcon_core.shell.bat': Not used on non-Windows systems
[3.040s] INFO:colcon.colcon_core.shell:Skip shell extension 'powershell' for command environment: Not usable outside of PowerShell
[3.040s] DEBUG:colcon.colcon_core.shell:Skip shell extension 'dsv' for command environment
[3.063s] DEBUG:colcon.colcon_core.event_handler.log_command:Invoking command in '/home/ibrahim/RobotArmExpanded/build/action_interfaces': CMAKE_PREFIX_PATH=${CMAKE_PREFIX_PATH}:/home/ibrahim/RobotArm/install/main_arm_package:/home/ibrahim/RobotArm/install/action_interfaces:/opt/ros/humble /usr/bin/cmake --build /home/ibrahim/RobotArmExpanded/build/action_interfaces -- -j16 -l16
[3.601s] DEBUG:colcon.colcon_core.event_handler.log_command:Invoked command in '/home/ibrahim/RobotArmExpanded/build/action_interfaces' returned '0': CMAKE_PREFIX_PATH=${CMAKE_PREFIX_PATH}:/home/ibrahim/RobotArm/install/main_arm_package:/home/ibrahim/RobotArm/install/action_interfaces:/opt/ros/humble /usr/bin/cmake --build /home/ibrahim/RobotArmExpanded/build/action_interfaces -- -j16 -l16
[3.618s] DEBUG:colcon.colcon_core.event_handler.log_command:Invoking command in '/home/ibrahim/RobotArmExpanded/build/action_interfaces': CMAKE_PREFIX_PATH=${CMAKE_PREFIX_PATH}:/home/ibrahim/RobotArm/install/main_arm_package:/home/ibrahim/RobotArm/install/action_interfaces:/opt/ros/humble /usr/bin/cmake --install /home/ibrahim/RobotArmExpanded/build/action_interfaces
[3.735s] Level 1:colcon.colcon_core.environment:create_environment_scripts_only(action_interfaces)
[3.735s] DEBUG:colcon.colcon_core.event_handler.log_command:Invoked command in '/home/ibrahim/RobotArmExpanded/build/action_interfaces' returned '0': CMAKE_PREFIX_PATH=${CMAKE_PREFIX_PATH}:/home/ibrahim/RobotArm/install/main_arm_package:/home/ibrahim/RobotArm/install/action_interfaces:/opt/ros/humble /usr/bin/cmake --install /home/ibrahim/RobotArmExpanded/build/action_interfaces
[3.742s] Level 1:colcon.colcon_core.environment:checking '/home/ibrahim/RobotArmExpanded/install/action_interfaces' for CMake module files
[3.743s] Level 1:colcon.colcon_core.environment:checking '/home/ibrahim/RobotArmExpanded/install/action_interfaces' for CMake config files
[3.744s] Level 1:colcon.colcon_core.shell:create_environment_hook('action_interfaces', 'cmake_prefix_path')
[3.744s] INFO:colcon.colcon_core.shell:Creating environment hook '/home/ibrahim/RobotArmExpanded/install/action_interfaces/share/action_interfaces/hook/cmake_prefix_path.ps1'
[3.745s] INFO:colcon.colcon_core.shell:Creating environment descriptor '/home/ibrahim/RobotArmExpanded/install/action_interfaces/share/action_interfaces/hook/cmake_prefix_path.dsv'
[3.746s] INFO:colcon.colcon_core.shell:Creating environment hook '/home/ibrahim/RobotArmExpanded/install/action_interfaces/share/action_interfaces/hook/cmake_prefix_path.sh'
[3.747s] Level 1:colcon.colcon_core.environment:checking '/home/ibrahim/RobotArmExpanded/install/action_interfaces/lib'
[3.747s] Level 1:colcon.colcon_core.shell:create_environment_hook('action_interfaces', 'ld_library_path_lib')
[3.748s] INFO:colcon.colcon_core.shell:Creating environment hook '/home/ibrahim/RobotArmExpanded/install/action_interfaces/share/action_interfaces/hook/ld_library_path_lib.ps1'
[3.748s] INFO:colcon.colcon_core.shell:Creating environment descriptor '/home/ibrahim/RobotArmExpanded/install/action_interfaces/share/action_interfaces/hook/ld_library_path_lib.dsv'
[3.748s] INFO:colcon.colcon_core.shell:Creating environment hook '/home/ibrahim/RobotArmExpanded/install/action_interfaces/share/action_interfaces/hook/ld_library_path_lib.sh'
[3.749s] Level 1:colcon.colcon_core.environment:checking '/home/ibrahim/RobotArmExpanded/install/action_interfaces/bin'
[3.749s] Level 1:colcon.colcon_core.environment:checking '/home/ibrahim/RobotArmExpanded/install/action_interfaces/lib/pkgconfig/action_interfaces.pc'
[3.749s] Level 1:colcon.colcon_core.environment:checking '/home/ibrahim/RobotArmExpanded/install/action_interfaces/lib/python3.10/site-packages'
[3.750s] Level 1:colcon.colcon_core.environment:checking '/home/ibrahim/RobotArmExpanded/install/action_interfaces/bin'
[3.750s] INFO:colcon.colcon_core.shell:Creating package script '/home/ibrahim/RobotArmExpanded/install/action_interfaces/share/action_interfaces/package.ps1'
[3.752s] INFO:colcon.colcon_core.shell:Creating package descriptor '/home/ibrahim/RobotArmExpanded/install/action_interfaces/share/action_interfaces/package.dsv'
[3.753s] INFO:colcon.colcon_core.shell:Creating package script '/home/ibrahim/RobotArmExpanded/install/action_interfaces/share/action_interfaces/package.sh'
[3.755s] INFO:colcon.colcon_core.shell:Creating package script '/home/ibrahim/RobotArmExpanded/install/action_interfaces/share/action_interfaces/package.bash'
[3.756s] INFO:colcon.colcon_core.shell:Creating package script '/home/ibrahim/RobotArmExpanded/install/action_interfaces/share/action_interfaces/package.zsh'
[3.757s] Level 1:colcon.colcon_core.environment:create_file_with_runtime_dependencies(/home/ibrahim/RobotArmExpanded/install/action_interfaces/share/colcon-core/packages/action_interfaces)
[3.757s] Level 1:colcon.colcon_core.environment:create_environment_scripts_only(action_interfaces)
[3.758s] Level 1:colcon.colcon_core.environment:checking '/home/ibrahim/RobotArmExpanded/install/action_interfaces' for CMake module files
[3.758s] Level 1:colcon.colcon_core.environment:checking '/home/ibrahim/RobotArmExpanded/install/action_interfaces' for CMake config files
[3.759s] Level 1:colcon.colcon_core.shell:create_environment_hook('action_interfaces', 'cmake_prefix_path')
[3.759s] INFO:colcon.colcon_core.shell:Creating environment hook '/home/ibrahim/RobotArmExpanded/install/action_interfaces/share/action_interfaces/hook/cmake_prefix_path.ps1'
[3.760s] INFO:colcon.colcon_core.shell:Creating environment descriptor '/home/ibrahim/RobotArmExpanded/install/action_interfaces/share/action_interfaces/hook/cmake_prefix_path.dsv'
[3.760s] INFO:colcon.colcon_core.shell:Creating environment hook '/home/ibrahim/RobotArmExpanded/install/action_interfaces/share/action_interfaces/hook/cmake_prefix_path.sh'
[3.761s] Level 1:colcon.colcon_core.environment:checking '/home/ibrahim/RobotArmExpanded/install/action_interfaces/lib'
[3.761s] Level 1:colcon.colcon_core.shell:create_environment_hook('action_interfaces', 'ld_library_path_lib')
[3.761s] INFO:colcon.colcon_core.shell:Creating environment hook '/home/ibrahim/RobotArmExpanded/install/action_interfaces/share/action_interfaces/hook/ld_library_path_lib.ps1'
[3.762s] INFO:colcon.colcon_core.shell:Creating environment descriptor '/home/ibrahim/RobotArmExpanded/install/action_interfaces/share/action_interfaces/hook/ld_library_path_lib.dsv'
[3.762s] INFO:colcon.colcon_core.shell:Creating environment hook '/home/ibrahim/RobotArmExpanded/install/action_interfaces/share/action_interfaces/hook/ld_library_path_lib.sh'
[3.762s] Level 1:colcon.colcon_core.environment:checking '/home/ibrahim/RobotArmExpanded/install/action_interfaces/bin'
[3.763s] Level 1:colcon.colcon_core.environment:checking '/home/ibrahim/RobotArmExpanded/install/action_interfaces/lib/pkgconfig/action_interfaces.pc'
[3.763s] Level 1:colcon.colcon_core.environment:checking '/home/ibrahim/RobotArmExpanded/install/action_interfaces/lib/python3.10/site-packages'
[3.763s] Level 1:colcon.colcon_core.environment:checking '/home/ibrahim/RobotArmExpanded/install/action_interfaces/bin'
[3.763s] INFO:colcon.colcon_core.shell:Creating package script '/home/ibrahim/RobotArmExpanded/install/action_interfaces/share/action_interfaces/package.ps1'
[3.764s] INFO:colcon.colcon_core.shell:Creating package descriptor '/home/ibrahim/RobotArmExpanded/install/action_interfaces/share/action_interfaces/package.dsv'
[3.764s] INFO:colcon.colcon_core.shell:Creating package script '/home/ibrahim/RobotArmExpanded/install/action_interfaces/share/action_interfaces/package.sh'
[3.765s] INFO:colcon.colcon_core.shell:Creating package script '/home/ibrahim/RobotArmExpanded/install/action_interfaces/share/action_interfaces/package.bash'
[3.765s] INFO:colcon.colcon_core.shell:Creating package script '/home/ibrahim/RobotArmExpanded/install/action_interfaces/share/action_interfaces/package.zsh'
[3.766s] Level 1:colcon.colcon_core.environment:create_file_with_runtime_dependencies(/home/ibrahim/RobotArmExpanded/install/action_interfaces/share/colcon-core/packages/action_interfaces)
[3.767s] INFO:colcon.colcon_ros.task.ament_cmake.build:Building ROS package in '/home/ibrahim/RobotArmExpanded/src/main_arm_package' with build type 'ament_cmake'
[3.767s] INFO:colcon.colcon_cmake.task.cmake.build:Building CMake package in '/home/ibrahim/RobotArmExpanded/src/main_arm_package'
[3.768s] INFO:colcon.colcon_core.shell:Skip shell extension 'powershell' for command environment: Not usable outside of PowerShell
[3.768s] DEBUG:colcon.colcon_core.shell:Skip shell extension 'dsv' for command environment
[3.887s] DEBUG:colcon.colcon_core.event_handler.log_command:Invoking command in '/home/ibrahim/RobotArmExpanded/build/main_arm_package': CMAKE_PREFIX_PATH=/home/ibrahim/RobotArmExpanded/install/action_interfaces:/home/ibrahim/RobotArmExpanded/install/main_arm_package:/home/ibrahim/TF2Sample/install/tf2sim:/home/ibrahim/RobotNav/install/main_robot_nodes:/home/ibrahim/RobotNav/install/action_interfaces:/home/ibrahim/RobotMonitor/install/Robot3Node_Package:/home/ibrahim/ros2_ws/install/my_first_package:/home/ibrahim/ros2_ws/install/action_interfaces:/home/ibrahim/RobotArm/install/main_arm_package:/home/ibrahim/RobotArm/install/action_interfaces:/opt/ros/humble /usr/bin/cmake --build /home/ibrahim/RobotArmExpanded/build/main_arm_package -- -j16 -l16
[12.291s] DEBUG:colcon.colcon_core.event_handler.log_command:Invoked command in '/home/ibrahim/RobotArmExpanded/build/main_arm_package' returned '0': CMAKE_PREFIX_PATH=/home/ibrahim/RobotArmExpanded/install/action_interfaces:/home/ibrahim/RobotArmExpanded/install/main_arm_package:/home/ibrahim/TF2Sample/install/tf2sim:/home/ibrahim/RobotNav/install/main_robot_nodes:/home/ibrahim/RobotNav/install/action_interfaces:/home/ibrahim/RobotMonitor/install/Robot3Node_Package:/home/ibrahim/ros2_ws/install/my_first_package:/home/ibrahim/ros2_ws/install/action_interfaces:/home/ibrahim/RobotArm/install/main_arm_package:/home/ibrahim/RobotArm/install/action_interfaces:/opt/ros/humble /usr/bin/cmake --build /home/ibrahim/RobotArmExpanded/build/main_arm_package -- -j16 -l16
[12.293s] DEBUG:colcon.colcon_core.event_handler.log_command:Invoking command in '/home/ibrahim/RobotArmExpanded/build/main_arm_package': CMAKE_PREFIX_PATH=/home/ibrahim/RobotArmExpanded/install/action_interfaces:/home/ibrahim/RobotArmExpanded/install/main_arm_package:/home/ibrahim/TF2Sample/install/tf2sim:/home/ibrahim/RobotNav/install/main_robot_nodes:/home/ibrahim/RobotNav/install/action_interfaces:/home/ibrahim/RobotMonitor/install/Robot3Node_Package:/home/ibrahim/ros2_ws/install/my_first_package:/home/ibrahim/ros2_ws/install/action_interfaces:/home/ibrahim/RobotArm/install/main_arm_package:/home/ibrahim/RobotArm/install/action_interfaces:/opt/ros/humble /usr/bin/cmake --install /home/ibrahim/RobotArmExpanded/build/main_arm_package
[12.321s] Level 1:colcon.colcon_core.environment:create_environment_scripts_only(main_arm_package)
[12.322s] Level 1:colcon.colcon_core.environment:checking '/home/ibrahim/RobotArmExpanded/install/main_arm_package' for CMake module files
[12.322s] DEBUG:colcon.colcon_core.event_handler.log_command:Invoked command in '/home/ibrahim/RobotArmExpanded/build/main_arm_package' returned '0': CMAKE_PREFIX_PATH=/home/ibrahim/RobotArmExpanded/install/action_interfaces:/home/ibrahim/RobotArmExpanded/install/main_arm_package:/home/ibrahim/TF2Sample/install/tf2sim:/home/ibrahim/RobotNav/install/main_robot_nodes:/home/ibrahim/RobotNav/install/action_interfaces:/home/ibrahim/RobotMonitor/install/Robot3Node_Package:/home/ibrahim/ros2_ws/install/my_first_package:/home/ibrahim/ros2_ws/install/action_interfaces:/home/ibrahim/RobotArm/install/main_arm_package:/home/ibrahim/RobotArm/install/action_interfaces:/opt/ros/humble /usr/bin/cmake --install /home/ibrahim/RobotArmExpanded/build/main_arm_package
[12.322s] Level 1:colcon.colcon_core.environment:checking '/home/ibrahim/RobotArmExpanded/install/main_arm_package' for CMake config files
[12.323s] Level 1:colcon.colcon_core.shell:create_environment_hook('main_arm_package', 'cmake_prefix_path')
[12.323s] INFO:colcon.colcon_core.shell:Creating environment hook '/home/ibrahim/RobotArmExpanded/install/main_arm_package/share/main_arm_package/hook/cmake_prefix_path.ps1'
[12.323s] INFO:colcon.colcon_core.shell:Creating environment descriptor '/home/ibrahim/RobotArmExpanded/install/main_arm_package/share/main_arm_package/hook/cmake_prefix_path.dsv'
[12.324s] INFO:colcon.colcon_core.shell:Creating environment hook '/home/ibrahim/RobotArmExpanded/install/main_arm_package/share/main_arm_package/hook/cmake_prefix_path.sh'
[12.325s] Level 1:colcon.colcon_core.environment:checking '/home/ibrahim/RobotArmExpanded/install/main_arm_package/lib'
[12.325s] Level 1:colcon.colcon_core.environment:checking '/home/ibrahim/RobotArmExpanded/install/main_arm_package/bin'
[12.325s] Level 1:colcon.colcon_core.environment:checking '/home/ibrahim/RobotArmExpanded/install/main_arm_package/lib/pkgconfig/main_arm_package.pc'
[12.325s] Level 1:colcon.colcon_core.environment:checking '/home/ibrahim/RobotArmExpanded/install/main_arm_package/lib/python3.10/site-packages'
[12.326s] Level 1:colcon.colcon_core.environment:checking '/home/ibrahim/RobotArmExpanded/install/main_arm_package/bin'
[12.326s] INFO:colcon.colcon_core.shell:Creating package script '/home/ibrahim/RobotArmExpanded/install/main_arm_package/share/main_arm_package/package.ps1'
[12.327s] INFO:colcon.colcon_core.shell:Creating package descriptor '/home/ibrahim/RobotArmExpanded/install/main_arm_package/share/main_arm_package/package.dsv'
[12.327s] INFO:colcon.colcon_core.shell:Creating package script '/home/ibrahim/RobotArmExpanded/install/main_arm_package/share/main_arm_package/package.sh'
[12.328s] INFO:colcon.colcon_core.shell:Creating package script '/home/ibrahim/RobotArmExpanded/install/main_arm_package/share/main_arm_package/package.bash'
[12.328s] INFO:colcon.colcon_core.shell:Creating package script '/home/ibrahim/RobotArmExpanded/install/main_arm_package/share/main_arm_package/package.zsh'
[12.328s] Level 1:colcon.colcon_core.environment:create_file_with_runtime_dependencies(/home/ibrahim/RobotArmExpanded/install/main_arm_package/share/colcon-core/packages/main_arm_package)
[12.329s] Level 1:colcon.colcon_core.environment:create_environment_scripts_only(main_arm_package)
[12.329s] Level 1:colcon.colcon_core.environment:checking '/home/ibrahim/RobotArmExpanded/install/main_arm_package' for CMake module files
[12.330s] Level 1:colcon.colcon_core.environment:checking '/home/ibrahim/RobotArmExpanded/install/main_arm_package' for CMake config files
[12.330s] Level 1:colcon.colcon_core.shell:create_environment_hook('main_arm_package', 'cmake_prefix_path')
[12.331s] INFO:colcon.colcon_core.shell:Creating environment hook '/home/ibrahim/RobotArmExpanded/install/main_arm_package/share/main_arm_package/hook/cmake_prefix_path.ps1'
[12.331s] INFO:colcon.colcon_core.shell:Creating environment descriptor '/home/ibrahim/RobotArmExpanded/install/main_arm_package/share/main_arm_package/hook/cmake_prefix_path.dsv'
[12.331s] INFO:colcon.colcon_core.shell:Creating environment hook '/home/ibrahim/RobotArmExpanded/install/main_arm_package/share/main_arm_package/hook/cmake_prefix_path.sh'
[12.332s] Level 1:colcon.colcon_core.environment:checking '/home/ibrahim/RobotArmExpanded/install/main_arm_package/lib'
[12.332s] Level 1:colcon.colcon_core.environment:checking '/home/ibrahim/RobotArmExpanded/install/main_arm_package/bin'
[12.332s] Level 1:colcon.colcon_core.environment:checking '/home/ibrahim/RobotArmExpanded/install/main_arm_package/lib/pkgconfig/main_arm_package.pc'
[12.332s] Level 1:colcon.colcon_core.environment:checking '/home/ibrahim/RobotArmExpanded/install/main_arm_package/lib/python3.10/site-packages'
[12.333s] Level 1:colcon.colcon_core.environment:checking '/home/ibrahim/RobotArmExpanded/install/main_arm_package/bin'
[12.333s] INFO:colcon.colcon_core.shell:Creating package script '/home/ibrahim/RobotArmExpanded/install/main_arm_package/share/main_arm_package/package.ps1'
[12.334s] INFO:colcon.colcon_core.shell:Creating package descriptor '/home/ibrahim/RobotArmExpanded/install/main_arm_package/share/main_arm_package/package.dsv'
[12.334s] INFO:colcon.colcon_core.shell:Creating package script '/home/ibrahim/RobotArmExpanded/install/main_arm_package/share/main_arm_package/package.sh'
[12.335s] INFO:colcon.colcon_core.shell:Creating package script '/home/ibrahim/RobotArmExpanded/install/main_arm_package/share/main_arm_package/package.bash'
[12.335s] INFO:colcon.colcon_core.shell:Creating package script '/home/ibrahim/RobotArmExpanded/install/main_arm_package/share/main_arm_package/package.zsh'
[12.336s] Level 1:colcon.colcon_core.environment:create_file_with_runtime_dependencies(/home/ibrahim/RobotArmExpanded/install/main_arm_package/share/colcon-core/packages/main_arm_package)
[12.336s] DEBUG:colcon.colcon_parallel_executor.executor.parallel:closing loop
[12.337s] DEBUG:colcon.colcon_parallel_executor.executor.parallel:loop closed
[12.337s] DEBUG:colcon.colcon_parallel_executor.executor.parallel:run_until_complete finished with '0'
[12.337s] DEBUG:colcon.colcon_core.event_reactor:joining thread
[12.411s] INFO:colcon.colcon_core.plugin_system:Skipping extension 'colcon_notification.desktop_notification.notify_send': Could not find 'notify-send'
[12.411s] INFO:colcon.colcon_core.plugin_system:Skipping extension 'colcon_notification.desktop_notification.terminal_notifier': Not used on non-Darwin systems
[12.411s] INFO:colcon.colcon_core.plugin_system:Skipping extension 'colcon_notification.desktop_notification.win32': Not used on non-Windows systems
[12.412s] INFO:colcon.colcon_notification.desktop_notification:Sending desktop notification using 'notify2'
[12.413s] DEBUG:colcon.colcon_notification.desktop_notification.notify2:Failed to initialize notify2: org.freedesktop.DBus.Error.FileNotFound: Failed to connect to socket /run/user/1000/bus: No such file or directory
[12.413s] DEBUG:colcon.colcon_core.event_reactor:joined thread
[12.413s] INFO:colcon.colcon_core.shell:Creating prefix script '/home/ibrahim/RobotArmExpanded/install/local_setup.ps1'
[12.415s] INFO:colcon.colcon_core.shell:Creating prefix util module '/home/ibrahim/RobotArmExpanded/install/_local_setup_util_ps1.py'
[12.417s] INFO:colcon.colcon_core.shell:Creating prefix chain script '/home/ibrahim/RobotArmExpanded/install/setup.ps1'
[12.420s] INFO:colcon.colcon_core.shell:Creating prefix script '/home/ibrahim/RobotArmExpanded/install/local_setup.sh'
[12.421s] INFO:colcon.colcon_core.shell:Creating prefix util module '/home/ibrahim/RobotArmExpanded/install/_local_setup_util_sh.py'
[12.422s] INFO:colcon.colcon_core.shell:Creating prefix chain script '/home/ibrahim/RobotArmExpanded/install/setup.sh'
[12.424s] INFO:colcon.colcon_core.shell:Creating prefix script '/home/ibrahim/RobotArmExpanded/install/local_setup.bash'
[12.425s] INFO:colcon.colcon_core.shell:Creating prefix chain script '/home/ibrahim/RobotArmExpanded/install/setup.bash'
[12.427s] INFO:colcon.colcon_core.shell:Creating prefix script '/home/ibrahim/RobotArmExpanded/install/local_setup.zsh'
[12.428s] INFO:colcon.colcon_core.shell:Creating prefix chain script '/home/ibrahim/RobotArmExpanded/install/setup.zsh'
