[0.123s] Invoking command in '/home/ibrahim/RobotArmExpanded/build/main_arm_package': CMAKE_PREFIX_PATH=/home/ibrahim/RobotArmExpanded/install/action_interfaces:/home/ibrahim/RobotArmExpanded/install/main_arm_package:/home/ibrahim/TF2Sample/install/tf2sim:/home/ibrahim/RobotNav/install/main_robot_nodes:/home/ibrahim/RobotNav/install/action_interfaces:/home/ibrahim/RobotMonitor/install/Robot3Node_Package:/home/ibrahim/ros2_ws/install/my_first_package:/home/ibrahim/ros2_ws/install/action_interfaces:/home/ibrahim/RobotArm/install/main_arm_package:/home/ibrahim/RobotArm/install/action_interfaces:/opt/ros/humble /usr/bin/cmake --build /home/ibrahim/RobotArmExpanded/build/main_arm_package -- -j16 -l16
[0.157s] -- Found ament_cmake: 1.3.14 (/opt/ros/humble/share/ament_cmake/cmake)
[0.288s] -- Found rclcpp: 16.0.19 (/opt/ros/humble/share/rclcpp/cmake)
[0.470s] -- Found rosidl_generator_c: 3.1.8 (/opt/ros/humble/share/rosidl_generator_c/cmake)
[0.472s] -- Found rosidl_adapter: 3.1.8 (/opt/ros/humble/share/rosidl_adapter/cmake)
[0.478s] -- Found rosidl_generator_cpp: 3.1.8 (/opt/ros/humble/share/rosidl_generator_cpp/cmake)
[0.489s] -- Using all available rosidl_typesupport_c: rosidl_typesupport_fastrtps_c;rosidl_typesupport_introspection_c
[0.501s] -- Using all available rosidl_typesupport_cpp: rosidl_typesupport_fastrtps_cpp;rosidl_typesupport_introspection_cpp
[0.528s] -- Found rmw_implementation_cmake: 6.1.2 (/opt/ros/humble/share/rmw_implementation_cmake/cmake)
[0.530s] -- Found rmw_fastrtps_cpp: 6.2.10 (/opt/ros/humble/share/rmw_fastrtps_cpp/cmake)
[7.407s] -- Using RMW implementation 'rmw_fastrtps_cpp' as default
[7.448s] -- Found rclcpp_action: 16.0.19 (/opt/ros/humble/share/rclcpp_action/cmake)
[7.470s] -- Found action_interfaces: 0.0.0 (/home/ibrahim/RobotArmExpanded/install/action_interfaces/share/action_interfaces/cmake)
[7.481s] -- Found sensor_msgs: 4.9.1 (/opt/ros/humble/share/sensor_msgs/cmake)
[7.508s] -- Found ament_lint_auto: 0.12.15 (/opt/ros/humble/share/ament_lint_auto/cmake)
[7.576s] -- Added test 'cppcheck' to perform static code analysis on C / C++ code
[7.576s] -- Configured cppcheck include dirs: $<BUILD_INTERFACE:/home/ibrahim/RobotArmExpanded/src/main_arm_package/include>
[7.576s] -- Configured cppcheck exclude dirs and/or files: 
[7.579s] -- Added test 'flake8' to check Python code syntax and style conventions
[7.581s] -- Added test 'lint_cmake' to check CMake code style
[7.581s] -- Added test 'pep257' to check Python code against some of the docstring style conventions in PEP 257
[7.583s] -- Added test 'uncrustify' to check C / C++ code style
[7.583s] -- Configured uncrustify additional arguments: 
[7.583s] -- Added test 'xmllint' to check XML markup files
[7.584s] -- Configuring done
[7.615s] -- Generating done
[7.627s] -- Build files have been written to: /home/ibrahim/RobotArmExpanded/build/main_arm_package
[7.662s] [35m[1mConsolidate compiler generated dependencies of target ArmClient[0m
[7.662s] [35m[1mConsolidate compiler generated dependencies of target ArmController[0m
[7.662s] [35m[1mConsolidate compiler generated dependencies of target ArmMover[0m
[7.662s] [35m[1mConsolidate compiler generated dependencies of target TaskPlanner[0m
[7.662s] [35m[1mConsolidate compiler generated dependencies of target ArmMonitor[0m
[7.688s] [ 40%] Built target ArmMonitor
[7.689s] [ 40%] Built target ArmClient
[7.689s] [ 60%] Built target ArmMover
[7.689s] [ 80%] Built target TaskPlanner
[7.689s] [ 90%] [32mBuilding CXX object CMakeFiles/ArmController.dir/src/ArmController.cpp.o[0m
[24.262s] [100%] [32m[1mLinking CXX executable ArmController[0m
[25.092s] [100%] Built target ArmController
[25.117s] Invoked command in '/home/ibrahim/RobotArmExpanded/build/main_arm_package' returned '0': CMAKE_PREFIX_PATH=/home/ibrahim/RobotArmExpanded/install/action_interfaces:/home/ibrahim/RobotArmExpanded/install/main_arm_package:/home/ibrahim/TF2Sample/install/tf2sim:/home/ibrahim/RobotNav/install/main_robot_nodes:/home/ibrahim/RobotNav/install/action_interfaces:/home/ibrahim/RobotMonitor/install/Robot3Node_Package:/home/ibrahim/ros2_ws/install/my_first_package:/home/ibrahim/ros2_ws/install/action_interfaces:/home/ibrahim/RobotArm/install/main_arm_package:/home/ibrahim/RobotArm/install/action_interfaces:/opt/ros/humble /usr/bin/cmake --build /home/ibrahim/RobotArmExpanded/build/main_arm_package -- -j16 -l16
[25.119s] Invoking command in '/home/ibrahim/RobotArmExpanded/build/main_arm_package': CMAKE_PREFIX_PATH=/home/ibrahim/RobotArmExpanded/install/action_interfaces:/home/ibrahim/RobotArmExpanded/install/main_arm_package:/home/ibrahim/TF2Sample/install/tf2sim:/home/ibrahim/RobotNav/install/main_robot_nodes:/home/ibrahim/RobotNav/install/action_interfaces:/home/ibrahim/RobotMonitor/install/Robot3Node_Package:/home/ibrahim/ros2_ws/install/my_first_package:/home/ibrahim/ros2_ws/install/action_interfaces:/home/ibrahim/RobotArm/install/main_arm_package:/home/ibrahim/RobotArm/install/action_interfaces:/opt/ros/humble /usr/bin/cmake --install /home/ibrahim/RobotArmExpanded/build/main_arm_package
[25.130s] -- Install configuration: ""
[25.130s] -- Installing: /home/ibrahim/RobotArmExpanded/install/main_arm_package/lib/main_arm_package/ArmController
[25.142s] -- Set runtime path of "/home/ibrahim/RobotArmExpanded/install/main_arm_package/lib/main_arm_package/ArmController" to ""
[25.142s] -- Up-to-date: /home/ibrahim/RobotArmExpanded/install/main_arm_package/lib/main_arm_package/ArmMonitor
[25.143s] -- Up-to-date: /home/ibrahim/RobotArmExpanded/install/main_arm_package/lib/main_arm_package/ArmMover
[25.143s] -- Up-to-date: /home/ibrahim/RobotArmExpanded/install/main_arm_package/lib/main_arm_package/ArmClient
[25.144s] -- Up-to-date: /home/ibrahim/RobotArmExpanded/install/main_arm_package/lib/main_arm_package/TaskPlanner
[25.144s] -- Up-to-date: /home/ibrahim/RobotArmExpanded/install/main_arm_package/share/main_arm_package/launch
[25.144s] -- Up-to-date: /home/ibrahim/RobotArmExpanded/install/main_arm_package/share/main_arm_package/launch/display.launch.py
[25.144s] -- Installing: /home/ibrahim/RobotArmExpanded/install/main_arm_package/share/main_arm_package/launch/gazebo.launch.py
[25.144s] -- Up-to-date: /home/ibrahim/RobotArmExpanded/install/main_arm_package/share/main_arm_package/launch/launch.py
[25.145s] -- Up-to-date: /home/ibrahim/RobotArmExpanded/install/main_arm_package/share/main_arm_package/urdf
[25.145s] -- Up-to-date: /home/ibrahim/RobotArmExpanded/install/main_arm_package/share/main_arm_package/urdf/arm.urdf
[25.145s] -- Up-to-date: /home/ibrahim/RobotArmExpanded/install/main_arm_package/share/main_arm_package/rviz
[25.145s] -- Up-to-date: /home/ibrahim/RobotArmExpanded/install/main_arm_package/share/main_arm_package/rviz/arm.rviz
[25.145s] -- Installing: /home/ibrahim/RobotArmExpanded/install/main_arm_package/share/main_arm_package/config
[25.145s] -- Installing: /home/ibrahim/RobotArmExpanded/install/main_arm_package/share/main_arm_package/config/controllers.yaml
[25.145s] -- Up-to-date: /home/ibrahim/RobotArmExpanded/install/main_arm_package/share/main_arm_package/worlds
[25.146s] -- Up-to-date: /home/ibrahim/RobotArmExpanded/install/main_arm_package/share/main_arm_package/worlds/my_world.sdf
[25.147s] -- Installing: /home/ibrahim/RobotArmExpanded/install/main_arm_package/share/ament_index/resource_index/package_run_dependencies/main_arm_package
[25.147s] -- Up-to-date: /home/ibrahim/RobotArmExpanded/install/main_arm_package/share/ament_index/resource_index/parent_prefix_path/main_arm_package
[25.147s] -- Up-to-date: /home/ibrahim/RobotArmExpanded/install/main_arm_package/share/main_arm_package/environment/ament_prefix_path.sh
[25.147s] -- Installing: /home/ibrahim/RobotArmExpanded/install/main_arm_package/share/main_arm_package/environment/ament_prefix_path.dsv
[25.147s] -- Up-to-date: /home/ibrahim/RobotArmExpanded/install/main_arm_package/share/main_arm_package/environment/path.sh
[25.147s] -- Installing: /home/ibrahim/RobotArmExpanded/install/main_arm_package/share/main_arm_package/environment/path.dsv
[25.148s] -- Up-to-date: /home/ibrahim/RobotArmExpanded/install/main_arm_package/share/main_arm_package/local_setup.bash
[25.148s] -- Up-to-date: /home/ibrahim/RobotArmExpanded/install/main_arm_package/share/main_arm_package/local_setup.sh
[25.148s] -- Up-to-date: /home/ibrahim/RobotArmExpanded/install/main_arm_package/share/main_arm_package/local_setup.zsh
[25.149s] -- Installing: /home/ibrahim/RobotArmExpanded/install/main_arm_package/share/main_arm_package/local_setup.dsv
[25.149s] -- Installing: /home/ibrahim/RobotArmExpanded/install/main_arm_package/share/main_arm_package/package.dsv
[25.149s] -- Up-to-date: /home/ibrahim/RobotArmExpanded/install/main_arm_package/share/ament_index/resource_index/packages/main_arm_package
[25.149s] -- Up-to-date: /home/ibrahim/RobotArmExpanded/install/main_arm_package/share/main_arm_package/cmake/main_arm_packageConfig.cmake
[25.149s] -- Up-to-date: /home/ibrahim/RobotArmExpanded/install/main_arm_package/share/main_arm_package/cmake/main_arm_packageConfig-version.cmake
[25.149s] -- Installing: /home/ibrahim/RobotArmExpanded/install/main_arm_package/share/main_arm_package/package.xml
[25.153s] Invoked command in '/home/ibrahim/RobotArmExpanded/build/main_arm_package' returned '0': CMAKE_PREFIX_PATH=/home/ibrahim/RobotArmExpanded/install/action_interfaces:/home/ibrahim/RobotArmExpanded/install/main_arm_package:/home/ibrahim/TF2Sample/install/tf2sim:/home/ibrahim/RobotNav/install/main_robot_nodes:/home/ibrahim/RobotNav/install/action_interfaces:/home/ibrahim/RobotMonitor/install/Robot3Node_Package:/home/ibrahim/ros2_ws/install/my_first_package:/home/ibrahim/ros2_ws/install/action_interfaces:/home/ibrahim/RobotArm/install/main_arm_package:/home/ibrahim/RobotArm/install/action_interfaces:/opt/ros/humble /usr/bin/cmake --install /home/ibrahim/RobotArmExpanded/build/main_arm_package
