[0.133s] Invoking command in '/home/ibrahim/RobotArm/build/main_arm_package': CMAKE_PREFIX_PATH=/home/ibrahim/RobotArm/install/action_interfaces:/home/ibrahim/RobotArm/install/main_arm_package:/home/ibrahim/TF2Sample/install/tf2sim:/home/ibrahim/RobotNav/install/main_robot_nodes:/home/ibrahim/RobotNav/install/action_interfaces:/home/ibrahim/RobotMonitor/install/Robot3Node_Package:/home/ibrahim/ros2_ws/install/my_first_package:/home/ibrahim/ros2_ws/install/action_interfaces:/opt/ros/humble /usr/bin/cmake --build /home/ibrahim/RobotArm/build/main_arm_package -- -j16 -l16
[0.217s] [35m[1mConsolidate compiler generated dependencies of target ArmClient[0m
[0.242s] [ 50%] Built target ArmController
[0.242s] [ 50%] Built target ArmMover
[0.244s] [ 75%] Built target ArmMonitor
[0.260s] [ 87%] [32mBuilding CXX object CMakeFiles/ArmClient.dir/src/ArmClient.cpp.o[0m
[7.737s] [100%] [32m[1mLinking CXX executable ArmClient[0m
[8.300s] [100%] Built target ArmClient
[8.327s] Invoked command in '/home/ibrahim/RobotArm/build/main_arm_package' returned '0': CMAKE_PREFIX_PATH=/home/ibrahim/RobotArm/install/action_interfaces:/home/ibrahim/RobotArm/install/main_arm_package:/home/ibrahim/TF2Sample/install/tf2sim:/home/ibrahim/RobotNav/install/main_robot_nodes:/home/ibrahim/RobotNav/install/action_interfaces:/home/ibrahim/RobotMonitor/install/Robot3Node_Package:/home/ibrahim/ros2_ws/install/my_first_package:/home/ibrahim/ros2_ws/install/action_interfaces:/opt/ros/humble /usr/bin/cmake --build /home/ibrahim/RobotArm/build/main_arm_package -- -j16 -l16
[8.331s] Invoking command in '/home/ibrahim/RobotArm/build/main_arm_package': CMAKE_PREFIX_PATH=/home/ibrahim/RobotArm/install/action_interfaces:/home/ibrahim/RobotArm/install/main_arm_package:/home/ibrahim/TF2Sample/install/tf2sim:/home/ibrahim/RobotNav/install/main_robot_nodes:/home/ibrahim/RobotNav/install/action_interfaces:/home/ibrahim/RobotMonitor/install/Robot3Node_Package:/home/ibrahim/ros2_ws/install/my_first_package:/home/ibrahim/ros2_ws/install/action_interfaces:/opt/ros/humble /usr/bin/cmake --install /home/ibrahim/RobotArm/build/main_arm_package
[8.349s] -- Install configuration: ""
[8.351s] -- Up-to-date: /home/ibrahim/RobotArm/install/main_arm_package/lib/main_arm_package/ArmController
[8.353s] -- Up-to-date: /home/ibrahim/RobotArm/install/main_arm_package/lib/main_arm_package/ArmMonitor
[8.355s] -- Up-to-date: /home/ibrahim/RobotArm/install/main_arm_package/lib/main_arm_package/ArmMover
[8.357s] -- Installing: /home/ibrahim/RobotArm/install/main_arm_package/lib/main_arm_package/ArmClient
[8.361s] -- Set runtime path of "/home/ibrahim/RobotArm/install/main_arm_package/lib/main_arm_package/ArmClient" to ""
[8.361s] -- Up-to-date: /home/ibrahim/RobotArm/install/main_arm_package/share/main_arm_package/launch
[8.361s] -- Installing: /home/ibrahim/RobotArm/install/main_arm_package/share/main_arm_package/launch/display.launch.py
[8.363s] -- Installing: /home/ibrahim/RobotArm/install/main_arm_package/share/main_arm_package/launch/launch.py
[8.364s] -- Up-to-date: /home/ibrahim/RobotArm/install/main_arm_package/share/main_arm_package/urdf
[8.364s] -- Up-to-date: /home/ibrahim/RobotArm/install/main_arm_package/share/main_arm_package/urdf/arm.urdf
[8.365s] -- Up-to-date: /home/ibrahim/RobotArm/install/main_arm_package/share/main_arm_package/rviz
[8.365s] -- Up-to-date: /home/ibrahim/RobotArm/install/main_arm_package/share/main_arm_package/rviz/arm.rviz
[8.365s] -- Up-to-date: /home/ibrahim/RobotArm/install/main_arm_package/share/ament_index/resource_index/package_run_dependencies/main_arm_package
[8.365s] -- Up-to-date: /home/ibrahim/RobotArm/install/main_arm_package/share/ament_index/resource_index/parent_prefix_path/main_arm_package
[8.366s] -- Up-to-date: /home/ibrahim/RobotArm/install/main_arm_package/share/main_arm_package/environment/ament_prefix_path.sh
[8.366s] -- Up-to-date: /home/ibrahim/RobotArm/install/main_arm_package/share/main_arm_package/environment/ament_prefix_path.dsv
[8.366s] -- Up-to-date: /home/ibrahim/RobotArm/install/main_arm_package/share/main_arm_package/environment/path.sh
[8.366s] -- Up-to-date: /home/ibrahim/RobotArm/install/main_arm_package/share/main_arm_package/environment/path.dsv
[8.367s] -- Up-to-date: /home/ibrahim/RobotArm/install/main_arm_package/share/main_arm_package/local_setup.bash
[8.367s] -- Up-to-date: /home/ibrahim/RobotArm/install/main_arm_package/share/main_arm_package/local_setup.sh
[8.367s] -- Up-to-date: /home/ibrahim/RobotArm/install/main_arm_package/share/main_arm_package/local_setup.zsh
[8.367s] -- Up-to-date: /home/ibrahim/RobotArm/install/main_arm_package/share/main_arm_package/local_setup.dsv
[8.367s] -- Installing: /home/ibrahim/RobotArm/install/main_arm_package/share/main_arm_package/package.dsv
[8.368s] -- Up-to-date: /home/ibrahim/RobotArm/install/main_arm_package/share/ament_index/resource_index/packages/main_arm_package
[8.368s] -- Up-to-date: /home/ibrahim/RobotArm/install/main_arm_package/share/main_arm_package/cmake/main_arm_packageConfig.cmake
[8.368s] -- Up-to-date: /home/ibrahim/RobotArm/install/main_arm_package/share/main_arm_package/cmake/main_arm_packageConfig-version.cmake
[8.368s] -- Up-to-date: /home/ibrahim/RobotArm/install/main_arm_package/share/main_arm_package/package.xml
[8.373s] Invoked command in '/home/ibrahim/RobotArm/build/main_arm_package' returned '0': CMAKE_PREFIX_PATH=/home/ibrahim/RobotArm/install/action_interfaces:/home/ibrahim/RobotArm/install/main_arm_package:/home/ibrahim/TF2Sample/install/tf2sim:/home/ibrahim/RobotNav/install/main_robot_nodes:/home/ibrahim/RobotNav/install/action_interfaces:/home/ibrahim/RobotMonitor/install/Robot3Node_Package:/home/ibrahim/ros2_ws/install/my_first_package:/home/ibrahim/ros2_ws/install/action_interfaces:/opt/ros/humble /usr/bin/cmake --install /home/ibrahim/RobotArm/build/main_arm_package
