[0.249s] DEBUG:colcon:Command line arguments: ['/usr/bin/colcon', 'build']
[0.250s] DEBUG:colcon:Parsed command line arguments: Namespace(log_base=None, log_level=None, verb_name='build', build_base='build', install_base='install', merge_install=False, symlink_install=False, test_result_base=None, continue_on_error=False, executor='parallel', parallel_workers=16, event_handlers=None, ignore_user_meta=False, metas=['./colcon.meta'], base_paths=['.'], packages_ignore=None, packages_ignore_regex=None, paths=None, packages_up_to=None, packages_up_to_regex=None, packages_above=None, packages_above_and_dependencies=None, packages_above_depth=None, packages_select_by_dep=None, packages_skip_by_dep=None, packages_skip_up_to=None, packages_select_build_failed=False, packages_skip_build_finished=False, packages_select_test_failures=False, packages_skip_test_passed=False, packages_select=None, packages_skip=None, packages_select_regex=None, packages_skip_regex=None, packages_start=None, packages_end=None, allow_overriding=[], cmake_args=None, cmake_target=None, cmake_target_skip_unavailable=False, cmake_clean_cache=False, cmake_clean_first=False, cmake_force_configure=False, ament_cmake_args=None, catkin_cmake_args=None, catkin_skip_building_tests=False, verb_parser=<colcon_defaults.argument_parser.defaults.DefaultArgumentsDecorator object at 0x7bdcc0414580>, verb_extension=<colcon_core.verb.build.BuildVerb object at 0x7bdcc03e7f70>, main=<bound method BuildVerb.main of <colcon_core.verb.build.BuildVerb object at 0x7bdcc03e7f70>>)
[0.384s] Level 1:colcon.colcon_core.package_discovery:discover_packages(colcon_meta) check parameters
[0.384s] Level 1:colcon.colcon_core.package_discovery:discover_packages(recursive) check parameters
[0.384s] Level 1:colcon.colcon_core.package_discovery:discover_packages(ignore) check parameters
[0.384s] Level 1:colcon.colcon_core.package_discovery:discover_packages(path) check parameters
[0.384s] Level 1:colcon.colcon_core.package_discovery:discover_packages(colcon_meta) discover
[0.384s] Level 1:colcon.colcon_core.package_discovery:discover_packages(recursive) discover
[0.385s] INFO:colcon.colcon_core.package_discovery:Crawling recursively for packages in '/home/ibrahim/RobotArm'
[0.385s] Level 1:colcon.colcon_core.package_identification:_identify(.) by extensions ['ignore', 'ignore_ament_install']
[0.385s] Level 1:colcon.colcon_core.package_identification:_identify(.) by extension 'ignore'
[0.385s] Level 1:colcon.colcon_core.package_identification:_identify(.) by extension 'ignore_ament_install'
[0.385s] Level 1:colcon.colcon_core.package_identification:_identify(.) by extensions ['colcon_pkg']
[0.385s] Level 1:colcon.colcon_core.package_identification:_identify(.) by extension 'colcon_pkg'
[0.385s] Level 1:colcon.colcon_core.package_identification:_identify(.) by extensions ['colcon_meta']
[0.385s] Level 1:colcon.colcon_core.package_identification:_identify(.) by extension 'colcon_meta'
[0.385s] Level 1:colcon.colcon_core.package_identification:_identify(.) by extensions ['ros']
[0.385s] Level 1:colcon.colcon_core.package_identification:_identify(.) by extension 'ros'
[0.399s] Level 1:colcon.colcon_core.package_identification:_identify(.) by extensions ['cmake', 'python']
[0.399s] Level 1:colcon.colcon_core.package_identification:_identify(.) by extension 'cmake'
[0.399s] Level 1:colcon.colcon_core.package_identification:_identify(.) by extension 'python'
[0.399s] Level 1:colcon.colcon_core.package_identification:_identify(.) by extensions ['python_setup_py']
[0.399s] Level 1:colcon.colcon_core.package_identification:_identify(.) by extension 'python_setup_py'
[0.400s] Level 1:colcon.colcon_core.package_identification:_identify(build) by extensions ['ignore', 'ignore_ament_install']
[0.400s] Level 1:colcon.colcon_core.package_identification:_identify(build) by extension 'ignore'
[0.400s] Level 1:colcon.colcon_core.package_identification:_identify(build) ignored
[0.400s] Level 1:colcon.colcon_core.package_identification:_identify(install) by extensions ['ignore', 'ignore_ament_install']
[0.400s] Level 1:colcon.colcon_core.package_identification:_identify(install) by extension 'ignore'
[0.400s] Level 1:colcon.colcon_core.package_identification:_identify(install) ignored
[0.400s] Level 1:colcon.colcon_core.package_identification:_identify(log) by extensions ['ignore', 'ignore_ament_install']
[0.400s] Level 1:colcon.colcon_core.package_identification:_identify(log) by extension 'ignore'
[0.401s] Level 1:colcon.colcon_core.package_identification:_identify(log) ignored
[0.401s] Level 1:colcon.colcon_core.package_identification:_identify(src) by extensions ['ignore', 'ignore_ament_install']
[0.401s] Level 1:colcon.colcon_core.package_identification:_identify(src) by extension 'ignore'
[0.401s] Level 1:colcon.colcon_core.package_identification:_identify(src) by extension 'ignore_ament_install'
[0.401s] Level 1:colcon.colcon_core.package_identification:_identify(src) by extensions ['colcon_pkg']
[0.401s] Level 1:colcon.colcon_core.package_identification:_identify(src) by extension 'colcon_pkg'
[0.401s] Level 1:colcon.colcon_core.package_identification:_identify(src) by extensions ['colcon_meta']
[0.401s] Level 1:colcon.colcon_core.package_identification:_identify(src) by extension 'colcon_meta'
[0.401s] Level 1:colcon.colcon_core.package_identification:_identify(src) by extensions ['ros']
[0.401s] Level 1:colcon.colcon_core.package_identification:_identify(src) by extension 'ros'
[0.401s] Level 1:colcon.colcon_core.package_identification:_identify(src) by extensions ['cmake', 'python']
[0.401s] Level 1:colcon.colcon_core.package_identification:_identify(src) by extension 'cmake'
[0.402s] Level 1:colcon.colcon_core.package_identification:_identify(src) by extension 'python'
[0.402s] Level 1:colcon.colcon_core.package_identification:_identify(src) by extensions ['python_setup_py']
[0.402s] Level 1:colcon.colcon_core.package_identification:_identify(src) by extension 'python_setup_py'
[0.402s] Level 1:colcon.colcon_core.package_identification:_identify(src/action_interfaces) by extensions ['ignore', 'ignore_ament_install']
[0.402s] Level 1:colcon.colcon_core.package_identification:_identify(src/action_interfaces) by extension 'ignore'
[0.402s] Level 1:colcon.colcon_core.package_identification:_identify(src/action_interfaces) by extension 'ignore_ament_install'
[0.402s] Level 1:colcon.colcon_core.package_identification:_identify(src/action_interfaces) by extensions ['colcon_pkg']
[0.402s] Level 1:colcon.colcon_core.package_identification:_identify(src/action_interfaces) by extension 'colcon_pkg'
[0.402s] Level 1:colcon.colcon_core.package_identification:_identify(src/action_interfaces) by extensions ['colcon_meta']
[0.402s] Level 1:colcon.colcon_core.package_identification:_identify(src/action_interfaces) by extension 'colcon_meta'
[0.402s] Level 1:colcon.colcon_core.package_identification:_identify(src/action_interfaces) by extensions ['ros']
[0.402s] Level 1:colcon.colcon_core.package_identification:_identify(src/action_interfaces) by extension 'ros'
[0.404s] DEBUG:colcon.colcon_core.package_identification:Package 'src/action_interfaces' with type 'ros.ament_cmake' and name 'action_interfaces'
[0.404s] Level 1:colcon.colcon_core.package_identification:_identify(src/main_arm_package) by extensions ['ignore', 'ignore_ament_install']
[0.405s] Level 1:colcon.colcon_core.package_identification:_identify(src/main_arm_package) by extension 'ignore'
[0.405s] Level 1:colcon.colcon_core.package_identification:_identify(src/main_arm_package) by extension 'ignore_ament_install'
[0.405s] Level 1:colcon.colcon_core.package_identification:_identify(src/main_arm_package) by extensions ['colcon_pkg']
[0.405s] Level 1:colcon.colcon_core.package_identification:_identify(src/main_arm_package) by extension 'colcon_pkg'
[0.405s] Level 1:colcon.colcon_core.package_identification:_identify(src/main_arm_package) by extensions ['colcon_meta']
[0.405s] Level 1:colcon.colcon_core.package_identification:_identify(src/main_arm_package) by extension 'colcon_meta'
[0.405s] Level 1:colcon.colcon_core.package_identification:_identify(src/main_arm_package) by extensions ['ros']
[0.405s] Level 1:colcon.colcon_core.package_identification:_identify(src/main_arm_package) by extension 'ros'
[0.406s] DEBUG:colcon.colcon_core.package_identification:Package 'src/main_arm_package' with type 'ros.ament_cmake' and name 'main_arm_package'
[0.406s] Level 1:colcon.colcon_core.package_discovery:discover_packages(recursive) using defaults
[0.406s] Level 1:colcon.colcon_core.package_discovery:discover_packages(ignore) discover
[0.406s] Level 1:colcon.colcon_core.package_discovery:discover_packages(ignore) using defaults
[0.407s] Level 1:colcon.colcon_core.package_discovery:discover_packages(path) discover
[0.407s] Level 1:colcon.colcon_core.package_discovery:discover_packages(path) using defaults
[0.429s] Level 1:colcon.colcon_core.package_discovery:discover_packages(prefix_path) check parameters
[0.429s] Level 1:colcon.colcon_core.package_discovery:discover_packages(prefix_path) discover
[0.431s] WARNING:colcon.colcon_ros.prefix_path.ament:The path '/home/ibrahim/RobotArm/install/main_arm_package' in the environment variable AMENT_PREFIX_PATH doesn't exist
[0.431s] WARNING:colcon.colcon_ros.prefix_path.ament:The path '/home/ibrahim/RobotArm/install/action_interfaces' in the environment variable AMENT_PREFIX_PATH doesn't exist
[0.432s] WARNING:colcon.colcon_ros.prefix_path.catkin:The path '/home/ibrahim/RobotArm/install/main_arm_package' in the environment variable CMAKE_PREFIX_PATH doesn't exist
[0.432s] WARNING:colcon.colcon_ros.prefix_path.catkin:The path '/home/ibrahim/RobotArm/install/action_interfaces' in the environment variable CMAKE_PREFIX_PATH doesn't exist
[0.433s] DEBUG:colcon.colcon_installed_package_information.package_discovery:Found 0 installed packages in /home/ibrahim/RobotArm/install
[0.433s] DEBUG:colcon.colcon_installed_package_information.package_discovery:Found 1 installed packages in /home/ibrahim/TF2Sample/install
[0.433s] DEBUG:colcon.colcon_installed_package_information.package_discovery:Found 2 installed packages in /home/ibrahim/RobotNav/install
[0.434s] DEBUG:colcon.colcon_installed_package_information.package_discovery:Found 1 installed packages in /home/ibrahim/RobotMonitor/install
[0.434s] DEBUG:colcon.colcon_installed_package_information.package_discovery:Found 2 installed packages in /home/ibrahim/ros2_ws/install
[0.436s] DEBUG:colcon.colcon_installed_package_information.package_discovery:Found 381 installed packages in /opt/ros/humble
[0.454s] Level 1:colcon.colcon_core.package_discovery:discover_packages(prefix_path) using defaults
[0.509s] Level 5:colcon.colcon_core.verb:set package 'action_interfaces' build argument 'cmake_args' from command line to 'None'
[0.509s] Level 5:colcon.colcon_core.verb:set package 'action_interfaces' build argument 'cmake_target' from command line to 'None'
[0.509s] Level 5:colcon.colcon_core.verb:set package 'action_interfaces' build argument 'cmake_target_skip_unavailable' from command line to 'False'
[0.509s] Level 5:colcon.colcon_core.verb:set package 'action_interfaces' build argument 'cmake_clean_cache' from command line to 'False'
[0.509s] Level 5:colcon.colcon_core.verb:set package 'action_interfaces' build argument 'cmake_clean_first' from command line to 'False'
[0.509s] Level 5:colcon.colcon_core.verb:set package 'action_interfaces' build argument 'cmake_force_configure' from command line to 'False'
[0.509s] Level 5:colcon.colcon_core.verb:set package 'action_interfaces' build argument 'ament_cmake_args' from command line to 'None'
[0.509s] Level 5:colcon.colcon_core.verb:set package 'action_interfaces' build argument 'catkin_cmake_args' from command line to 'None'
[0.509s] Level 5:colcon.colcon_core.verb:set package 'action_interfaces' build argument 'catkin_skip_building_tests' from command line to 'False'
[0.509s] DEBUG:colcon.colcon_core.verb:Building package 'action_interfaces' with the following arguments: {'ament_cmake_args': None, 'build_base': '/home/ibrahim/RobotArm/build/action_interfaces', 'catkin_cmake_args': None, 'catkin_skip_building_tests': False, 'cmake_args': None, 'cmake_clean_cache': False, 'cmake_clean_first': False, 'cmake_force_configure': False, 'cmake_target': None, 'cmake_target_skip_unavailable': False, 'install_base': '/home/ibrahim/RobotArm/install/action_interfaces', 'merge_install': False, 'path': '/home/ibrahim/RobotArm/src/action_interfaces', 'symlink_install': False, 'test_result_base': None}
[0.509s] Level 5:colcon.colcon_core.verb:set package 'main_arm_package' build argument 'cmake_args' from command line to 'None'
[0.509s] Level 5:colcon.colcon_core.verb:set package 'main_arm_package' build argument 'cmake_target' from command line to 'None'
[0.510s] Level 5:colcon.colcon_core.verb:set package 'main_arm_package' build argument 'cmake_target_skip_unavailable' from command line to 'False'
[0.510s] Level 5:colcon.colcon_core.verb:set package 'main_arm_package' build argument 'cmake_clean_cache' from command line to 'False'
[0.510s] Level 5:colcon.colcon_core.verb:set package 'main_arm_package' build argument 'cmake_clean_first' from command line to 'False'
[0.510s] Level 5:colcon.colcon_core.verb:set package 'main_arm_package' build argument 'cmake_force_configure' from command line to 'False'
[0.510s] Level 5:colcon.colcon_core.verb:set package 'main_arm_package' build argument 'ament_cmake_args' from command line to 'None'
[0.510s] Level 5:colcon.colcon_core.verb:set package 'main_arm_package' build argument 'catkin_cmake_args' from command line to 'None'
[0.510s] Level 5:colcon.colcon_core.verb:set package 'main_arm_package' build argument 'catkin_skip_building_tests' from command line to 'False'
[0.510s] DEBUG:colcon.colcon_core.verb:Building package 'main_arm_package' with the following arguments: {'ament_cmake_args': None, 'build_base': '/home/ibrahim/RobotArm/build/main_arm_package', 'catkin_cmake_args': None, 'catkin_skip_building_tests': False, 'cmake_args': None, 'cmake_clean_cache': False, 'cmake_clean_first': False, 'cmake_force_configure': False, 'cmake_target': None, 'cmake_target_skip_unavailable': False, 'install_base': '/home/ibrahim/RobotArm/install/main_arm_package', 'merge_install': False, 'path': '/home/ibrahim/RobotArm/src/main_arm_package', 'symlink_install': False, 'test_result_base': None}
[0.510s] INFO:colcon.colcon_core.executor:Executing jobs using 'parallel' executor
[0.511s] DEBUG:colcon.colcon_parallel_executor.executor.parallel:run_until_complete
[0.511s] INFO:colcon.colcon_ros.task.ament_cmake.build:Building ROS package in '/home/ibrahim/RobotArm/src/action_interfaces' with build type 'ament_cmake'
[0.511s] INFO:colcon.colcon_cmake.task.cmake.build:Building CMake package in '/home/ibrahim/RobotArm/src/action_interfaces'
[0.513s] INFO:colcon.colcon_core.plugin_system:Skipping extension 'colcon_core.shell.bat': Not used on non-Windows systems
[0.514s] INFO:colcon.colcon_core.shell:Skip shell extension 'powershell' for command environment: Not usable outside of PowerShell
[0.514s] DEBUG:colcon.colcon_core.shell:Skip shell extension 'dsv' for command environment
[0.530s] DEBUG:colcon.colcon_core.event_handler.log_command:Invoking command in '/home/ibrahim/RobotArm/build/action_interfaces': CMAKE_PREFIX_PATH=${CMAKE_PREFIX_PATH}:/opt/ros/humble /usr/bin/cmake /home/ibrahim/RobotArm/src/action_interfaces -DCMAKE_INSTALL_PREFIX=/home/ibrahim/RobotArm/install/action_interfaces
[4.275s] DEBUG:colcon.colcon_core.event_handler.log_command:Invoked command in '/home/ibrahim/RobotArm/build/action_interfaces' returned '0': CMAKE_PREFIX_PATH=${CMAKE_PREFIX_PATH}:/opt/ros/humble /usr/bin/cmake /home/ibrahim/RobotArm/src/action_interfaces -DCMAKE_INSTALL_PREFIX=/home/ibrahim/RobotArm/install/action_interfaces
[4.278s] DEBUG:colcon.colcon_core.event_handler.log_command:Invoking command in '/home/ibrahim/RobotArm/build/action_interfaces': CMAKE_PREFIX_PATH=${CMAKE_PREFIX_PATH}:/opt/ros/humble /usr/bin/cmake --build /home/ibrahim/RobotArm/build/action_interfaces -- -j16 -l16
[8.041s] DEBUG:colcon.colcon_core.event_handler.log_command:Invoked command in '/home/ibrahim/RobotArm/build/action_interfaces' returned '0': CMAKE_PREFIX_PATH=${CMAKE_PREFIX_PATH}:/opt/ros/humble /usr/bin/cmake --build /home/ibrahim/RobotArm/build/action_interfaces -- -j16 -l16
[8.056s] DEBUG:colcon.colcon_core.event_handler.log_command:Invoking command in '/home/ibrahim/RobotArm/build/action_interfaces': CMAKE_PREFIX_PATH=${CMAKE_PREFIX_PATH}:/opt/ros/humble /usr/bin/cmake --install /home/ibrahim/RobotArm/build/action_interfaces
[8.192s] Level 1:colcon.colcon_core.environment:create_environment_scripts_only(action_interfaces)
[8.192s] DEBUG:colcon.colcon_core.event_handler.log_command:Invoked command in '/home/ibrahim/RobotArm/build/action_interfaces' returned '0': CMAKE_PREFIX_PATH=${CMAKE_PREFIX_PATH}:/opt/ros/humble /usr/bin/cmake --install /home/ibrahim/RobotArm/build/action_interfaces
[8.194s] Level 1:colcon.colcon_core.environment:checking '/home/ibrahim/RobotArm/install/action_interfaces' for CMake module files
[8.195s] Level 1:colcon.colcon_core.environment:checking '/home/ibrahim/RobotArm/install/action_interfaces' for CMake config files
[8.196s] Level 1:colcon.colcon_core.shell:create_environment_hook('action_interfaces', 'cmake_prefix_path')
[8.196s] INFO:colcon.colcon_core.shell:Creating environment hook '/home/ibrahim/RobotArm/install/action_interfaces/share/action_interfaces/hook/cmake_prefix_path.ps1'
[8.197s] INFO:colcon.colcon_core.shell:Creating environment descriptor '/home/ibrahim/RobotArm/install/action_interfaces/share/action_interfaces/hook/cmake_prefix_path.dsv'
[8.198s] INFO:colcon.colcon_core.shell:Creating environment hook '/home/ibrahim/RobotArm/install/action_interfaces/share/action_interfaces/hook/cmake_prefix_path.sh'
[8.199s] Level 1:colcon.colcon_core.environment:checking '/home/ibrahim/RobotArm/install/action_interfaces/lib'
[8.199s] Level 1:colcon.colcon_core.shell:create_environment_hook('action_interfaces', 'ld_library_path_lib')
[8.199s] INFO:colcon.colcon_core.shell:Creating environment hook '/home/ibrahim/RobotArm/install/action_interfaces/share/action_interfaces/hook/ld_library_path_lib.ps1'
[8.200s] INFO:colcon.colcon_core.shell:Creating environment descriptor '/home/ibrahim/RobotArm/install/action_interfaces/share/action_interfaces/hook/ld_library_path_lib.dsv'
[8.200s] INFO:colcon.colcon_core.shell:Creating environment hook '/home/ibrahim/RobotArm/install/action_interfaces/share/action_interfaces/hook/ld_library_path_lib.sh'
[8.200s] Level 1:colcon.colcon_core.environment:checking '/home/ibrahim/RobotArm/install/action_interfaces/bin'
[8.200s] Level 1:colcon.colcon_core.environment:checking '/home/ibrahim/RobotArm/install/action_interfaces/lib/pkgconfig/action_interfaces.pc'
[8.201s] Level 1:colcon.colcon_core.environment:checking '/home/ibrahim/RobotArm/install/action_interfaces/lib/python3.10/site-packages'
[8.201s] Level 1:colcon.colcon_core.environment:checking '/home/ibrahim/RobotArm/install/action_interfaces/bin'
[8.201s] INFO:colcon.colcon_core.shell:Creating package script '/home/ibrahim/RobotArm/install/action_interfaces/share/action_interfaces/package.ps1'
[8.203s] INFO:colcon.colcon_core.shell:Creating package descriptor '/home/ibrahim/RobotArm/install/action_interfaces/share/action_interfaces/package.dsv'
[8.203s] INFO:colcon.colcon_core.shell:Creating package script '/home/ibrahim/RobotArm/install/action_interfaces/share/action_interfaces/package.sh'
[8.204s] INFO:colcon.colcon_core.shell:Creating package script '/home/ibrahim/RobotArm/install/action_interfaces/share/action_interfaces/package.bash'
[8.204s] INFO:colcon.colcon_core.shell:Creating package script '/home/ibrahim/RobotArm/install/action_interfaces/share/action_interfaces/package.zsh'
[8.205s] Level 1:colcon.colcon_core.environment:create_file_with_runtime_dependencies(/home/ibrahim/RobotArm/install/action_interfaces/share/colcon-core/packages/action_interfaces)
[8.206s] Level 1:colcon.colcon_core.environment:create_environment_scripts_only(action_interfaces)
[8.206s] Level 1:colcon.colcon_core.environment:checking '/home/ibrahim/RobotArm/install/action_interfaces' for CMake module files
[8.207s] Level 1:colcon.colcon_core.environment:checking '/home/ibrahim/RobotArm/install/action_interfaces' for CMake config files
[8.208s] Level 1:colcon.colcon_core.shell:create_environment_hook('action_interfaces', 'cmake_prefix_path')
[8.208s] INFO:colcon.colcon_core.shell:Creating environment hook '/home/ibrahim/RobotArm/install/action_interfaces/share/action_interfaces/hook/cmake_prefix_path.ps1'
[8.208s] INFO:colcon.colcon_core.shell:Creating environment descriptor '/home/ibrahim/RobotArm/install/action_interfaces/share/action_interfaces/hook/cmake_prefix_path.dsv'
[8.209s] INFO:colcon.colcon_core.shell:Creating environment hook '/home/ibrahim/RobotArm/install/action_interfaces/share/action_interfaces/hook/cmake_prefix_path.sh'
[8.210s] Level 1:colcon.colcon_core.environment:checking '/home/ibrahim/RobotArm/install/action_interfaces/lib'
[8.210s] Level 1:colcon.colcon_core.shell:create_environment_hook('action_interfaces', 'ld_library_path_lib')
[8.210s] INFO:colcon.colcon_core.shell:Creating environment hook '/home/ibrahim/RobotArm/install/action_interfaces/share/action_interfaces/hook/ld_library_path_lib.ps1'
[8.211s] INFO:colcon.colcon_core.shell:Creating environment descriptor '/home/ibrahim/RobotArm/install/action_interfaces/share/action_interfaces/hook/ld_library_path_lib.dsv'
[8.211s] INFO:colcon.colcon_core.shell:Creating environment hook '/home/ibrahim/RobotArm/install/action_interfaces/share/action_interfaces/hook/ld_library_path_lib.sh'
[8.212s] Level 1:colcon.colcon_core.environment:checking '/home/ibrahim/RobotArm/install/action_interfaces/bin'
[8.212s] Level 1:colcon.colcon_core.environment:checking '/home/ibrahim/RobotArm/install/action_interfaces/lib/pkgconfig/action_interfaces.pc'
[8.212s] Level 1:colcon.colcon_core.environment:checking '/home/ibrahim/RobotArm/install/action_interfaces/lib/python3.10/site-packages'
[8.212s] Level 1:colcon.colcon_core.environment:checking '/home/ibrahim/RobotArm/install/action_interfaces/bin'
[8.213s] INFO:colcon.colcon_core.shell:Creating package script '/home/ibrahim/RobotArm/install/action_interfaces/share/action_interfaces/package.ps1'
[8.213s] INFO:colcon.colcon_core.shell:Creating package descriptor '/home/ibrahim/RobotArm/install/action_interfaces/share/action_interfaces/package.dsv'
[8.214s] INFO:colcon.colcon_core.shell:Creating package script '/home/ibrahim/RobotArm/install/action_interfaces/share/action_interfaces/package.sh'
[8.214s] INFO:colcon.colcon_core.shell:Creating package script '/home/ibrahim/RobotArm/install/action_interfaces/share/action_interfaces/package.bash'
[8.215s] INFO:colcon.colcon_core.shell:Creating package script '/home/ibrahim/RobotArm/install/action_interfaces/share/action_interfaces/package.zsh'
[8.215s] Level 1:colcon.colcon_core.environment:create_file_with_runtime_dependencies(/home/ibrahim/RobotArm/install/action_interfaces/share/colcon-core/packages/action_interfaces)
[8.216s] INFO:colcon.colcon_ros.task.ament_cmake.build:Building ROS package in '/home/ibrahim/RobotArm/src/main_arm_package' with build type 'ament_cmake'
[8.216s] INFO:colcon.colcon_cmake.task.cmake.build:Building CMake package in '/home/ibrahim/RobotArm/src/main_arm_package'
[8.217s] INFO:colcon.colcon_core.shell:Skip shell extension 'powershell' for command environment: Not usable outside of PowerShell
[8.217s] DEBUG:colcon.colcon_core.shell:Skip shell extension 'dsv' for command environment
[8.331s] DEBUG:colcon.colcon_core.event_handler.log_command:Invoking command in '/home/ibrahim/RobotArm/build/main_arm_package': CMAKE_PREFIX_PATH=/home/ibrahim/RobotArm/install/action_interfaces:/home/ibrahim/RobotNav/install/main_robot_nodes:/home/ibrahim/RobotNav/install/action_interfaces:/home/ibrahim/RobotArm/install/main_arm_package:/home/ibrahim/TF2Sample/install/tf2sim:/home/ibrahim/ros2_ws/install/my_first_package:/home/ibrahim/ros2_ws/install/action_interfaces:/home/ibrahim/RobotMonitor/install/Robot3Node_Package:/opt/ros/humble LD_LIBRARY_PATH=/home/ibrahim/RobotArm/install/action_interfaces/lib:/home/ibrahim/RobotNav/install/action_interfaces/lib:/home/ibrahim/ros2_ws/install/action_interfaces/lib:/usr/lib/x86_64-linux-gnu/gazebo-11/plugins:/opt/ros/humble/opt/rviz_ogre_vendor/lib:/opt/ros/humble/lib/x86_64-linux-gnu:/opt/ros/humble/lib /usr/bin/cmake /home/ibrahim/RobotArm/src/main_arm_package -DCMAKE_INSTALL_PREFIX=/home/ibrahim/RobotArm/install/main_arm_package
[17.524s] DEBUG:colcon.colcon_core.event_handler.log_command:Invoked command in '/home/ibrahim/RobotArm/build/main_arm_package' returned '0': CMAKE_PREFIX_PATH=/home/ibrahim/RobotArm/install/action_interfaces:/home/ibrahim/RobotNav/install/main_robot_nodes:/home/ibrahim/RobotNav/install/action_interfaces:/home/ibrahim/RobotArm/install/main_arm_package:/home/ibrahim/TF2Sample/install/tf2sim:/home/ibrahim/ros2_ws/install/my_first_package:/home/ibrahim/ros2_ws/install/action_interfaces:/home/ibrahim/RobotMonitor/install/Robot3Node_Package:/opt/ros/humble LD_LIBRARY_PATH=/home/ibrahim/RobotArm/install/action_interfaces/lib:/home/ibrahim/RobotNav/install/action_interfaces/lib:/home/ibrahim/ros2_ws/install/action_interfaces/lib:/usr/lib/x86_64-linux-gnu/gazebo-11/plugins:/opt/ros/humble/opt/rviz_ogre_vendor/lib:/opt/ros/humble/lib/x86_64-linux-gnu:/opt/ros/humble/lib /usr/bin/cmake /home/ibrahim/RobotArm/src/main_arm_package -DCMAKE_INSTALL_PREFIX=/home/ibrahim/RobotArm/install/main_arm_package
[17.525s] DEBUG:colcon.colcon_core.event_handler.log_command:Invoking command in '/home/ibrahim/RobotArm/build/main_arm_package': CMAKE_PREFIX_PATH=/home/ibrahim/RobotArm/install/action_interfaces:/home/ibrahim/RobotNav/install/main_robot_nodes:/home/ibrahim/RobotNav/install/action_interfaces:/home/ibrahim/RobotArm/install/main_arm_package:/home/ibrahim/TF2Sample/install/tf2sim:/home/ibrahim/ros2_ws/install/my_first_package:/home/ibrahim/ros2_ws/install/action_interfaces:/home/ibrahim/RobotMonitor/install/Robot3Node_Package:/opt/ros/humble LD_LIBRARY_PATH=/home/ibrahim/RobotArm/install/action_interfaces/lib:/home/ibrahim/RobotNav/install/action_interfaces/lib:/home/ibrahim/ros2_ws/install/action_interfaces/lib:/usr/lib/x86_64-linux-gnu/gazebo-11/plugins:/opt/ros/humble/opt/rviz_ogre_vendor/lib:/opt/ros/humble/lib/x86_64-linux-gnu:/opt/ros/humble/lib /usr/bin/cmake --build /home/ibrahim/RobotArm/build/main_arm_package -- -j16 -l16
[31.165s] DEBUG:colcon.colcon_core.event_handler.log_command:Invoked command in '/home/ibrahim/RobotArm/build/main_arm_package' returned '0': CMAKE_PREFIX_PATH=/home/ibrahim/RobotArm/install/action_interfaces:/home/ibrahim/RobotNav/install/main_robot_nodes:/home/ibrahim/RobotNav/install/action_interfaces:/home/ibrahim/RobotArm/install/main_arm_package:/home/ibrahim/TF2Sample/install/tf2sim:/home/ibrahim/ros2_ws/install/my_first_package:/home/ibrahim/ros2_ws/install/action_interfaces:/home/ibrahim/RobotMonitor/install/Robot3Node_Package:/opt/ros/humble LD_LIBRARY_PATH=/home/ibrahim/RobotArm/install/action_interfaces/lib:/home/ibrahim/RobotNav/install/action_interfaces/lib:/home/ibrahim/ros2_ws/install/action_interfaces/lib:/usr/lib/x86_64-linux-gnu/gazebo-11/plugins:/opt/ros/humble/opt/rviz_ogre_vendor/lib:/opt/ros/humble/lib/x86_64-linux-gnu:/opt/ros/humble/lib /usr/bin/cmake --build /home/ibrahim/RobotArm/build/main_arm_package -- -j16 -l16
[31.167s] DEBUG:colcon.colcon_core.event_handler.log_command:Invoking command in '/home/ibrahim/RobotArm/build/main_arm_package': CMAKE_PREFIX_PATH=/home/ibrahim/RobotArm/install/action_interfaces:/home/ibrahim/RobotNav/install/main_robot_nodes:/home/ibrahim/RobotNav/install/action_interfaces:/home/ibrahim/RobotArm/install/main_arm_package:/home/ibrahim/TF2Sample/install/tf2sim:/home/ibrahim/ros2_ws/install/my_first_package:/home/ibrahim/ros2_ws/install/action_interfaces:/home/ibrahim/RobotMonitor/install/Robot3Node_Package:/opt/ros/humble LD_LIBRARY_PATH=/home/ibrahim/RobotArm/install/action_interfaces/lib:/home/ibrahim/RobotNav/install/action_interfaces/lib:/home/ibrahim/ros2_ws/install/action_interfaces/lib:/usr/lib/x86_64-linux-gnu/gazebo-11/plugins:/opt/ros/humble/opt/rviz_ogre_vendor/lib:/opt/ros/humble/lib/x86_64-linux-gnu:/opt/ros/humble/lib /usr/bin/cmake --install /home/ibrahim/RobotArm/build/main_arm_package
[31.218s] Level 1:colcon.colcon_core.environment:create_environment_scripts_only(main_arm_package)
[31.218s] Level 1:colcon.colcon_core.environment:checking '/home/ibrahim/RobotArm/install/main_arm_package' for CMake module files
[31.219s] DEBUG:colcon.colcon_core.event_handler.log_command:Invoked command in '/home/ibrahim/RobotArm/build/main_arm_package' returned '0': CMAKE_PREFIX_PATH=/home/ibrahim/RobotArm/install/action_interfaces:/home/ibrahim/RobotNav/install/main_robot_nodes:/home/ibrahim/RobotNav/install/action_interfaces:/home/ibrahim/RobotArm/install/main_arm_package:/home/ibrahim/TF2Sample/install/tf2sim:/home/ibrahim/ros2_ws/install/my_first_package:/home/ibrahim/ros2_ws/install/action_interfaces:/home/ibrahim/RobotMonitor/install/Robot3Node_Package:/opt/ros/humble LD_LIBRARY_PATH=/home/ibrahim/RobotArm/install/action_interfaces/lib:/home/ibrahim/RobotNav/install/action_interfaces/lib:/home/ibrahim/ros2_ws/install/action_interfaces/lib:/usr/lib/x86_64-linux-gnu/gazebo-11/plugins:/opt/ros/humble/opt/rviz_ogre_vendor/lib:/opt/ros/humble/lib/x86_64-linux-gnu:/opt/ros/humble/lib /usr/bin/cmake --install /home/ibrahim/RobotArm/build/main_arm_package
[31.219s] Level 1:colcon.colcon_core.environment:checking '/home/ibrahim/RobotArm/install/main_arm_package' for CMake config files
[31.220s] Level 1:colcon.colcon_core.shell:create_environment_hook('main_arm_package', 'cmake_prefix_path')
[31.220s] INFO:colcon.colcon_core.shell:Creating environment hook '/home/ibrahim/RobotArm/install/main_arm_package/share/main_arm_package/hook/cmake_prefix_path.ps1'
[31.221s] INFO:colcon.colcon_core.shell:Creating environment descriptor '/home/ibrahim/RobotArm/install/main_arm_package/share/main_arm_package/hook/cmake_prefix_path.dsv'
[31.221s] INFO:colcon.colcon_core.shell:Creating environment hook '/home/ibrahim/RobotArm/install/main_arm_package/share/main_arm_package/hook/cmake_prefix_path.sh'
[31.222s] Level 1:colcon.colcon_core.environment:checking '/home/ibrahim/RobotArm/install/main_arm_package/lib'
[31.222s] Level 1:colcon.colcon_core.environment:checking '/home/ibrahim/RobotArm/install/main_arm_package/bin'
[31.222s] Level 1:colcon.colcon_core.environment:checking '/home/ibrahim/RobotArm/install/main_arm_package/lib/pkgconfig/main_arm_package.pc'
[31.222s] Level 1:colcon.colcon_core.environment:checking '/home/ibrahim/RobotArm/install/main_arm_package/lib/python3.10/site-packages'
[31.223s] Level 1:colcon.colcon_core.environment:checking '/home/ibrahim/RobotArm/install/main_arm_package/bin'
[31.223s] INFO:colcon.colcon_core.shell:Creating package script '/home/ibrahim/RobotArm/install/main_arm_package/share/main_arm_package/package.ps1'
[31.224s] INFO:colcon.colcon_core.shell:Creating package descriptor '/home/ibrahim/RobotArm/install/main_arm_package/share/main_arm_package/package.dsv'
[31.224s] INFO:colcon.colcon_core.shell:Creating package script '/home/ibrahim/RobotArm/install/main_arm_package/share/main_arm_package/package.sh'
[31.225s] INFO:colcon.colcon_core.shell:Creating package script '/home/ibrahim/RobotArm/install/main_arm_package/share/main_arm_package/package.bash'
[31.225s] INFO:colcon.colcon_core.shell:Creating package script '/home/ibrahim/RobotArm/install/main_arm_package/share/main_arm_package/package.zsh'
[31.225s] Level 1:colcon.colcon_core.environment:create_file_with_runtime_dependencies(/home/ibrahim/RobotArm/install/main_arm_package/share/colcon-core/packages/main_arm_package)
[31.227s] Level 1:colcon.colcon_core.environment:create_environment_scripts_only(main_arm_package)
[31.228s] Level 1:colcon.colcon_core.environment:checking '/home/ibrahim/RobotArm/install/main_arm_package' for CMake module files
[31.228s] Level 1:colcon.colcon_core.environment:checking '/home/ibrahim/RobotArm/install/main_arm_package' for CMake config files
[31.229s] Level 1:colcon.colcon_core.shell:create_environment_hook('main_arm_package', 'cmake_prefix_path')
[31.229s] INFO:colcon.colcon_core.shell:Creating environment hook '/home/ibrahim/RobotArm/install/main_arm_package/share/main_arm_package/hook/cmake_prefix_path.ps1'
[31.229s] INFO:colcon.colcon_core.shell:Creating environment descriptor '/home/ibrahim/RobotArm/install/main_arm_package/share/main_arm_package/hook/cmake_prefix_path.dsv'
[31.230s] INFO:colcon.colcon_core.shell:Creating environment hook '/home/ibrahim/RobotArm/install/main_arm_package/share/main_arm_package/hook/cmake_prefix_path.sh'
[31.232s] Level 1:colcon.colcon_core.environment:checking '/home/ibrahim/RobotArm/install/main_arm_package/lib'
[31.232s] Level 1:colcon.colcon_core.environment:checking '/home/ibrahim/RobotArm/install/main_arm_package/bin'
[31.232s] Level 1:colcon.colcon_core.environment:checking '/home/ibrahim/RobotArm/install/main_arm_package/lib/pkgconfig/main_arm_package.pc'
[31.232s] Level 1:colcon.colcon_core.environment:checking '/home/ibrahim/RobotArm/install/main_arm_package/lib/python3.10/site-packages'
[31.232s] Level 1:colcon.colcon_core.environment:checking '/home/ibrahim/RobotArm/install/main_arm_package/bin'
[31.233s] INFO:colcon.colcon_core.shell:Creating package script '/home/ibrahim/RobotArm/install/main_arm_package/share/main_arm_package/package.ps1'
[31.233s] INFO:colcon.colcon_core.shell:Creating package descriptor '/home/ibrahim/RobotArm/install/main_arm_package/share/main_arm_package/package.dsv'
[31.234s] INFO:colcon.colcon_core.shell:Creating package script '/home/ibrahim/RobotArm/install/main_arm_package/share/main_arm_package/package.sh'
[31.234s] INFO:colcon.colcon_core.shell:Creating package script '/home/ibrahim/RobotArm/install/main_arm_package/share/main_arm_package/package.bash'
[31.235s] INFO:colcon.colcon_core.shell:Creating package script '/home/ibrahim/RobotArm/install/main_arm_package/share/main_arm_package/package.zsh'
[31.236s] Level 1:colcon.colcon_core.environment:create_file_with_runtime_dependencies(/home/ibrahim/RobotArm/install/main_arm_package/share/colcon-core/packages/main_arm_package)
[31.236s] DEBUG:colcon.colcon_parallel_executor.executor.parallel:closing loop
[31.237s] DEBUG:colcon.colcon_parallel_executor.executor.parallel:loop closed
[31.237s] DEBUG:colcon.colcon_parallel_executor.executor.parallel:run_until_complete finished with '0'
[31.237s] DEBUG:colcon.colcon_core.event_reactor:joining thread
[31.286s] INFO:colcon.colcon_core.plugin_system:Skipping extension 'colcon_notification.desktop_notification.notify_send': Could not find 'notify-send'
[31.286s] INFO:colcon.colcon_core.plugin_system:Skipping extension 'colcon_notification.desktop_notification.terminal_notifier': Not used on non-Darwin systems
[31.286s] INFO:colcon.colcon_core.plugin_system:Skipping extension 'colcon_notification.desktop_notification.win32': Not used on non-Windows systems
[31.286s] INFO:colcon.colcon_notification.desktop_notification:Sending desktop notification using 'notify2'
[31.286s] DEBUG:colcon.colcon_notification.desktop_notification.notify2:Failed to initialize notify2: org.freedesktop.DBus.Error.FileNotFound: Failed to connect to socket /run/user/1000/bus: No such file or directory
[31.287s] DEBUG:colcon.colcon_core.event_reactor:joined thread
[31.287s] INFO:colcon.colcon_core.shell:Creating prefix script '/home/ibrahim/RobotArm/install/local_setup.ps1'
[31.288s] INFO:colcon.colcon_core.shell:Creating prefix util module '/home/ibrahim/RobotArm/install/_local_setup_util_ps1.py'
[31.289s] INFO:colcon.colcon_core.shell:Creating prefix chain script '/home/ibrahim/RobotArm/install/setup.ps1'
[31.290s] INFO:colcon.colcon_core.shell:Creating prefix script '/home/ibrahim/RobotArm/install/local_setup.sh'
[31.291s] INFO:colcon.colcon_core.shell:Creating prefix util module '/home/ibrahim/RobotArm/install/_local_setup_util_sh.py'
[31.291s] INFO:colcon.colcon_core.shell:Creating prefix chain script '/home/ibrahim/RobotArm/install/setup.sh'
[31.292s] INFO:colcon.colcon_core.shell:Creating prefix script '/home/ibrahim/RobotArm/install/local_setup.bash'
[31.293s] INFO:colcon.colcon_core.shell:Creating prefix chain script '/home/ibrahim/RobotArm/install/setup.bash'
[31.294s] INFO:colcon.colcon_core.shell:Creating prefix script '/home/ibrahim/RobotArm/install/local_setup.zsh'
[31.295s] INFO:colcon.colcon_core.shell:Creating prefix chain script '/home/ibrahim/RobotArm/install/setup.zsh'
