[0.491s] DEBUG:colcon:Command line arguments: ['/usr/bin/colcon', 'build']
[0.491s] DEBUG:colcon:Parsed command line arguments: Namespace(log_base=None, log_level=None, verb_name='build', build_base='build', install_base='install', merge_install=False, symlink_install=False, test_result_base=None, continue_on_error=False, executor='parallel', parallel_workers=16, event_handlers=None, ignore_user_meta=False, metas=['./colcon.meta'], base_paths=['.'], packages_ignore=None, packages_ignore_regex=None, paths=None, packages_up_to=None, packages_up_to_regex=None, packages_above=None, packages_above_and_dependencies=None, packages_above_depth=None, packages_select_by_dep=None, packages_skip_by_dep=None, packages_skip_up_to=None, packages_select_build_failed=False, packages_skip_build_finished=False, packages_select_test_failures=False, packages_skip_test_passed=False, packages_select=None, packages_skip=None, packages_select_regex=None, packages_skip_regex=None, packages_start=None, packages_end=None, allow_overriding=[], cmake_args=None, cmake_target=None, cmake_target_skip_unavailable=False, cmake_clean_cache=False, cmake_clean_first=False, cmake_force_configure=False, ament_cmake_args=None, catkin_cmake_args=None, catkin_skip_building_tests=False, verb_parser=<colcon_defaults.argument_parser.defaults.DefaultArgumentsDecorator object at 0x7b1c1cc489d0>, verb_extension=<colcon_core.verb.build.BuildVerb object at 0x7b1c1cd55ea0>, main=<bound method BuildVerb.main of <colcon_core.verb.build.BuildVerb object at 0x7b1c1cd55ea0>>)
[1.042s] Level 1:colcon.colcon_core.package_discovery:discover_packages(colcon_meta) check parameters
[1.042s] Level 1:colcon.colcon_core.package_discovery:discover_packages(recursive) check parameters
[1.042s] Level 1:colcon.colcon_core.package_discovery:discover_packages(ignore) check parameters
[1.042s] Level 1:colcon.colcon_core.package_discovery:discover_packages(path) check parameters
[1.042s] Level 1:colcon.colcon_core.package_discovery:discover_packages(colcon_meta) discover
[1.043s] Level 1:colcon.colcon_core.package_discovery:discover_packages(recursive) discover
[1.043s] INFO:colcon.colcon_core.package_discovery:Crawling recursively for packages in '/home/ibrahim/RobotArm'
[1.043s] Level 1:colcon.colcon_core.package_identification:_identify(.) by extensions ['ignore', 'ignore_ament_install']
[1.043s] Level 1:colcon.colcon_core.package_identification:_identify(.) by extension 'ignore'
[1.043s] Level 1:colcon.colcon_core.package_identification:_identify(.) by extension 'ignore_ament_install'
[1.043s] Level 1:colcon.colcon_core.package_identification:_identify(.) by extensions ['colcon_pkg']
[1.043s] Level 1:colcon.colcon_core.package_identification:_identify(.) by extension 'colcon_pkg'
[1.043s] Level 1:colcon.colcon_core.package_identification:_identify(.) by extensions ['colcon_meta']
[1.043s] Level 1:colcon.colcon_core.package_identification:_identify(.) by extension 'colcon_meta'
[1.044s] Level 1:colcon.colcon_core.package_identification:_identify(.) by extensions ['ros']
[1.044s] Level 1:colcon.colcon_core.package_identification:_identify(.) by extension 'ros'
[1.074s] Level 1:colcon.colcon_core.package_identification:_identify(.) by extensions ['cmake', 'python']
[1.074s] Level 1:colcon.colcon_core.package_identification:_identify(.) by extension 'cmake'
[1.075s] Level 1:colcon.colcon_core.package_identification:_identify(.) by extension 'python'
[1.075s] Level 1:colcon.colcon_core.package_identification:_identify(.) by extensions ['python_setup_py']
[1.075s] Level 1:colcon.colcon_core.package_identification:_identify(.) by extension 'python_setup_py'
[1.075s] Level 1:colcon.colcon_core.package_identification:_identify(build) by extensions ['ignore', 'ignore_ament_install']
[1.075s] Level 1:colcon.colcon_core.package_identification:_identify(build) by extension 'ignore'
[1.075s] Level 1:colcon.colcon_core.package_identification:_identify(build) ignored
[1.076s] Level 1:colcon.colcon_core.package_identification:_identify(install) by extensions ['ignore', 'ignore_ament_install']
[1.076s] Level 1:colcon.colcon_core.package_identification:_identify(install) by extension 'ignore'
[1.076s] Level 1:colcon.colcon_core.package_identification:_identify(install) ignored
[1.076s] Level 1:colcon.colcon_core.package_identification:_identify(log) by extensions ['ignore', 'ignore_ament_install']
[1.077s] Level 1:colcon.colcon_core.package_identification:_identify(log) by extension 'ignore'
[1.077s] Level 1:colcon.colcon_core.package_identification:_identify(log) ignored
[1.077s] Level 1:colcon.colcon_core.package_identification:_identify(src) by extensions ['ignore', 'ignore_ament_install']
[1.077s] Level 1:colcon.colcon_core.package_identification:_identify(src) by extension 'ignore'
[1.077s] Level 1:colcon.colcon_core.package_identification:_identify(src) by extension 'ignore_ament_install'
[1.077s] Level 1:colcon.colcon_core.package_identification:_identify(src) by extensions ['colcon_pkg']
[1.077s] Level 1:colcon.colcon_core.package_identification:_identify(src) by extension 'colcon_pkg'
[1.077s] Level 1:colcon.colcon_core.package_identification:_identify(src) by extensions ['colcon_meta']
[1.078s] Level 1:colcon.colcon_core.package_identification:_identify(src) by extension 'colcon_meta'
[1.078s] Level 1:colcon.colcon_core.package_identification:_identify(src) by extensions ['ros']
[1.078s] Level 1:colcon.colcon_core.package_identification:_identify(src) by extension 'ros'
[1.078s] Level 1:colcon.colcon_core.package_identification:_identify(src) by extensions ['cmake', 'python']
[1.078s] Level 1:colcon.colcon_core.package_identification:_identify(src) by extension 'cmake'
[1.078s] Level 1:colcon.colcon_core.package_identification:_identify(src) by extension 'python'
[1.078s] Level 1:colcon.colcon_core.package_identification:_identify(src) by extensions ['python_setup_py']
[1.078s] Level 1:colcon.colcon_core.package_identification:_identify(src) by extension 'python_setup_py'
[1.078s] Level 1:colcon.colcon_core.package_identification:_identify(src/action_interfaces) by extensions ['ignore', 'ignore_ament_install']
[1.079s] Level 1:colcon.colcon_core.package_identification:_identify(src/action_interfaces) by extension 'ignore'
[1.079s] Level 1:colcon.colcon_core.package_identification:_identify(src/action_interfaces) by extension 'ignore_ament_install'
[1.079s] Level 1:colcon.colcon_core.package_identification:_identify(src/action_interfaces) by extensions ['colcon_pkg']
[1.079s] Level 1:colcon.colcon_core.package_identification:_identify(src/action_interfaces) by extension 'colcon_pkg'
[1.079s] Level 1:colcon.colcon_core.package_identification:_identify(src/action_interfaces) by extensions ['colcon_meta']
[1.079s] Level 1:colcon.colcon_core.package_identification:_identify(src/action_interfaces) by extension 'colcon_meta'
[1.079s] Level 1:colcon.colcon_core.package_identification:_identify(src/action_interfaces) by extensions ['ros']
[1.079s] Level 1:colcon.colcon_core.package_identification:_identify(src/action_interfaces) by extension 'ros'
[1.084s] DEBUG:colcon.colcon_core.package_identification:Package 'src/action_interfaces' with type 'ros.ament_cmake' and name 'action_interfaces'
[1.085s] Level 1:colcon.colcon_core.package_identification:_identify(src/main_arm_package) by extensions ['ignore', 'ignore_ament_install']
[1.085s] Level 1:colcon.colcon_core.package_identification:_identify(src/main_arm_package) by extension 'ignore'
[1.085s] Level 1:colcon.colcon_core.package_identification:_identify(src/main_arm_package) by extension 'ignore_ament_install'
[1.085s] Level 1:colcon.colcon_core.package_identification:_identify(src/main_arm_package) by extensions ['colcon_pkg']
[1.085s] Level 1:colcon.colcon_core.package_identification:_identify(src/main_arm_package) by extension 'colcon_pkg'
[1.085s] Level 1:colcon.colcon_core.package_identification:_identify(src/main_arm_package) by extensions ['colcon_meta']
[1.085s] Level 1:colcon.colcon_core.package_identification:_identify(src/main_arm_package) by extension 'colcon_meta'
[1.086s] Level 1:colcon.colcon_core.package_identification:_identify(src/main_arm_package) by extensions ['ros']
[1.086s] Level 1:colcon.colcon_core.package_identification:_identify(src/main_arm_package) by extension 'ros'
[1.087s] DEBUG:colcon.colcon_core.package_identification:Package 'src/main_arm_package' with type 'ros.ament_cmake' and name 'main_arm_package'
[1.087s] Level 1:colcon.colcon_core.package_discovery:discover_packages(recursive) using defaults
[1.087s] Level 1:colcon.colcon_core.package_discovery:discover_packages(ignore) discover
[1.087s] Level 1:colcon.colcon_core.package_discovery:discover_packages(ignore) using defaults
[1.087s] Level 1:colcon.colcon_core.package_discovery:discover_packages(path) discover
[1.087s] Level 1:colcon.colcon_core.package_discovery:discover_packages(path) using defaults
[1.138s] Level 1:colcon.colcon_core.package_discovery:discover_packages(prefix_path) check parameters
[1.139s] Level 1:colcon.colcon_core.package_discovery:discover_packages(prefix_path) discover
[1.147s] DEBUG:colcon.colcon_installed_package_information.package_discovery:Found 2 installed packages in /home/ibrahim/RobotArm/install
[1.148s] DEBUG:colcon.colcon_installed_package_information.package_discovery:Found 1 installed packages in /home/ibrahim/TF2Sample/install
[1.149s] DEBUG:colcon.colcon_installed_package_information.package_discovery:Found 2 installed packages in /home/ibrahim/RobotNav/install
[1.150s] DEBUG:colcon.colcon_installed_package_information.package_discovery:Found 1 installed packages in /home/ibrahim/RobotMonitor/install
[1.151s] DEBUG:colcon.colcon_installed_package_information.package_discovery:Found 2 installed packages in /home/ibrahim/ros2_ws/install
[1.155s] DEBUG:colcon.colcon_installed_package_information.package_discovery:Found 381 installed packages in /opt/ros/humble
[1.171s] Level 1:colcon.colcon_core.package_discovery:discover_packages(prefix_path) using defaults
[1.356s] Level 5:colcon.colcon_core.verb:set package 'action_interfaces' build argument 'cmake_args' from command line to 'None'
[1.357s] Level 5:colcon.colcon_core.verb:set package 'action_interfaces' build argument 'cmake_target' from command line to 'None'
[1.357s] Level 5:colcon.colcon_core.verb:set package 'action_interfaces' build argument 'cmake_target_skip_unavailable' from command line to 'False'
[1.357s] Level 5:colcon.colcon_core.verb:set package 'action_interfaces' build argument 'cmake_clean_cache' from command line to 'False'
[1.357s] Level 5:colcon.colcon_core.verb:set package 'action_interfaces' build argument 'cmake_clean_first' from command line to 'False'
[1.357s] Level 5:colcon.colcon_core.verb:set package 'action_interfaces' build argument 'cmake_force_configure' from command line to 'False'
[1.357s] Level 5:colcon.colcon_core.verb:set package 'action_interfaces' build argument 'ament_cmake_args' from command line to 'None'
[1.357s] Level 5:colcon.colcon_core.verb:set package 'action_interfaces' build argument 'catkin_cmake_args' from command line to 'None'
[1.357s] Level 5:colcon.colcon_core.verb:set package 'action_interfaces' build argument 'catkin_skip_building_tests' from command line to 'False'
[1.357s] DEBUG:colcon.colcon_core.verb:Building package 'action_interfaces' with the following arguments: {'ament_cmake_args': None, 'build_base': '/home/ibrahim/RobotArm/build/action_interfaces', 'catkin_cmake_args': None, 'catkin_skip_building_tests': False, 'cmake_args': None, 'cmake_clean_cache': False, 'cmake_clean_first': False, 'cmake_force_configure': False, 'cmake_target': None, 'cmake_target_skip_unavailable': False, 'install_base': '/home/ibrahim/RobotArm/install/action_interfaces', 'merge_install': False, 'path': '/home/ibrahim/RobotArm/src/action_interfaces', 'symlink_install': False, 'test_result_base': None}
[1.357s] Level 5:colcon.colcon_core.verb:set package 'main_arm_package' build argument 'cmake_args' from command line to 'None'
[1.358s] Level 5:colcon.colcon_core.verb:set package 'main_arm_package' build argument 'cmake_target' from command line to 'None'
[1.358s] Level 5:colcon.colcon_core.verb:set package 'main_arm_package' build argument 'cmake_target_skip_unavailable' from command line to 'False'
[1.358s] Level 5:colcon.colcon_core.verb:set package 'main_arm_package' build argument 'cmake_clean_cache' from command line to 'False'
[1.358s] Level 5:colcon.colcon_core.verb:set package 'main_arm_package' build argument 'cmake_clean_first' from command line to 'False'
[1.358s] Level 5:colcon.colcon_core.verb:set package 'main_arm_package' build argument 'cmake_force_configure' from command line to 'False'
[1.358s] Level 5:colcon.colcon_core.verb:set package 'main_arm_package' build argument 'ament_cmake_args' from command line to 'None'
[1.358s] Level 5:colcon.colcon_core.verb:set package 'main_arm_package' build argument 'catkin_cmake_args' from command line to 'None'
[1.358s] Level 5:colcon.colcon_core.verb:set package 'main_arm_package' build argument 'catkin_skip_building_tests' from command line to 'False'
[1.358s] DEBUG:colcon.colcon_core.verb:Building package 'main_arm_package' with the following arguments: {'ament_cmake_args': None, 'build_base': '/home/ibrahim/RobotArm/build/main_arm_package', 'catkin_cmake_args': None, 'catkin_skip_building_tests': False, 'cmake_args': None, 'cmake_clean_cache': False, 'cmake_clean_first': False, 'cmake_force_configure': False, 'cmake_target': None, 'cmake_target_skip_unavailable': False, 'install_base': '/home/ibrahim/RobotArm/install/main_arm_package', 'merge_install': False, 'path': '/home/ibrahim/RobotArm/src/main_arm_package', 'symlink_install': False, 'test_result_base': None}
[1.358s] INFO:colcon.colcon_core.executor:Executing jobs using 'parallel' executor
[1.360s] DEBUG:colcon.colcon_parallel_executor.executor.parallel:run_until_complete
[1.360s] INFO:colcon.colcon_ros.task.ament_cmake.build:Building ROS package in '/home/ibrahim/RobotArm/src/action_interfaces' with build type 'ament_cmake'
[1.361s] INFO:colcon.colcon_cmake.task.cmake.build:Building CMake package in '/home/ibrahim/RobotArm/src/action_interfaces'
[1.369s] INFO:colcon.colcon_core.plugin_system:Skipping extension 'colcon_core.shell.bat': Not used on non-Windows systems
[1.370s] INFO:colcon.colcon_core.shell:Skip shell extension 'powershell' for command environment: Not usable outside of PowerShell
[1.370s] DEBUG:colcon.colcon_core.shell:Skip shell extension 'dsv' for command environment
[1.398s] DEBUG:colcon.colcon_core.event_handler.log_command:Invoking command in '/home/ibrahim/RobotArm/build/action_interfaces': CMAKE_PREFIX_PATH=${CMAKE_PREFIX_PATH}:/opt/ros/humble /usr/bin/cmake --build /home/ibrahim/RobotArm/build/action_interfaces -- -j16 -l16
[2.007s] DEBUG:colcon.colcon_core.event_handler.log_command:Invoked command in '/home/ibrahim/RobotArm/build/action_interfaces' returned '0': CMAKE_PREFIX_PATH=${CMAKE_PREFIX_PATH}:/opt/ros/humble /usr/bin/cmake --build /home/ibrahim/RobotArm/build/action_interfaces -- -j16 -l16
[2.026s] DEBUG:colcon.colcon_core.event_handler.log_command:Invoking command in '/home/ibrahim/RobotArm/build/action_interfaces': CMAKE_PREFIX_PATH=${CMAKE_PREFIX_PATH}:/opt/ros/humble /usr/bin/cmake --install /home/ibrahim/RobotArm/build/action_interfaces
[2.155s] Level 1:colcon.colcon_core.environment:create_environment_scripts_only(action_interfaces)
[2.156s] DEBUG:colcon.colcon_core.event_handler.log_command:Invoked command in '/home/ibrahim/RobotArm/build/action_interfaces' returned '0': CMAKE_PREFIX_PATH=${CMAKE_PREFIX_PATH}:/opt/ros/humble /usr/bin/cmake --install /home/ibrahim/RobotArm/build/action_interfaces
[2.165s] Level 1:colcon.colcon_core.environment:checking '/home/ibrahim/RobotArm/install/action_interfaces' for CMake module files
[2.166s] Level 1:colcon.colcon_core.environment:checking '/home/ibrahim/RobotArm/install/action_interfaces' for CMake config files
[2.167s] Level 1:colcon.colcon_core.shell:create_environment_hook('action_interfaces', 'cmake_prefix_path')
[2.168s] INFO:colcon.colcon_core.shell:Creating environment hook '/home/ibrahim/RobotArm/install/action_interfaces/share/action_interfaces/hook/cmake_prefix_path.ps1'
[2.169s] INFO:colcon.colcon_core.shell:Creating environment descriptor '/home/ibrahim/RobotArm/install/action_interfaces/share/action_interfaces/hook/cmake_prefix_path.dsv'
[2.171s] INFO:colcon.colcon_core.shell:Creating environment hook '/home/ibrahim/RobotArm/install/action_interfaces/share/action_interfaces/hook/cmake_prefix_path.sh'
[2.173s] Level 1:colcon.colcon_core.environment:checking '/home/ibrahim/RobotArm/install/action_interfaces/lib'
[2.173s] Level 1:colcon.colcon_core.shell:create_environment_hook('action_interfaces', 'ld_library_path_lib')
[2.174s] INFO:colcon.colcon_core.shell:Creating environment hook '/home/ibrahim/RobotArm/install/action_interfaces/share/action_interfaces/hook/ld_library_path_lib.ps1'
[2.174s] INFO:colcon.colcon_core.shell:Creating environment descriptor '/home/ibrahim/RobotArm/install/action_interfaces/share/action_interfaces/hook/ld_library_path_lib.dsv'
[2.175s] INFO:colcon.colcon_core.shell:Creating environment hook '/home/ibrahim/RobotArm/install/action_interfaces/share/action_interfaces/hook/ld_library_path_lib.sh'
[2.176s] Level 1:colcon.colcon_core.environment:checking '/home/ibrahim/RobotArm/install/action_interfaces/bin'
[2.176s] Level 1:colcon.colcon_core.environment:checking '/home/ibrahim/RobotArm/install/action_interfaces/lib/pkgconfig/action_interfaces.pc'
[2.176s] Level 1:colcon.colcon_core.environment:checking '/home/ibrahim/RobotArm/install/action_interfaces/lib/python3.10/site-packages'
[2.177s] Level 1:colcon.colcon_core.environment:checking '/home/ibrahim/RobotArm/install/action_interfaces/bin'
[2.177s] INFO:colcon.colcon_core.shell:Creating package script '/home/ibrahim/RobotArm/install/action_interfaces/share/action_interfaces/package.ps1'
[2.180s] INFO:colcon.colcon_core.shell:Creating package descriptor '/home/ibrahim/RobotArm/install/action_interfaces/share/action_interfaces/package.dsv'
[2.181s] INFO:colcon.colcon_core.shell:Creating package script '/home/ibrahim/RobotArm/install/action_interfaces/share/action_interfaces/package.sh'
[2.184s] INFO:colcon.colcon_core.shell:Creating package script '/home/ibrahim/RobotArm/install/action_interfaces/share/action_interfaces/package.bash'
[2.186s] INFO:colcon.colcon_core.shell:Creating package script '/home/ibrahim/RobotArm/install/action_interfaces/share/action_interfaces/package.zsh'
[2.187s] Level 1:colcon.colcon_core.environment:create_file_with_runtime_dependencies(/home/ibrahim/RobotArm/install/action_interfaces/share/colcon-core/packages/action_interfaces)
[2.188s] Level 1:colcon.colcon_core.environment:create_environment_scripts_only(action_interfaces)
[2.189s] Level 1:colcon.colcon_core.environment:checking '/home/ibrahim/RobotArm/install/action_interfaces' for CMake module files
[2.189s] Level 1:colcon.colcon_core.environment:checking '/home/ibrahim/RobotArm/install/action_interfaces' for CMake config files
[2.191s] Level 1:colcon.colcon_core.shell:create_environment_hook('action_interfaces', 'cmake_prefix_path')
[2.191s] INFO:colcon.colcon_core.shell:Creating environment hook '/home/ibrahim/RobotArm/install/action_interfaces/share/action_interfaces/hook/cmake_prefix_path.ps1'
[2.192s] INFO:colcon.colcon_core.shell:Creating environment descriptor '/home/ibrahim/RobotArm/install/action_interfaces/share/action_interfaces/hook/cmake_prefix_path.dsv'
[2.193s] INFO:colcon.colcon_core.shell:Creating environment hook '/home/ibrahim/RobotArm/install/action_interfaces/share/action_interfaces/hook/cmake_prefix_path.sh'
[2.194s] Level 1:colcon.colcon_core.environment:checking '/home/ibrahim/RobotArm/install/action_interfaces/lib'
[2.194s] Level 1:colcon.colcon_core.shell:create_environment_hook('action_interfaces', 'ld_library_path_lib')
[2.194s] INFO:colcon.colcon_core.shell:Creating environment hook '/home/ibrahim/RobotArm/install/action_interfaces/share/action_interfaces/hook/ld_library_path_lib.ps1'
[2.195s] INFO:colcon.colcon_core.shell:Creating environment descriptor '/home/ibrahim/RobotArm/install/action_interfaces/share/action_interfaces/hook/ld_library_path_lib.dsv'
[2.195s] INFO:colcon.colcon_core.shell:Creating environment hook '/home/ibrahim/RobotArm/install/action_interfaces/share/action_interfaces/hook/ld_library_path_lib.sh'
[2.196s] Level 1:colcon.colcon_core.environment:checking '/home/ibrahim/RobotArm/install/action_interfaces/bin'
[2.196s] Level 1:colcon.colcon_core.environment:checking '/home/ibrahim/RobotArm/install/action_interfaces/lib/pkgconfig/action_interfaces.pc'
[2.196s] Level 1:colcon.colcon_core.environment:checking '/home/ibrahim/RobotArm/install/action_interfaces/lib/python3.10/site-packages'
[2.197s] Level 1:colcon.colcon_core.environment:checking '/home/ibrahim/RobotArm/install/action_interfaces/bin'
[2.197s] INFO:colcon.colcon_core.shell:Creating package script '/home/ibrahim/RobotArm/install/action_interfaces/share/action_interfaces/package.ps1'
[2.198s] INFO:colcon.colcon_core.shell:Creating package descriptor '/home/ibrahim/RobotArm/install/action_interfaces/share/action_interfaces/package.dsv'
[2.199s] INFO:colcon.colcon_core.shell:Creating package script '/home/ibrahim/RobotArm/install/action_interfaces/share/action_interfaces/package.sh'
[2.200s] INFO:colcon.colcon_core.shell:Creating package script '/home/ibrahim/RobotArm/install/action_interfaces/share/action_interfaces/package.bash'
[2.200s] INFO:colcon.colcon_core.shell:Creating package script '/home/ibrahim/RobotArm/install/action_interfaces/share/action_interfaces/package.zsh'
[2.201s] Level 1:colcon.colcon_core.environment:create_file_with_runtime_dependencies(/home/ibrahim/RobotArm/install/action_interfaces/share/colcon-core/packages/action_interfaces)
[2.202s] INFO:colcon.colcon_ros.task.ament_cmake.build:Building ROS package in '/home/ibrahim/RobotArm/src/main_arm_package' with build type 'ament_cmake'
[2.202s] INFO:colcon.colcon_cmake.task.cmake.build:Building CMake package in '/home/ibrahim/RobotArm/src/main_arm_package'
[2.203s] INFO:colcon.colcon_core.shell:Skip shell extension 'powershell' for command environment: Not usable outside of PowerShell
[2.203s] DEBUG:colcon.colcon_core.shell:Skip shell extension 'dsv' for command environment
[2.339s] DEBUG:colcon.colcon_core.event_handler.log_command:Invoking command in '/home/ibrahim/RobotArm/build/main_arm_package': CMAKE_PREFIX_PATH=/home/ibrahim/RobotArm/install/action_interfaces:/home/ibrahim/RobotArm/install/main_arm_package:/home/ibrahim/TF2Sample/install/tf2sim:/home/ibrahim/RobotNav/install/main_robot_nodes:/home/ibrahim/RobotNav/install/action_interfaces:/home/ibrahim/RobotMonitor/install/Robot3Node_Package:/home/ibrahim/ros2_ws/install/my_first_package:/home/ibrahim/ros2_ws/install/action_interfaces:/opt/ros/humble /usr/bin/cmake --build /home/ibrahim/RobotArm/build/main_arm_package -- -j16 -l16
[10.532s] DEBUG:colcon.colcon_core.event_handler.log_command:Invoked command in '/home/ibrahim/RobotArm/build/main_arm_package' returned '0': CMAKE_PREFIX_PATH=/home/ibrahim/RobotArm/install/action_interfaces:/home/ibrahim/RobotArm/install/main_arm_package:/home/ibrahim/TF2Sample/install/tf2sim:/home/ibrahim/RobotNav/install/main_robot_nodes:/home/ibrahim/RobotNav/install/action_interfaces:/home/ibrahim/RobotMonitor/install/Robot3Node_Package:/home/ibrahim/ros2_ws/install/my_first_package:/home/ibrahim/ros2_ws/install/action_interfaces:/opt/ros/humble /usr/bin/cmake --build /home/ibrahim/RobotArm/build/main_arm_package -- -j16 -l16
[10.537s] DEBUG:colcon.colcon_core.event_handler.log_command:Invoking command in '/home/ibrahim/RobotArm/build/main_arm_package': CMAKE_PREFIX_PATH=/home/ibrahim/RobotArm/install/action_interfaces:/home/ibrahim/RobotArm/install/main_arm_package:/home/ibrahim/TF2Sample/install/tf2sim:/home/ibrahim/RobotNav/install/main_robot_nodes:/home/ibrahim/RobotNav/install/action_interfaces:/home/ibrahim/RobotMonitor/install/Robot3Node_Package:/home/ibrahim/ros2_ws/install/my_first_package:/home/ibrahim/ros2_ws/install/action_interfaces:/opt/ros/humble /usr/bin/cmake --install /home/ibrahim/RobotArm/build/main_arm_package
[10.577s] Level 1:colcon.colcon_core.environment:create_environment_scripts_only(main_arm_package)
[10.577s] Level 1:colcon.colcon_core.environment:checking '/home/ibrahim/RobotArm/install/main_arm_package' for CMake module files
[10.578s] DEBUG:colcon.colcon_core.event_handler.log_command:Invoked command in '/home/ibrahim/RobotArm/build/main_arm_package' returned '0': CMAKE_PREFIX_PATH=/home/ibrahim/RobotArm/install/action_interfaces:/home/ibrahim/RobotArm/install/main_arm_package:/home/ibrahim/TF2Sample/install/tf2sim:/home/ibrahim/RobotNav/install/main_robot_nodes:/home/ibrahim/RobotNav/install/action_interfaces:/home/ibrahim/RobotMonitor/install/Robot3Node_Package:/home/ibrahim/ros2_ws/install/my_first_package:/home/ibrahim/ros2_ws/install/action_interfaces:/opt/ros/humble /usr/bin/cmake --install /home/ibrahim/RobotArm/build/main_arm_package
[10.579s] Level 1:colcon.colcon_core.environment:checking '/home/ibrahim/RobotArm/install/main_arm_package' for CMake config files
[10.580s] Level 1:colcon.colcon_core.shell:create_environment_hook('main_arm_package', 'cmake_prefix_path')
[10.580s] INFO:colcon.colcon_core.shell:Creating environment hook '/home/ibrahim/RobotArm/install/main_arm_package/share/main_arm_package/hook/cmake_prefix_path.ps1'
[10.581s] INFO:colcon.colcon_core.shell:Creating environment descriptor '/home/ibrahim/RobotArm/install/main_arm_package/share/main_arm_package/hook/cmake_prefix_path.dsv'
[10.582s] INFO:colcon.colcon_core.shell:Creating environment hook '/home/ibrahim/RobotArm/install/main_arm_package/share/main_arm_package/hook/cmake_prefix_path.sh'
[10.583s] Level 1:colcon.colcon_core.environment:checking '/home/ibrahim/RobotArm/install/main_arm_package/lib'
[10.583s] Level 1:colcon.colcon_core.environment:checking '/home/ibrahim/RobotArm/install/main_arm_package/bin'
[10.583s] Level 1:colcon.colcon_core.environment:checking '/home/ibrahim/RobotArm/install/main_arm_package/lib/pkgconfig/main_arm_package.pc'
[10.584s] Level 1:colcon.colcon_core.environment:checking '/home/ibrahim/RobotArm/install/main_arm_package/lib/python3.10/site-packages'
[10.584s] Level 1:colcon.colcon_core.environment:checking '/home/ibrahim/RobotArm/install/main_arm_package/bin'
[10.585s] INFO:colcon.colcon_core.shell:Creating package script '/home/ibrahim/RobotArm/install/main_arm_package/share/main_arm_package/package.ps1'
[10.585s] INFO:colcon.colcon_core.shell:Creating package descriptor '/home/ibrahim/RobotArm/install/main_arm_package/share/main_arm_package/package.dsv'
[10.586s] INFO:colcon.colcon_core.shell:Creating package script '/home/ibrahim/RobotArm/install/main_arm_package/share/main_arm_package/package.sh'
[10.587s] INFO:colcon.colcon_core.shell:Creating package script '/home/ibrahim/RobotArm/install/main_arm_package/share/main_arm_package/package.bash'
[10.587s] INFO:colcon.colcon_core.shell:Creating package script '/home/ibrahim/RobotArm/install/main_arm_package/share/main_arm_package/package.zsh'
[10.588s] Level 1:colcon.colcon_core.environment:create_file_with_runtime_dependencies(/home/ibrahim/RobotArm/install/main_arm_package/share/colcon-core/packages/main_arm_package)
[10.589s] Level 1:colcon.colcon_core.environment:create_environment_scripts_only(main_arm_package)
[10.590s] Level 1:colcon.colcon_core.environment:checking '/home/ibrahim/RobotArm/install/main_arm_package' for CMake module files
[10.590s] Level 1:colcon.colcon_core.environment:checking '/home/ibrahim/RobotArm/install/main_arm_package' for CMake config files
[10.591s] Level 1:colcon.colcon_core.shell:create_environment_hook('main_arm_package', 'cmake_prefix_path')
[10.591s] INFO:colcon.colcon_core.shell:Creating environment hook '/home/ibrahim/RobotArm/install/main_arm_package/share/main_arm_package/hook/cmake_prefix_path.ps1'
[10.592s] INFO:colcon.colcon_core.shell:Creating environment descriptor '/home/ibrahim/RobotArm/install/main_arm_package/share/main_arm_package/hook/cmake_prefix_path.dsv'
[10.592s] INFO:colcon.colcon_core.shell:Creating environment hook '/home/ibrahim/RobotArm/install/main_arm_package/share/main_arm_package/hook/cmake_prefix_path.sh'
[10.593s] Level 1:colcon.colcon_core.environment:checking '/home/ibrahim/RobotArm/install/main_arm_package/lib'
[10.593s] Level 1:colcon.colcon_core.environment:checking '/home/ibrahim/RobotArm/install/main_arm_package/bin'
[10.593s] Level 1:colcon.colcon_core.environment:checking '/home/ibrahim/RobotArm/install/main_arm_package/lib/pkgconfig/main_arm_package.pc'
[10.594s] Level 1:colcon.colcon_core.environment:checking '/home/ibrahim/RobotArm/install/main_arm_package/lib/python3.10/site-packages'
[10.594s] Level 1:colcon.colcon_core.environment:checking '/home/ibrahim/RobotArm/install/main_arm_package/bin'
[10.594s] INFO:colcon.colcon_core.shell:Creating package script '/home/ibrahim/RobotArm/install/main_arm_package/share/main_arm_package/package.ps1'
[10.595s] INFO:colcon.colcon_core.shell:Creating package descriptor '/home/ibrahim/RobotArm/install/main_arm_package/share/main_arm_package/package.dsv'
[10.596s] INFO:colcon.colcon_core.shell:Creating package script '/home/ibrahim/RobotArm/install/main_arm_package/share/main_arm_package/package.sh'
[10.597s] INFO:colcon.colcon_core.shell:Creating package script '/home/ibrahim/RobotArm/install/main_arm_package/share/main_arm_package/package.bash'
[10.597s] INFO:colcon.colcon_core.shell:Creating package script '/home/ibrahim/RobotArm/install/main_arm_package/share/main_arm_package/package.zsh'
[10.598s] Level 1:colcon.colcon_core.environment:create_file_with_runtime_dependencies(/home/ibrahim/RobotArm/install/main_arm_package/share/colcon-core/packages/main_arm_package)
[10.598s] DEBUG:colcon.colcon_parallel_executor.executor.parallel:closing loop
[10.599s] DEBUG:colcon.colcon_parallel_executor.executor.parallel:loop closed
[10.600s] DEBUG:colcon.colcon_parallel_executor.executor.parallel:run_until_complete finished with '0'
[10.600s] DEBUG:colcon.colcon_core.event_reactor:joining thread
[10.676s] INFO:colcon.colcon_core.plugin_system:Skipping extension 'colcon_notification.desktop_notification.notify_send': Could not find 'notify-send'
[10.677s] INFO:colcon.colcon_core.plugin_system:Skipping extension 'colcon_notification.desktop_notification.terminal_notifier': Not used on non-Darwin systems
[10.677s] INFO:colcon.colcon_core.plugin_system:Skipping extension 'colcon_notification.desktop_notification.win32': Not used on non-Windows systems
[10.677s] INFO:colcon.colcon_notification.desktop_notification:Sending desktop notification using 'notify2'
[10.677s] DEBUG:colcon.colcon_notification.desktop_notification.notify2:Failed to initialize notify2: org.freedesktop.DBus.Error.FileNotFound: Failed to connect to socket /run/user/1000/bus: No such file or directory
[10.677s] DEBUG:colcon.colcon_core.event_reactor:joined thread
[10.678s] INFO:colcon.colcon_core.shell:Creating prefix script '/home/ibrahim/RobotArm/install/local_setup.ps1'
[10.681s] INFO:colcon.colcon_core.shell:Creating prefix util module '/home/ibrahim/RobotArm/install/_local_setup_util_ps1.py'
[10.684s] INFO:colcon.colcon_core.shell:Creating prefix chain script '/home/ibrahim/RobotArm/install/setup.ps1'
[10.687s] INFO:colcon.colcon_core.shell:Creating prefix script '/home/ibrahim/RobotArm/install/local_setup.sh'
[10.688s] INFO:colcon.colcon_core.shell:Creating prefix util module '/home/ibrahim/RobotArm/install/_local_setup_util_sh.py'
[10.689s] INFO:colcon.colcon_core.shell:Creating prefix chain script '/home/ibrahim/RobotArm/install/setup.sh'
[10.691s] INFO:colcon.colcon_core.shell:Creating prefix script '/home/ibrahim/RobotArm/install/local_setup.bash'
[10.693s] INFO:colcon.colcon_core.shell:Creating prefix chain script '/home/ibrahim/RobotArm/install/setup.bash'
[10.696s] INFO:colcon.colcon_core.shell:Creating prefix script '/home/ibrahim/RobotArm/install/local_setup.zsh'
[10.697s] INFO:colcon.colcon_core.shell:Creating prefix chain script '/home/ibrahim/RobotArm/install/setup.zsh'
