[0.415s] DEBUG:colcon:Command line arguments: ['/usr/bin/colcon', 'build']
[0.415s] DEBUG:colcon:Parsed command line arguments: Namespace(log_base=None, log_level=None, verb_name='build', build_base='build', install_base='install', merge_install=False, symlink_install=False, test_result_base=None, continue_on_error=False, executor='parallel', parallel_workers=16, event_handlers=None, ignore_user_meta=False, metas=['./colcon.meta'], base_paths=['.'], packages_ignore=None, packages_ignore_regex=None, paths=None, packages_up_to=None, packages_up_to_regex=None, packages_above=None, packages_above_and_dependencies=None, packages_above_depth=None, packages_select_by_dep=None, packages_skip_by_dep=None, packages_skip_up_to=None, packages_select_build_failed=False, packages_skip_build_finished=False, packages_select_test_failures=False, packages_skip_test_passed=False, packages_select=None, packages_skip=None, packages_select_regex=None, packages_skip_regex=None, packages_start=None, packages_end=None, allow_overriding=[], cmake_args=None, cmake_target=None, cmake_target_skip_unavailable=False, cmake_clean_cache=False, cmake_clean_first=False, cmake_force_configure=False, ament_cmake_args=None, catkin_cmake_args=None, catkin_skip_building_tests=False, verb_parser=<colcon_defaults.argument_parser.defaults.DefaultArgumentsDecorator object at 0x7f5d37d4cc70>, verb_extension=<colcon_core.verb.build.BuildVerb object at 0x7f5d37d4c6a0>, main=<bound method BuildVerb.main of <colcon_core.verb.build.BuildVerb object at 0x7f5d37d4c6a0>>)
[0.859s] Level 1:colcon.colcon_core.package_discovery:discover_packages(colcon_meta) check parameters
[0.859s] Level 1:colcon.colcon_core.package_discovery:discover_packages(recursive) check parameters
[0.859s] Level 1:colcon.colcon_core.package_discovery:discover_packages(ignore) check parameters
[0.859s] Level 1:colcon.colcon_core.package_discovery:discover_packages(path) check parameters
[0.860s] Level 1:colcon.colcon_core.package_discovery:discover_packages(colcon_meta) discover
[0.860s] Level 1:colcon.colcon_core.package_discovery:discover_packages(recursive) discover
[0.860s] INFO:colcon.colcon_core.package_discovery:Crawling recursively for packages in '/home/ibrahim/RobotArmExpanded'
[0.860s] Level 1:colcon.colcon_core.package_identification:_identify(.) by extensions ['ignore', 'ignore_ament_install']
[0.860s] Level 1:colcon.colcon_core.package_identification:_identify(.) by extension 'ignore'
[0.860s] Level 1:colcon.colcon_core.package_identification:_identify(.) by extension 'ignore_ament_install'
[0.860s] Level 1:colcon.colcon_core.package_identification:_identify(.) by extensions ['colcon_pkg']
[0.860s] Level 1:colcon.colcon_core.package_identification:_identify(.) by extension 'colcon_pkg'
[0.860s] Level 1:colcon.colcon_core.package_identification:_identify(.) by extensions ['colcon_meta']
[0.861s] Level 1:colcon.colcon_core.package_identification:_identify(.) by extension 'colcon_meta'
[0.861s] Level 1:colcon.colcon_core.package_identification:_identify(.) by extensions ['ros']
[0.861s] Level 1:colcon.colcon_core.package_identification:_identify(.) by extension 'ros'
[0.879s] Level 1:colcon.colcon_core.package_identification:_identify(.) by extensions ['cmake', 'python']
[0.879s] Level 1:colcon.colcon_core.package_identification:_identify(.) by extension 'cmake'
[0.880s] Level 1:colcon.colcon_core.package_identification:_identify(.) by extension 'python'
[0.880s] Level 1:colcon.colcon_core.package_identification:_identify(.) by extensions ['python_setup_py']
[0.880s] Level 1:colcon.colcon_core.package_identification:_identify(.) by extension 'python_setup_py'
[0.880s] Level 1:colcon.colcon_core.package_identification:_identify(build) by extensions ['ignore', 'ignore_ament_install']
[0.880s] Level 1:colcon.colcon_core.package_identification:_identify(build) by extension 'ignore'
[0.880s] Level 1:colcon.colcon_core.package_identification:_identify(build) ignored
[0.880s] Level 1:colcon.colcon_core.package_identification:_identify(install) by extensions ['ignore', 'ignore_ament_install']
[0.880s] Level 1:colcon.colcon_core.package_identification:_identify(install) by extension 'ignore'
[0.880s] Level 1:colcon.colcon_core.package_identification:_identify(install) ignored
[0.881s] Level 1:colcon.colcon_core.package_identification:_identify(log) by extensions ['ignore', 'ignore_ament_install']
[0.881s] Level 1:colcon.colcon_core.package_identification:_identify(log) by extension 'ignore'
[0.881s] Level 1:colcon.colcon_core.package_identification:_identify(log) ignored
[0.881s] Level 1:colcon.colcon_core.package_identification:_identify(src) by extensions ['ignore', 'ignore_ament_install']
[0.881s] Level 1:colcon.colcon_core.package_identification:_identify(src) by extension 'ignore'
[0.881s] Level 1:colcon.colcon_core.package_identification:_identify(src) by extension 'ignore_ament_install'
[0.881s] Level 1:colcon.colcon_core.package_identification:_identify(src) by extensions ['colcon_pkg']
[0.881s] Level 1:colcon.colcon_core.package_identification:_identify(src) by extension 'colcon_pkg'
[0.881s] Level 1:colcon.colcon_core.package_identification:_identify(src) by extensions ['colcon_meta']
[0.881s] Level 1:colcon.colcon_core.package_identification:_identify(src) by extension 'colcon_meta'
[0.881s] Level 1:colcon.colcon_core.package_identification:_identify(src) by extensions ['ros']
[0.881s] Level 1:colcon.colcon_core.package_identification:_identify(src) by extension 'ros'
[0.881s] Level 1:colcon.colcon_core.package_identification:_identify(src) by extensions ['cmake', 'python']
[0.881s] Level 1:colcon.colcon_core.package_identification:_identify(src) by extension 'cmake'
[0.881s] Level 1:colcon.colcon_core.package_identification:_identify(src) by extension 'python'
[0.881s] Level 1:colcon.colcon_core.package_identification:_identify(src) by extensions ['python_setup_py']
[0.882s] Level 1:colcon.colcon_core.package_identification:_identify(src) by extension 'python_setup_py'
[0.882s] Level 1:colcon.colcon_core.package_identification:_identify(src/action_interfaces) by extensions ['ignore', 'ignore_ament_install']
[0.882s] Level 1:colcon.colcon_core.package_identification:_identify(src/action_interfaces) by extension 'ignore'
[0.882s] Level 1:colcon.colcon_core.package_identification:_identify(src/action_interfaces) by extension 'ignore_ament_install'
[0.882s] Level 1:colcon.colcon_core.package_identification:_identify(src/action_interfaces) by extensions ['colcon_pkg']
[0.882s] Level 1:colcon.colcon_core.package_identification:_identify(src/action_interfaces) by extension 'colcon_pkg'
[0.882s] Level 1:colcon.colcon_core.package_identification:_identify(src/action_interfaces) by extensions ['colcon_meta']
[0.882s] Level 1:colcon.colcon_core.package_identification:_identify(src/action_interfaces) by extension 'colcon_meta'
[0.882s] Level 1:colcon.colcon_core.package_identification:_identify(src/action_interfaces) by extensions ['ros']
[0.882s] Level 1:colcon.colcon_core.package_identification:_identify(src/action_interfaces) by extension 'ros'
[0.889s] DEBUG:colcon.colcon_core.package_identification:Package 'src/action_interfaces' with type 'ros.ament_cmake' and name 'action_interfaces'
[0.890s] Level 1:colcon.colcon_core.package_identification:_identify(src/main_arm_package) by extensions ['ignore', 'ignore_ament_install']
[0.890s] Level 1:colcon.colcon_core.package_identification:_identify(src/main_arm_package) by extension 'ignore'
[0.890s] Level 1:colcon.colcon_core.package_identification:_identify(src/main_arm_package) by extension 'ignore_ament_install'
[0.890s] Level 1:colcon.colcon_core.package_identification:_identify(src/main_arm_package) by extensions ['colcon_pkg']
[0.890s] Level 1:colcon.colcon_core.package_identification:_identify(src/main_arm_package) by extension 'colcon_pkg'
[0.891s] Level 1:colcon.colcon_core.package_identification:_identify(src/main_arm_package) by extensions ['colcon_meta']
[0.891s] Level 1:colcon.colcon_core.package_identification:_identify(src/main_arm_package) by extension 'colcon_meta'
[0.891s] Level 1:colcon.colcon_core.package_identification:_identify(src/main_arm_package) by extensions ['ros']
[0.891s] Level 1:colcon.colcon_core.package_identification:_identify(src/main_arm_package) by extension 'ros'
[0.892s] DEBUG:colcon.colcon_core.package_identification:Package 'src/main_arm_package' with type 'ros.ament_cmake' and name 'main_arm_package'
[0.892s] Level 1:colcon.colcon_core.package_discovery:discover_packages(recursive) using defaults
[0.893s] Level 1:colcon.colcon_core.package_discovery:discover_packages(ignore) discover
[0.893s] Level 1:colcon.colcon_core.package_discovery:discover_packages(ignore) using defaults
[0.893s] Level 1:colcon.colcon_core.package_discovery:discover_packages(path) discover
[0.893s] Level 1:colcon.colcon_core.package_discovery:discover_packages(path) using defaults
[0.936s] Level 1:colcon.colcon_core.package_discovery:discover_packages(prefix_path) check parameters
[0.936s] Level 1:colcon.colcon_core.package_discovery:discover_packages(prefix_path) discover
[0.945s] DEBUG:colcon.colcon_installed_package_information.package_discovery:Found 2 installed packages in /home/ibrahim/RobotArmExpanded/install
[0.946s] DEBUG:colcon.colcon_installed_package_information.package_discovery:Found 2 installed packages in /home/ibrahim/RobotArm/install
[0.947s] DEBUG:colcon.colcon_installed_package_information.package_discovery:Found 1 installed packages in /home/ibrahim/TF2Sample/install
[0.947s] DEBUG:colcon.colcon_installed_package_information.package_discovery:Found 2 installed packages in /home/ibrahim/RobotNav/install
[0.948s] DEBUG:colcon.colcon_installed_package_information.package_discovery:Found 1 installed packages in /home/ibrahim/RobotMonitor/install
[0.949s] DEBUG:colcon.colcon_installed_package_information.package_discovery:Found 2 installed packages in /home/ibrahim/ros2_ws/install
[0.953s] DEBUG:colcon.colcon_installed_package_information.package_discovery:Found 381 installed packages in /opt/ros/humble
[0.964s] Level 1:colcon.colcon_core.package_discovery:discover_packages(prefix_path) using defaults
[1.108s] Level 5:colcon.colcon_core.verb:set package 'action_interfaces' build argument 'cmake_args' from command line to 'None'
[1.108s] Level 5:colcon.colcon_core.verb:set package 'action_interfaces' build argument 'cmake_target' from command line to 'None'
[1.108s] Level 5:colcon.colcon_core.verb:set package 'action_interfaces' build argument 'cmake_target_skip_unavailable' from command line to 'False'
[1.108s] Level 5:colcon.colcon_core.verb:set package 'action_interfaces' build argument 'cmake_clean_cache' from command line to 'False'
[1.108s] Level 5:colcon.colcon_core.verb:set package 'action_interfaces' build argument 'cmake_clean_first' from command line to 'False'
[1.108s] Level 5:colcon.colcon_core.verb:set package 'action_interfaces' build argument 'cmake_force_configure' from command line to 'False'
[1.108s] Level 5:colcon.colcon_core.verb:set package 'action_interfaces' build argument 'ament_cmake_args' from command line to 'None'
[1.108s] Level 5:colcon.colcon_core.verb:set package 'action_interfaces' build argument 'catkin_cmake_args' from command line to 'None'
[1.108s] Level 5:colcon.colcon_core.verb:set package 'action_interfaces' build argument 'catkin_skip_building_tests' from command line to 'False'
[1.108s] DEBUG:colcon.colcon_core.verb:Building package 'action_interfaces' with the following arguments: {'ament_cmake_args': None, 'build_base': '/home/ibrahim/RobotArmExpanded/build/action_interfaces', 'catkin_cmake_args': None, 'catkin_skip_building_tests': False, 'cmake_args': None, 'cmake_clean_cache': False, 'cmake_clean_first': False, 'cmake_force_configure': False, 'cmake_target': None, 'cmake_target_skip_unavailable': False, 'install_base': '/home/ibrahim/RobotArmExpanded/install/action_interfaces', 'merge_install': False, 'path': '/home/ibrahim/RobotArmExpanded/src/action_interfaces', 'symlink_install': False, 'test_result_base': None}
[1.109s] Level 5:colcon.colcon_core.verb:set package 'main_arm_package' build argument 'cmake_args' from command line to 'None'
[1.109s] Level 5:colcon.colcon_core.verb:set package 'main_arm_package' build argument 'cmake_target' from command line to 'None'
[1.109s] Level 5:colcon.colcon_core.verb:set package 'main_arm_package' build argument 'cmake_target_skip_unavailable' from command line to 'False'
[1.109s] Level 5:colcon.colcon_core.verb:set package 'main_arm_package' build argument 'cmake_clean_cache' from command line to 'False'
[1.109s] Level 5:colcon.colcon_core.verb:set package 'main_arm_package' build argument 'cmake_clean_first' from command line to 'False'
[1.109s] Level 5:colcon.colcon_core.verb:set package 'main_arm_package' build argument 'cmake_force_configure' from command line to 'False'
[1.109s] Level 5:colcon.colcon_core.verb:set package 'main_arm_package' build argument 'ament_cmake_args' from command line to 'None'
[1.109s] Level 5:colcon.colcon_core.verb:set package 'main_arm_package' build argument 'catkin_cmake_args' from command line to 'None'
[1.109s] Level 5:colcon.colcon_core.verb:set package 'main_arm_package' build argument 'catkin_skip_building_tests' from command line to 'False'
[1.109s] DEBUG:colcon.colcon_core.verb:Building package 'main_arm_package' with the following arguments: {'ament_cmake_args': None, 'build_base': '/home/ibrahim/RobotArmExpanded/build/main_arm_package', 'catkin_cmake_args': None, 'catkin_skip_building_tests': False, 'cmake_args': None, 'cmake_clean_cache': False, 'cmake_clean_first': False, 'cmake_force_configure': False, 'cmake_target': None, 'cmake_target_skip_unavailable': False, 'install_base': '/home/ibrahim/RobotArmExpanded/install/main_arm_package', 'merge_install': False, 'path': '/home/ibrahim/RobotArmExpanded/src/main_arm_package', 'symlink_install': False, 'test_result_base': None}
[1.109s] INFO:colcon.colcon_core.executor:Executing jobs using 'parallel' executor
[1.110s] DEBUG:colcon.colcon_parallel_executor.executor.parallel:run_until_complete
[1.111s] INFO:colcon.colcon_ros.task.ament_cmake.build:Building ROS package in '/home/ibrahim/RobotArmExpanded/src/action_interfaces' with build type 'ament_cmake'
[1.113s] INFO:colcon.colcon_cmake.task.cmake.build:Building CMake package in '/home/ibrahim/RobotArmExpanded/src/action_interfaces'
[1.119s] INFO:colcon.colcon_core.plugin_system:Skipping extension 'colcon_core.shell.bat': Not used on non-Windows systems
[1.119s] INFO:colcon.colcon_core.shell:Skip shell extension 'powershell' for command environment: Not usable outside of PowerShell
[1.120s] DEBUG:colcon.colcon_core.shell:Skip shell extension 'dsv' for command environment
[1.135s] DEBUG:colcon.colcon_core.event_handler.log_command:Invoking command in '/home/ibrahim/RobotArmExpanded/build/action_interfaces': CMAKE_PREFIX_PATH=${CMAKE_PREFIX_PATH}:/home/ibrahim/RobotArm/install/main_arm_package:/home/ibrahim/RobotArm/install/action_interfaces:/opt/ros/humble /usr/bin/cmake --build /home/ibrahim/RobotArmExpanded/build/action_interfaces -- -j16 -l16
[7.397s] DEBUG:colcon.colcon_core.event_handler.log_command:Invoked command in '/home/ibrahim/RobotArmExpanded/build/action_interfaces' returned '0': CMAKE_PREFIX_PATH=${CMAKE_PREFIX_PATH}:/home/ibrahim/RobotArm/install/main_arm_package:/home/ibrahim/RobotArm/install/action_interfaces:/opt/ros/humble /usr/bin/cmake --build /home/ibrahim/RobotArmExpanded/build/action_interfaces -- -j16 -l16
[7.412s] DEBUG:colcon.colcon_core.event_handler.log_command:Invoking command in '/home/ibrahim/RobotArmExpanded/build/action_interfaces': CMAKE_PREFIX_PATH=${CMAKE_PREFIX_PATH}:/home/ibrahim/RobotArm/install/main_arm_package:/home/ibrahim/RobotArm/install/action_interfaces:/opt/ros/humble /usr/bin/cmake --install /home/ibrahim/RobotArmExpanded/build/action_interfaces
[7.552s] Level 1:colcon.colcon_core.environment:create_environment_scripts_only(action_interfaces)
[7.553s] DEBUG:colcon.colcon_core.event_handler.log_command:Invoked command in '/home/ibrahim/RobotArmExpanded/build/action_interfaces' returned '0': CMAKE_PREFIX_PATH=${CMAKE_PREFIX_PATH}:/home/ibrahim/RobotArm/install/main_arm_package:/home/ibrahim/RobotArm/install/action_interfaces:/opt/ros/humble /usr/bin/cmake --install /home/ibrahim/RobotArmExpanded/build/action_interfaces
[7.561s] Level 1:colcon.colcon_core.environment:checking '/home/ibrahim/RobotArmExpanded/install/action_interfaces' for CMake module files
[7.562s] Level 1:colcon.colcon_core.environment:checking '/home/ibrahim/RobotArmExpanded/install/action_interfaces' for CMake config files
[7.563s] Level 1:colcon.colcon_core.shell:create_environment_hook('action_interfaces', 'cmake_prefix_path')
[7.563s] INFO:colcon.colcon_core.shell:Creating environment hook '/home/ibrahim/RobotArmExpanded/install/action_interfaces/share/action_interfaces/hook/cmake_prefix_path.ps1'
[7.564s] INFO:colcon.colcon_core.shell:Creating environment descriptor '/home/ibrahim/RobotArmExpanded/install/action_interfaces/share/action_interfaces/hook/cmake_prefix_path.dsv'
[7.566s] INFO:colcon.colcon_core.shell:Creating environment hook '/home/ibrahim/RobotArmExpanded/install/action_interfaces/share/action_interfaces/hook/cmake_prefix_path.sh'
[7.567s] Level 1:colcon.colcon_core.environment:checking '/home/ibrahim/RobotArmExpanded/install/action_interfaces/lib'
[7.567s] Level 1:colcon.colcon_core.shell:create_environment_hook('action_interfaces', 'ld_library_path_lib')
[7.568s] INFO:colcon.colcon_core.shell:Creating environment hook '/home/ibrahim/RobotArmExpanded/install/action_interfaces/share/action_interfaces/hook/ld_library_path_lib.ps1'
[7.568s] INFO:colcon.colcon_core.shell:Creating environment descriptor '/home/ibrahim/RobotArmExpanded/install/action_interfaces/share/action_interfaces/hook/ld_library_path_lib.dsv'
[7.569s] INFO:colcon.colcon_core.shell:Creating environment hook '/home/ibrahim/RobotArmExpanded/install/action_interfaces/share/action_interfaces/hook/ld_library_path_lib.sh'
[7.569s] Level 1:colcon.colcon_core.environment:checking '/home/ibrahim/RobotArmExpanded/install/action_interfaces/bin'
[7.569s] Level 1:colcon.colcon_core.environment:checking '/home/ibrahim/RobotArmExpanded/install/action_interfaces/lib/pkgconfig/action_interfaces.pc'
[7.569s] Level 1:colcon.colcon_core.environment:checking '/home/ibrahim/RobotArmExpanded/install/action_interfaces/lib/python3.10/site-packages'
[7.570s] Level 1:colcon.colcon_core.environment:checking '/home/ibrahim/RobotArmExpanded/install/action_interfaces/bin'
[7.570s] INFO:colcon.colcon_core.shell:Creating package script '/home/ibrahim/RobotArmExpanded/install/action_interfaces/share/action_interfaces/package.ps1'
[7.571s] INFO:colcon.colcon_core.shell:Creating package descriptor '/home/ibrahim/RobotArmExpanded/install/action_interfaces/share/action_interfaces/package.dsv'
[7.573s] INFO:colcon.colcon_core.shell:Creating package script '/home/ibrahim/RobotArmExpanded/install/action_interfaces/share/action_interfaces/package.sh'
[7.574s] INFO:colcon.colcon_core.shell:Creating package script '/home/ibrahim/RobotArmExpanded/install/action_interfaces/share/action_interfaces/package.bash'
[7.575s] INFO:colcon.colcon_core.shell:Creating package script '/home/ibrahim/RobotArmExpanded/install/action_interfaces/share/action_interfaces/package.zsh'
[7.576s] Level 1:colcon.colcon_core.environment:create_file_with_runtime_dependencies(/home/ibrahim/RobotArmExpanded/install/action_interfaces/share/colcon-core/packages/action_interfaces)
[7.577s] Level 1:colcon.colcon_core.environment:create_environment_scripts_only(action_interfaces)
[7.577s] Level 1:colcon.colcon_core.environment:checking '/home/ibrahim/RobotArmExpanded/install/action_interfaces' for CMake module files
[7.577s] Level 1:colcon.colcon_core.environment:checking '/home/ibrahim/RobotArmExpanded/install/action_interfaces' for CMake config files
[7.579s] Level 1:colcon.colcon_core.shell:create_environment_hook('action_interfaces', 'cmake_prefix_path')
[7.580s] INFO:colcon.colcon_core.shell:Creating environment hook '/home/ibrahim/RobotArmExpanded/install/action_interfaces/share/action_interfaces/hook/cmake_prefix_path.ps1'
[7.581s] INFO:colcon.colcon_core.shell:Creating environment descriptor '/home/ibrahim/RobotArmExpanded/install/action_interfaces/share/action_interfaces/hook/cmake_prefix_path.dsv'
[7.581s] INFO:colcon.colcon_core.shell:Creating environment hook '/home/ibrahim/RobotArmExpanded/install/action_interfaces/share/action_interfaces/hook/cmake_prefix_path.sh'
[7.582s] Level 1:colcon.colcon_core.environment:checking '/home/ibrahim/RobotArmExpanded/install/action_interfaces/lib'
[7.582s] Level 1:colcon.colcon_core.shell:create_environment_hook('action_interfaces', 'ld_library_path_lib')
[7.582s] INFO:colcon.colcon_core.shell:Creating environment hook '/home/ibrahim/RobotArmExpanded/install/action_interfaces/share/action_interfaces/hook/ld_library_path_lib.ps1'
[7.583s] INFO:colcon.colcon_core.shell:Creating environment descriptor '/home/ibrahim/RobotArmExpanded/install/action_interfaces/share/action_interfaces/hook/ld_library_path_lib.dsv'
[7.583s] INFO:colcon.colcon_core.shell:Creating environment hook '/home/ibrahim/RobotArmExpanded/install/action_interfaces/share/action_interfaces/hook/ld_library_path_lib.sh'
[7.584s] Level 1:colcon.colcon_core.environment:checking '/home/ibrahim/RobotArmExpanded/install/action_interfaces/bin'
[7.584s] Level 1:colcon.colcon_core.environment:checking '/home/ibrahim/RobotArmExpanded/install/action_interfaces/lib/pkgconfig/action_interfaces.pc'
[7.584s] Level 1:colcon.colcon_core.environment:checking '/home/ibrahim/RobotArmExpanded/install/action_interfaces/lib/python3.10/site-packages'
[7.585s] Level 1:colcon.colcon_core.environment:checking '/home/ibrahim/RobotArmExpanded/install/action_interfaces/bin'
[7.585s] INFO:colcon.colcon_core.shell:Creating package script '/home/ibrahim/RobotArmExpanded/install/action_interfaces/share/action_interfaces/package.ps1'
[7.586s] INFO:colcon.colcon_core.shell:Creating package descriptor '/home/ibrahim/RobotArmExpanded/install/action_interfaces/share/action_interfaces/package.dsv'
[7.586s] INFO:colcon.colcon_core.shell:Creating package script '/home/ibrahim/RobotArmExpanded/install/action_interfaces/share/action_interfaces/package.sh'
[7.587s] INFO:colcon.colcon_core.shell:Creating package script '/home/ibrahim/RobotArmExpanded/install/action_interfaces/share/action_interfaces/package.bash'
[7.587s] INFO:colcon.colcon_core.shell:Creating package script '/home/ibrahim/RobotArmExpanded/install/action_interfaces/share/action_interfaces/package.zsh'
[7.588s] Level 1:colcon.colcon_core.environment:create_file_with_runtime_dependencies(/home/ibrahim/RobotArmExpanded/install/action_interfaces/share/colcon-core/packages/action_interfaces)
[7.588s] INFO:colcon.colcon_ros.task.ament_cmake.build:Building ROS package in '/home/ibrahim/RobotArmExpanded/src/main_arm_package' with build type 'ament_cmake'
[7.589s] INFO:colcon.colcon_cmake.task.cmake.build:Building CMake package in '/home/ibrahim/RobotArmExpanded/src/main_arm_package'
[7.589s] INFO:colcon.colcon_core.shell:Skip shell extension 'powershell' for command environment: Not usable outside of PowerShell
[7.589s] DEBUG:colcon.colcon_core.shell:Skip shell extension 'dsv' for command environment
[7.701s] DEBUG:colcon.colcon_core.event_handler.log_command:Invoking command in '/home/ibrahim/RobotArmExpanded/build/main_arm_package': CMAKE_PREFIX_PATH=/home/ibrahim/RobotArmExpanded/install/action_interfaces:/home/ibrahim/RobotArmExpanded/install/main_arm_package:/home/ibrahim/TF2Sample/install/tf2sim:/home/ibrahim/RobotNav/install/main_robot_nodes:/home/ibrahim/RobotNav/install/action_interfaces:/home/ibrahim/RobotMonitor/install/Robot3Node_Package:/home/ibrahim/ros2_ws/install/my_first_package:/home/ibrahim/ros2_ws/install/action_interfaces:/home/ibrahim/RobotArm/install/main_arm_package:/home/ibrahim/RobotArm/install/action_interfaces:/opt/ros/humble /usr/bin/cmake --build /home/ibrahim/RobotArmExpanded/build/main_arm_package -- -j16 -l16
[28.630s] DEBUG:colcon.colcon_core.event_handler.log_command:Invoked command in '/home/ibrahim/RobotArmExpanded/build/main_arm_package' returned '2': CMAKE_PREFIX_PATH=/home/ibrahim/RobotArmExpanded/install/action_interfaces:/home/ibrahim/RobotArmExpanded/install/main_arm_package:/home/ibrahim/TF2Sample/install/tf2sim:/home/ibrahim/RobotNav/install/main_robot_nodes:/home/ibrahim/RobotNav/install/action_interfaces:/home/ibrahim/RobotMonitor/install/Robot3Node_Package:/home/ibrahim/ros2_ws/install/my_first_package:/home/ibrahim/ros2_ws/install/action_interfaces:/home/ibrahim/RobotArm/install/main_arm_package:/home/ibrahim/RobotArm/install/action_interfaces:/opt/ros/humble /usr/bin/cmake --build /home/ibrahim/RobotArmExpanded/build/main_arm_package -- -j16 -l16
[28.630s] Level 1:colcon.colcon_core.environment:create_environment_scripts_only(main_arm_package)
[28.631s] Level 1:colcon.colcon_core.environment:checking '/home/ibrahim/RobotArmExpanded/install/main_arm_package' for CMake module files
[28.631s] Level 1:colcon.colcon_core.environment:checking '/home/ibrahim/RobotArmExpanded/install/main_arm_package' for CMake config files
[28.631s] Level 1:colcon.colcon_core.shell:create_environment_hook('main_arm_package', 'cmake_prefix_path')
[28.632s] INFO:colcon.colcon_core.shell:Creating environment hook '/home/ibrahim/RobotArmExpanded/install/main_arm_package/share/main_arm_package/hook/cmake_prefix_path.ps1'
[28.632s] INFO:colcon.colcon_core.shell:Creating environment descriptor '/home/ibrahim/RobotArmExpanded/install/main_arm_package/share/main_arm_package/hook/cmake_prefix_path.dsv'
[28.632s] INFO:colcon.colcon_core.shell:Creating environment hook '/home/ibrahim/RobotArmExpanded/install/main_arm_package/share/main_arm_package/hook/cmake_prefix_path.sh'
[28.633s] Level 1:colcon.colcon_core.environment:checking '/home/ibrahim/RobotArmExpanded/install/main_arm_package/lib'
[28.633s] Level 1:colcon.colcon_core.environment:checking '/home/ibrahim/RobotArmExpanded/install/main_arm_package/bin'
[28.633s] Level 1:colcon.colcon_core.environment:checking '/home/ibrahim/RobotArmExpanded/install/main_arm_package/lib/pkgconfig/main_arm_package.pc'
[28.633s] Level 1:colcon.colcon_core.environment:checking '/home/ibrahim/RobotArmExpanded/install/main_arm_package/lib/python3.10/site-packages'
[28.633s] Level 1:colcon.colcon_core.environment:checking '/home/ibrahim/RobotArmExpanded/install/main_arm_package/bin'
[28.634s] INFO:colcon.colcon_core.shell:Creating package script '/home/ibrahim/RobotArmExpanded/install/main_arm_package/share/main_arm_package/package.ps1'
[28.634s] INFO:colcon.colcon_core.shell:Creating package descriptor '/home/ibrahim/RobotArmExpanded/install/main_arm_package/share/main_arm_package/package.dsv'
[28.635s] INFO:colcon.colcon_core.shell:Creating package script '/home/ibrahim/RobotArmExpanded/install/main_arm_package/share/main_arm_package/package.sh'
[28.635s] INFO:colcon.colcon_core.shell:Creating package script '/home/ibrahim/RobotArmExpanded/install/main_arm_package/share/main_arm_package/package.bash'
[28.635s] INFO:colcon.colcon_core.shell:Creating package script '/home/ibrahim/RobotArmExpanded/install/main_arm_package/share/main_arm_package/package.zsh'
[28.636s] Level 1:colcon.colcon_core.environment:create_file_with_runtime_dependencies(/home/ibrahim/RobotArmExpanded/install/main_arm_package/share/colcon-core/packages/main_arm_package)
[28.646s] DEBUG:colcon.colcon_parallel_executor.executor.parallel:closing loop
[28.647s] DEBUG:colcon.colcon_parallel_executor.executor.parallel:loop closed
[28.647s] DEBUG:colcon.colcon_parallel_executor.executor.parallel:run_until_complete finished with '2'
[28.647s] DEBUG:colcon.colcon_core.event_reactor:joining thread
[28.708s] INFO:colcon.colcon_core.plugin_system:Skipping extension 'colcon_notification.desktop_notification.notify_send': Could not find 'notify-send'
[28.708s] INFO:colcon.colcon_core.plugin_system:Skipping extension 'colcon_notification.desktop_notification.terminal_notifier': Not used on non-Darwin systems
[28.708s] INFO:colcon.colcon_core.plugin_system:Skipping extension 'colcon_notification.desktop_notification.win32': Not used on non-Windows systems
[28.708s] INFO:colcon.colcon_notification.desktop_notification:Sending desktop notification using 'notify2'
[28.710s] DEBUG:colcon.colcon_notification.desktop_notification.notify2:Failed to initialize notify2: org.freedesktop.DBus.Error.FileNotFound: Failed to connect to socket /run/user/1000/bus: No such file or directory
[28.711s] DEBUG:colcon.colcon_core.event_reactor:joined thread
[28.711s] INFO:colcon.colcon_core.shell:Creating prefix script '/home/ibrahim/RobotArmExpanded/install/local_setup.ps1'
[28.712s] INFO:colcon.colcon_core.shell:Creating prefix util module '/home/ibrahim/RobotArmExpanded/install/_local_setup_util_ps1.py'
[28.714s] INFO:colcon.colcon_core.shell:Creating prefix chain script '/home/ibrahim/RobotArmExpanded/install/setup.ps1'
[28.715s] INFO:colcon.colcon_core.shell:Creating prefix script '/home/ibrahim/RobotArmExpanded/install/local_setup.sh'
[28.716s] INFO:colcon.colcon_core.shell:Creating prefix util module '/home/ibrahim/RobotArmExpanded/install/_local_setup_util_sh.py'
[28.716s] INFO:colcon.colcon_core.shell:Creating prefix chain script '/home/ibrahim/RobotArmExpanded/install/setup.sh'
[28.718s] INFO:colcon.colcon_core.shell:Creating prefix script '/home/ibrahim/RobotArmExpanded/install/local_setup.bash'
[28.719s] INFO:colcon.colcon_core.shell:Creating prefix chain script '/home/ibrahim/RobotArmExpanded/install/setup.bash'
[28.721s] INFO:colcon.colcon_core.shell:Creating prefix script '/home/ibrahim/RobotArmExpanded/install/local_setup.zsh'
[28.722s] INFO:colcon.colcon_core.shell:Creating prefix chain script '/home/ibrahim/RobotArmExpanded/install/setup.zsh'
