[0.163s] Invoking command in '/home/ibrahim/RobotArmExpanded/build/main_arm_package': AMENT_PREFIX_PATH=/home/ibrahim/RobotArmExpanded/install/action_interfaces:${AMENT_PREFIX_PATH} CMAKE_PREFIX_PATH=/home/ibrahim/RobotArmExpanded/install/action_interfaces:/home/ibrahim/RobotArm/install/main_arm_package:/home/ibrahim/RobotArm/install/action_interfaces:/home/ibrahim/TF2Sample/install/tf2sim:/home/ibrahim/RobotNav/install/main_robot_nodes:/home/ibrahim/RobotNav/install/action_interfaces:/home/ibrahim/RobotMonitor/install/Robot3Node_Package:/home/ibrahim/ros2_ws/install/my_first_package:/home/ibrahim/ros2_ws/install/action_interfaces:/opt/ros/humble LD_LIBRARY_PATH=/home/ibrahim/RobotArmExpanded/install/action_interfaces/lib:${LD_LIBRARY_PATH} PYTHONPATH=/home/ibrahim/RobotArmExpanded/install/action_interfaces/local/lib/python3.10/dist-packages:${PYTHONPATH} /usr/bin/cmake --build /home/ibrahim/RobotArmExpanded/build/main_arm_package -- -j16 -l16
[0.230s] [35m[1mConsolidate compiler generated dependencies of target ArmMover[0m
[0.233s] [35m[1mConsolidate compiler generated dependencies of target ArmClient[0m
[0.251s] [ 25%] Built target ArmController
[0.251s] [ 50%] Built target ArmMonitor
[0.260s] [ 75%] Built target ArmMover
[0.261s] [ 87%] [32mBuilding CXX object CMakeFiles/ArmClient.dir/src/ArmClient.cpp.o[0m
[3.270s] [01m[K/home/ibrahim/RobotArmExpanded/src/main_arm_package/src/ArmClient.cpp:[m[K In member function ‘[01m[Kvoid ArmClient::callMoveSequence()[m[K’:
[3.270s] [01m[K/home/ibrahim/RobotArmExpanded/src/main_arm_package/src/ArmClient.cpp:73:10:[m[K [01;31m[Kerror: [m[Kambiguous overload for ‘[01m[Koperator=[m[K’ (operand types are ‘[01m[Krclcpp::Client<action_interfaces::srv::CheckLimits>::SharedFuture[m[K’ {aka ‘[01m[Kstd::shared_future<std::shared_ptr<action_interfaces::srv::CheckLimits_Response_<std::allocator<void> > > >[m[K’} and ‘[01m[Krclcpp::Client<action_interfaces::srv::CheckLimits>::SharedFutureAndRequestId[m[K’)
[3.270s]    73 |         }[01;31m[K)[m[K;
[3.270s]       |          [01;31m[K^[m[K
[3.270s] In file included from [01m[K/opt/ros/humble/include/rclcpp_action/rclcpp_action/client.hpp:21[m[K,
[3.271s]                  from [01m[K/opt/ros/humble/include/rclcpp_action/rclcpp_action/rclcpp_action.hpp:36[m[K,
[3.271s]                  from [01m[K/home/ibrahim/RobotArmExpanded/src/main_arm_package/src/ArmClient.cpp:1[m[K:
[3.271s] [01m[K/usr/include/c++/11/future:927:22:[m[K [01;36m[Knote: [m[Kcandidate: ‘[01m[Kstd::shared_future<_Res>& std::shared_future<_Res>::operator=(const std::shared_future<_Res>&) [with _Res = std::shared_ptr<action_interfaces::srv::CheckLimits_Response_<std::allocator<void> > >][m[K’
[3.271s]   927 |       shared_future& [01;36m[Koperator[m[K=(const shared_future& __sf) noexcept
[3.271s]       |                      [01;36m[K^~~~~~~~[m[K
[3.271s] [01m[K/usr/include/c++/11/future:933:22:[m[K [01;36m[Knote: [m[Kcandidate: ‘[01m[Kstd::shared_future<_Res>& std::shared_future<_Res>::operator=(std::shared_future<_Res>&&) [with _Res = std::shared_ptr<action_interfaces::srv::CheckLimits_Response_<std::allocator<void> > >][m[K’
[3.271s]   933 |       shared_future& [01;36m[Koperator[m[K=(shared_future&& __sf) noexcept
[3.271s]       |                      [01;36m[K^~~~~~~~[m[K
[4.261s] gmake[2]: *** [CMakeFiles/ArmClient.dir/build.make:76: CMakeFiles/ArmClient.dir/src/ArmClient.cpp.o] Error 1
[4.261s] gmake[1]: *** [CMakeFiles/Makefile2:221: CMakeFiles/ArmClient.dir/all] Error 2
[4.261s] gmake: *** [Makefile:146: all] Error 2
[4.263s] Invoked command in '/home/ibrahim/RobotArmExpanded/build/main_arm_package' returned '2': AMENT_PREFIX_PATH=/home/ibrahim/RobotArmExpanded/install/action_interfaces:${AMENT_PREFIX_PATH} CMAKE_PREFIX_PATH=/home/ibrahim/RobotArmExpanded/install/action_interfaces:/home/ibrahim/RobotArm/install/main_arm_package:/home/ibrahim/RobotArm/install/action_interfaces:/home/ibrahim/TF2Sample/install/tf2sim:/home/ibrahim/RobotNav/install/main_robot_nodes:/home/ibrahim/RobotNav/install/action_interfaces:/home/ibrahim/RobotMonitor/install/Robot3Node_Package:/home/ibrahim/ros2_ws/install/my_first_package:/home/ibrahim/ros2_ws/install/action_interfaces:/opt/ros/humble LD_LIBRARY_PATH=/home/ibrahim/RobotArmExpanded/install/action_interfaces/lib:${LD_LIBRARY_PATH} PYTHONPATH=/home/ibrahim/RobotArmExpanded/install/action_interfaces/local/lib/python3.10/dist-packages:${PYTHONPATH} /usr/bin/cmake --build /home/ibrahim/RobotArmExpanded/build/main_arm_package -- -j16 -l16
