[0.252s] DEBUG:colcon:Command line arguments: ['/usr/bin/colcon', 'build']
[0.252s] DEBUG:colcon:Parsed command line arguments: Namespace(log_base=None, log_level=None, verb_name='build', build_base='build', install_base='install', merge_install=False, symlink_install=False, test_result_base=None, continue_on_error=False, executor='parallel', parallel_workers=16, event_handlers=None, ignore_user_meta=False, metas=['./colcon.meta'], base_paths=['.'], packages_ignore=None, packages_ignore_regex=None, paths=None, packages_up_to=None, packages_up_to_regex=None, packages_above=None, packages_above_and_dependencies=None, packages_above_depth=None, packages_select_by_dep=None, packages_skip_by_dep=None, packages_skip_up_to=None, packages_select_build_failed=False, packages_skip_build_finished=False, packages_select_test_failures=False, packages_skip_test_passed=False, packages_select=None, packages_skip=None, packages_select_regex=None, packages_skip_regex=None, packages_start=None, packages_end=None, allow_overriding=[], cmake_args=None, cmake_target=None, cmake_target_skip_unavailable=False, cmake_clean_cache=False, cmake_clean_first=False, cmake_force_configure=False, ament_cmake_args=None, catkin_cmake_args=None, catkin_skip_building_tests=False, verb_parser=<colcon_defaults.argument_parser.defaults.DefaultArgumentsDecorator object at 0x71e6e1448ca0>, verb_extension=<colcon_core.verb.build.BuildVerb object at 0x71e6e14486d0>, main=<bound method BuildVerb.main of <colcon_core.verb.build.BuildVerb object at 0x71e6e14486d0>>)
[0.387s] Level 1:colcon.colcon_core.package_discovery:discover_packages(colcon_meta) check parameters
[0.388s] Level 1:colcon.colcon_core.package_discovery:discover_packages(recursive) check parameters
[0.388s] Level 1:colcon.colcon_core.package_discovery:discover_packages(ignore) check parameters
[0.388s] Level 1:colcon.colcon_core.package_discovery:discover_packages(path) check parameters
[0.388s] Level 1:colcon.colcon_core.package_discovery:discover_packages(colcon_meta) discover
[0.388s] Level 1:colcon.colcon_core.package_discovery:discover_packages(recursive) discover
[0.388s] INFO:colcon.colcon_core.package_discovery:Crawling recursively for packages in '/home/ibrahim/RobotArmExpanded'
[0.388s] Level 1:colcon.colcon_core.package_identification:_identify(.) by extensions ['ignore', 'ignore_ament_install']
[0.388s] Level 1:colcon.colcon_core.package_identification:_identify(.) by extension 'ignore'
[0.388s] Level 1:colcon.colcon_core.package_identification:_identify(.) by extension 'ignore_ament_install'
[0.388s] Level 1:colcon.colcon_core.package_identification:_identify(.) by extensions ['colcon_pkg']
[0.388s] Level 1:colcon.colcon_core.package_identification:_identify(.) by extension 'colcon_pkg'
[0.388s] Level 1:colcon.colcon_core.package_identification:_identify(.) by extensions ['colcon_meta']
[0.388s] Level 1:colcon.colcon_core.package_identification:_identify(.) by extension 'colcon_meta'
[0.388s] Level 1:colcon.colcon_core.package_identification:_identify(.) by extensions ['ros']
[0.388s] Level 1:colcon.colcon_core.package_identification:_identify(.) by extension 'ros'
[0.398s] Level 1:colcon.colcon_core.package_identification:_identify(.) by extensions ['cmake', 'python']
[0.398s] Level 1:colcon.colcon_core.package_identification:_identify(.) by extension 'cmake'
[0.398s] Level 1:colcon.colcon_core.package_identification:_identify(.) by extension 'python'
[0.398s] Level 1:colcon.colcon_core.package_identification:_identify(.) by extensions ['python_setup_py']
[0.398s] Level 1:colcon.colcon_core.package_identification:_identify(.) by extension 'python_setup_py'
[0.398s] Level 1:colcon.colcon_core.package_identification:_identify(build) by extensions ['ignore', 'ignore_ament_install']
[0.398s] Level 1:colcon.colcon_core.package_identification:_identify(build) by extension 'ignore'
[0.398s] Level 1:colcon.colcon_core.package_identification:_identify(build) ignored
[0.398s] Level 1:colcon.colcon_core.package_identification:_identify(install) by extensions ['ignore', 'ignore_ament_install']
[0.399s] Level 1:colcon.colcon_core.package_identification:_identify(install) by extension 'ignore'
[0.399s] Level 1:colcon.colcon_core.package_identification:_identify(install) ignored
[0.399s] Level 1:colcon.colcon_core.package_identification:_identify(log) by extensions ['ignore', 'ignore_ament_install']
[0.399s] Level 1:colcon.colcon_core.package_identification:_identify(log) by extension 'ignore'
[0.399s] Level 1:colcon.colcon_core.package_identification:_identify(log) ignored
[0.399s] Level 1:colcon.colcon_core.package_identification:_identify(src) by extensions ['ignore', 'ignore_ament_install']
[0.399s] Level 1:colcon.colcon_core.package_identification:_identify(src) by extension 'ignore'
[0.399s] Level 1:colcon.colcon_core.package_identification:_identify(src) by extension 'ignore_ament_install'
[0.399s] Level 1:colcon.colcon_core.package_identification:_identify(src) by extensions ['colcon_pkg']
[0.399s] Level 1:colcon.colcon_core.package_identification:_identify(src) by extension 'colcon_pkg'
[0.399s] Level 1:colcon.colcon_core.package_identification:_identify(src) by extensions ['colcon_meta']
[0.399s] Level 1:colcon.colcon_core.package_identification:_identify(src) by extension 'colcon_meta'
[0.399s] Level 1:colcon.colcon_core.package_identification:_identify(src) by extensions ['ros']
[0.399s] Level 1:colcon.colcon_core.package_identification:_identify(src) by extension 'ros'
[0.399s] Level 1:colcon.colcon_core.package_identification:_identify(src) by extensions ['cmake', 'python']
[0.399s] Level 1:colcon.colcon_core.package_identification:_identify(src) by extension 'cmake'
[0.399s] Level 1:colcon.colcon_core.package_identification:_identify(src) by extension 'python'
[0.399s] Level 1:colcon.colcon_core.package_identification:_identify(src) by extensions ['python_setup_py']
[0.399s] Level 1:colcon.colcon_core.package_identification:_identify(src) by extension 'python_setup_py'
[0.399s] Level 1:colcon.colcon_core.package_identification:_identify(src/action_interfaces) by extensions ['ignore', 'ignore_ament_install']
[0.399s] Level 1:colcon.colcon_core.package_identification:_identify(src/action_interfaces) by extension 'ignore'
[0.399s] Level 1:colcon.colcon_core.package_identification:_identify(src/action_interfaces) by extension 'ignore_ament_install'
[0.399s] Level 1:colcon.colcon_core.package_identification:_identify(src/action_interfaces) by extensions ['colcon_pkg']
[0.399s] Level 1:colcon.colcon_core.package_identification:_identify(src/action_interfaces) by extension 'colcon_pkg'
[0.399s] Level 1:colcon.colcon_core.package_identification:_identify(src/action_interfaces) by extensions ['colcon_meta']
[0.399s] Level 1:colcon.colcon_core.package_identification:_identify(src/action_interfaces) by extension 'colcon_meta'
[0.399s] Level 1:colcon.colcon_core.package_identification:_identify(src/action_interfaces) by extensions ['ros']
[0.399s] Level 1:colcon.colcon_core.package_identification:_identify(src/action_interfaces) by extension 'ros'
[0.401s] DEBUG:colcon.colcon_core.package_identification:Package 'src/action_interfaces' with type 'ros.ament_cmake' and name 'action_interfaces'
[0.401s] Level 1:colcon.colcon_core.package_identification:_identify(src/main_arm_package) by extensions ['ignore', 'ignore_ament_install']
[0.401s] Level 1:colcon.colcon_core.package_identification:_identify(src/main_arm_package) by extension 'ignore'
[0.401s] Level 1:colcon.colcon_core.package_identification:_identify(src/main_arm_package) by extension 'ignore_ament_install'
[0.401s] Level 1:colcon.colcon_core.package_identification:_identify(src/main_arm_package) by extensions ['colcon_pkg']
[0.401s] Level 1:colcon.colcon_core.package_identification:_identify(src/main_arm_package) by extension 'colcon_pkg'
[0.401s] Level 1:colcon.colcon_core.package_identification:_identify(src/main_arm_package) by extensions ['colcon_meta']
[0.401s] Level 1:colcon.colcon_core.package_identification:_identify(src/main_arm_package) by extension 'colcon_meta'
[0.401s] Level 1:colcon.colcon_core.package_identification:_identify(src/main_arm_package) by extensions ['ros']
[0.402s] Level 1:colcon.colcon_core.package_identification:_identify(src/main_arm_package) by extension 'ros'
[0.402s] DEBUG:colcon.colcon_core.package_identification:Package 'src/main_arm_package' with type 'ros.ament_cmake' and name 'main_arm_package'
[0.402s] Level 1:colcon.colcon_core.package_discovery:discover_packages(recursive) using defaults
[0.402s] Level 1:colcon.colcon_core.package_discovery:discover_packages(ignore) discover
[0.402s] Level 1:colcon.colcon_core.package_discovery:discover_packages(ignore) using defaults
[0.402s] Level 1:colcon.colcon_core.package_discovery:discover_packages(path) discover
[0.402s] Level 1:colcon.colcon_core.package_discovery:discover_packages(path) using defaults
[0.420s] Level 1:colcon.colcon_core.package_discovery:discover_packages(prefix_path) check parameters
[0.420s] Level 1:colcon.colcon_core.package_discovery:discover_packages(prefix_path) discover
[0.422s] DEBUG:colcon.colcon_installed_package_information.package_discovery:Found 2 installed packages in /home/ibrahim/RobotArmExpanded/install
[0.422s] DEBUG:colcon.colcon_installed_package_information.package_discovery:Found 2 installed packages in /home/ibrahim/RobotArm/install
[0.423s] DEBUG:colcon.colcon_installed_package_information.package_discovery:Found 1 installed packages in /home/ibrahim/TF2Sample/install
[0.423s] DEBUG:colcon.colcon_installed_package_information.package_discovery:Found 2 installed packages in /home/ibrahim/RobotNav/install
[0.424s] DEBUG:colcon.colcon_installed_package_information.package_discovery:Found 1 installed packages in /home/ibrahim/RobotMonitor/install
[0.425s] DEBUG:colcon.colcon_installed_package_information.package_discovery:Found 2 installed packages in /home/ibrahim/ros2_ws/install
[0.428s] DEBUG:colcon.colcon_installed_package_information.package_discovery:Found 381 installed packages in /opt/ros/humble
[0.439s] Level 1:colcon.colcon_core.package_discovery:discover_packages(prefix_path) using defaults
[0.482s] Level 5:colcon.colcon_core.verb:set package 'action_interfaces' build argument 'cmake_args' from command line to 'None'
[0.482s] Level 5:colcon.colcon_core.verb:set package 'action_interfaces' build argument 'cmake_target' from command line to 'None'
[0.482s] Level 5:colcon.colcon_core.verb:set package 'action_interfaces' build argument 'cmake_target_skip_unavailable' from command line to 'False'
[0.482s] Level 5:colcon.colcon_core.verb:set package 'action_interfaces' build argument 'cmake_clean_cache' from command line to 'False'
[0.482s] Level 5:colcon.colcon_core.verb:set package 'action_interfaces' build argument 'cmake_clean_first' from command line to 'False'
[0.482s] Level 5:colcon.colcon_core.verb:set package 'action_interfaces' build argument 'cmake_force_configure' from command line to 'False'
[0.482s] Level 5:colcon.colcon_core.verb:set package 'action_interfaces' build argument 'ament_cmake_args' from command line to 'None'
[0.482s] Level 5:colcon.colcon_core.verb:set package 'action_interfaces' build argument 'catkin_cmake_args' from command line to 'None'
[0.482s] Level 5:colcon.colcon_core.verb:set package 'action_interfaces' build argument 'catkin_skip_building_tests' from command line to 'False'
[0.482s] DEBUG:colcon.colcon_core.verb:Building package 'action_interfaces' with the following arguments: {'ament_cmake_args': None, 'build_base': '/home/ibrahim/RobotArmExpanded/build/action_interfaces', 'catkin_cmake_args': None, 'catkin_skip_building_tests': False, 'cmake_args': None, 'cmake_clean_cache': False, 'cmake_clean_first': False, 'cmake_force_configure': False, 'cmake_target': None, 'cmake_target_skip_unavailable': False, 'install_base': '/home/ibrahim/RobotArmExpanded/install/action_interfaces', 'merge_install': False, 'path': '/home/ibrahim/RobotArmExpanded/src/action_interfaces', 'symlink_install': False, 'test_result_base': None}
[0.482s] Level 5:colcon.colcon_core.verb:set package 'main_arm_package' build argument 'cmake_args' from command line to 'None'
[0.482s] Level 5:colcon.colcon_core.verb:set package 'main_arm_package' build argument 'cmake_target' from command line to 'None'
[0.482s] Level 5:colcon.colcon_core.verb:set package 'main_arm_package' build argument 'cmake_target_skip_unavailable' from command line to 'False'
[0.482s] Level 5:colcon.colcon_core.verb:set package 'main_arm_package' build argument 'cmake_clean_cache' from command line to 'False'
[0.482s] Level 5:colcon.colcon_core.verb:set package 'main_arm_package' build argument 'cmake_clean_first' from command line to 'False'
[0.483s] Level 5:colcon.colcon_core.verb:set package 'main_arm_package' build argument 'cmake_force_configure' from command line to 'False'
[0.483s] Level 5:colcon.colcon_core.verb:set package 'main_arm_package' build argument 'ament_cmake_args' from command line to 'None'
[0.483s] Level 5:colcon.colcon_core.verb:set package 'main_arm_package' build argument 'catkin_cmake_args' from command line to 'None'
[0.483s] Level 5:colcon.colcon_core.verb:set package 'main_arm_package' build argument 'catkin_skip_building_tests' from command line to 'False'
[0.483s] DEBUG:colcon.colcon_core.verb:Building package 'main_arm_package' with the following arguments: {'ament_cmake_args': None, 'build_base': '/home/ibrahim/RobotArmExpanded/build/main_arm_package', 'catkin_cmake_args': None, 'catkin_skip_building_tests': False, 'cmake_args': None, 'cmake_clean_cache': False, 'cmake_clean_first': False, 'cmake_force_configure': False, 'cmake_target': None, 'cmake_target_skip_unavailable': False, 'install_base': '/home/ibrahim/RobotArmExpanded/install/main_arm_package', 'merge_install': False, 'path': '/home/ibrahim/RobotArmExpanded/src/main_arm_package', 'symlink_install': False, 'test_result_base': None}
[0.483s] INFO:colcon.colcon_core.executor:Executing jobs using 'parallel' executor
[0.484s] DEBUG:colcon.colcon_parallel_executor.executor.parallel:run_until_complete
[0.484s] INFO:colcon.colcon_ros.task.ament_cmake.build:Building ROS package in '/home/ibrahim/RobotArmExpanded/src/action_interfaces' with build type 'ament_cmake'
[0.485s] INFO:colcon.colcon_cmake.task.cmake.build:Building CMake package in '/home/ibrahim/RobotArmExpanded/src/action_interfaces'
[0.488s] INFO:colcon.colcon_core.plugin_system:Skipping extension 'colcon_core.shell.bat': Not used on non-Windows systems
[0.488s] INFO:colcon.colcon_core.shell:Skip shell extension 'powershell' for command environment: Not usable outside of PowerShell
[0.488s] DEBUG:colcon.colcon_core.shell:Skip shell extension 'dsv' for command environment
[0.506s] DEBUG:colcon.colcon_core.event_handler.log_command:Invoking command in '/home/ibrahim/RobotArmExpanded/build/action_interfaces': CMAKE_PREFIX_PATH=${CMAKE_PREFIX_PATH}:/home/ibrahim/RobotArm/install/main_arm_package:/home/ibrahim/RobotArm/install/action_interfaces:/opt/ros/humble /usr/bin/cmake --build /home/ibrahim/RobotArmExpanded/build/action_interfaces -- -j16 -l16
[0.905s] DEBUG:colcon.colcon_core.event_handler.log_command:Invoked command in '/home/ibrahim/RobotArmExpanded/build/action_interfaces' returned '0': CMAKE_PREFIX_PATH=${CMAKE_PREFIX_PATH}:/home/ibrahim/RobotArm/install/main_arm_package:/home/ibrahim/RobotArm/install/action_interfaces:/opt/ros/humble /usr/bin/cmake --build /home/ibrahim/RobotArmExpanded/build/action_interfaces -- -j16 -l16
[0.919s] DEBUG:colcon.colcon_core.event_handler.log_command:Invoking command in '/home/ibrahim/RobotArmExpanded/build/action_interfaces': CMAKE_PREFIX_PATH=${CMAKE_PREFIX_PATH}:/home/ibrahim/RobotArm/install/main_arm_package:/home/ibrahim/RobotArm/install/action_interfaces:/opt/ros/humble /usr/bin/cmake --install /home/ibrahim/RobotArmExpanded/build/action_interfaces
[1.003s] Level 1:colcon.colcon_core.environment:create_environment_scripts_only(action_interfaces)
[1.005s] DEBUG:colcon.colcon_core.event_handler.log_command:Invoked command in '/home/ibrahim/RobotArmExpanded/build/action_interfaces' returned '0': CMAKE_PREFIX_PATH=${CMAKE_PREFIX_PATH}:/home/ibrahim/RobotArm/install/main_arm_package:/home/ibrahim/RobotArm/install/action_interfaces:/opt/ros/humble /usr/bin/cmake --install /home/ibrahim/RobotArmExpanded/build/action_interfaces
[1.007s] Level 1:colcon.colcon_core.environment:checking '/home/ibrahim/RobotArmExpanded/install/action_interfaces' for CMake module files
[1.008s] Level 1:colcon.colcon_core.environment:checking '/home/ibrahim/RobotArmExpanded/install/action_interfaces' for CMake config files
[1.009s] Level 1:colcon.colcon_core.shell:create_environment_hook('action_interfaces', 'cmake_prefix_path')
[1.009s] INFO:colcon.colcon_core.shell:Creating environment hook '/home/ibrahim/RobotArmExpanded/install/action_interfaces/share/action_interfaces/hook/cmake_prefix_path.ps1'
[1.010s] INFO:colcon.colcon_core.shell:Creating environment descriptor '/home/ibrahim/RobotArmExpanded/install/action_interfaces/share/action_interfaces/hook/cmake_prefix_path.dsv'
[1.010s] INFO:colcon.colcon_core.shell:Creating environment hook '/home/ibrahim/RobotArmExpanded/install/action_interfaces/share/action_interfaces/hook/cmake_prefix_path.sh'
[1.011s] Level 1:colcon.colcon_core.environment:checking '/home/ibrahim/RobotArmExpanded/install/action_interfaces/lib'
[1.011s] Level 1:colcon.colcon_core.shell:create_environment_hook('action_interfaces', 'ld_library_path_lib')
[1.012s] INFO:colcon.colcon_core.shell:Creating environment hook '/home/ibrahim/RobotArmExpanded/install/action_interfaces/share/action_interfaces/hook/ld_library_path_lib.ps1'
[1.012s] INFO:colcon.colcon_core.shell:Creating environment descriptor '/home/ibrahim/RobotArmExpanded/install/action_interfaces/share/action_interfaces/hook/ld_library_path_lib.dsv'
[1.012s] INFO:colcon.colcon_core.shell:Creating environment hook '/home/ibrahim/RobotArmExpanded/install/action_interfaces/share/action_interfaces/hook/ld_library_path_lib.sh'
[1.013s] Level 1:colcon.colcon_core.environment:checking '/home/ibrahim/RobotArmExpanded/install/action_interfaces/bin'
[1.013s] Level 1:colcon.colcon_core.environment:checking '/home/ibrahim/RobotArmExpanded/install/action_interfaces/lib/pkgconfig/action_interfaces.pc'
[1.013s] Level 1:colcon.colcon_core.environment:checking '/home/ibrahim/RobotArmExpanded/install/action_interfaces/lib/python3.10/site-packages'
[1.013s] Level 1:colcon.colcon_core.environment:checking '/home/ibrahim/RobotArmExpanded/install/action_interfaces/bin'
[1.013s] INFO:colcon.colcon_core.shell:Creating package script '/home/ibrahim/RobotArmExpanded/install/action_interfaces/share/action_interfaces/package.ps1'
[1.015s] INFO:colcon.colcon_core.shell:Creating package descriptor '/home/ibrahim/RobotArmExpanded/install/action_interfaces/share/action_interfaces/package.dsv'
[1.015s] INFO:colcon.colcon_core.shell:Creating package script '/home/ibrahim/RobotArmExpanded/install/action_interfaces/share/action_interfaces/package.sh'
[1.016s] INFO:colcon.colcon_core.shell:Creating package script '/home/ibrahim/RobotArmExpanded/install/action_interfaces/share/action_interfaces/package.bash'
[1.017s] INFO:colcon.colcon_core.shell:Creating package script '/home/ibrahim/RobotArmExpanded/install/action_interfaces/share/action_interfaces/package.zsh'
[1.018s] Level 1:colcon.colcon_core.environment:create_file_with_runtime_dependencies(/home/ibrahim/RobotArmExpanded/install/action_interfaces/share/colcon-core/packages/action_interfaces)
[1.019s] Level 1:colcon.colcon_core.environment:create_environment_scripts_only(action_interfaces)
[1.019s] Level 1:colcon.colcon_core.environment:checking '/home/ibrahim/RobotArmExpanded/install/action_interfaces' for CMake module files
[1.019s] Level 1:colcon.colcon_core.environment:checking '/home/ibrahim/RobotArmExpanded/install/action_interfaces' for CMake config files
[1.020s] Level 1:colcon.colcon_core.shell:create_environment_hook('action_interfaces', 'cmake_prefix_path')
[1.021s] INFO:colcon.colcon_core.shell:Creating environment hook '/home/ibrahim/RobotArmExpanded/install/action_interfaces/share/action_interfaces/hook/cmake_prefix_path.ps1'
[1.021s] INFO:colcon.colcon_core.shell:Creating environment descriptor '/home/ibrahim/RobotArmExpanded/install/action_interfaces/share/action_interfaces/hook/cmake_prefix_path.dsv'
[1.022s] INFO:colcon.colcon_core.shell:Creating environment hook '/home/ibrahim/RobotArmExpanded/install/action_interfaces/share/action_interfaces/hook/cmake_prefix_path.sh'
[1.022s] Level 1:colcon.colcon_core.environment:checking '/home/ibrahim/RobotArmExpanded/install/action_interfaces/lib'
[1.022s] Level 1:colcon.colcon_core.shell:create_environment_hook('action_interfaces', 'ld_library_path_lib')
[1.023s] INFO:colcon.colcon_core.shell:Creating environment hook '/home/ibrahim/RobotArmExpanded/install/action_interfaces/share/action_interfaces/hook/ld_library_path_lib.ps1'
[1.023s] INFO:colcon.colcon_core.shell:Creating environment descriptor '/home/ibrahim/RobotArmExpanded/install/action_interfaces/share/action_interfaces/hook/ld_library_path_lib.dsv'
[1.023s] INFO:colcon.colcon_core.shell:Creating environment hook '/home/ibrahim/RobotArmExpanded/install/action_interfaces/share/action_interfaces/hook/ld_library_path_lib.sh'
[1.024s] Level 1:colcon.colcon_core.environment:checking '/home/ibrahim/RobotArmExpanded/install/action_interfaces/bin'
[1.024s] Level 1:colcon.colcon_core.environment:checking '/home/ibrahim/RobotArmExpanded/install/action_interfaces/lib/pkgconfig/action_interfaces.pc'
[1.024s] Level 1:colcon.colcon_core.environment:checking '/home/ibrahim/RobotArmExpanded/install/action_interfaces/lib/python3.10/site-packages'
[1.024s] Level 1:colcon.colcon_core.environment:checking '/home/ibrahim/RobotArmExpanded/install/action_interfaces/bin'
[1.025s] INFO:colcon.colcon_core.shell:Creating package script '/home/ibrahim/RobotArmExpanded/install/action_interfaces/share/action_interfaces/package.ps1'
[1.025s] INFO:colcon.colcon_core.shell:Creating package descriptor '/home/ibrahim/RobotArmExpanded/install/action_interfaces/share/action_interfaces/package.dsv'
[1.026s] INFO:colcon.colcon_core.shell:Creating package script '/home/ibrahim/RobotArmExpanded/install/action_interfaces/share/action_interfaces/package.sh'
[1.026s] INFO:colcon.colcon_core.shell:Creating package script '/home/ibrahim/RobotArmExpanded/install/action_interfaces/share/action_interfaces/package.bash'
[1.027s] INFO:colcon.colcon_core.shell:Creating package script '/home/ibrahim/RobotArmExpanded/install/action_interfaces/share/action_interfaces/package.zsh'
[1.027s] Level 1:colcon.colcon_core.environment:create_file_with_runtime_dependencies(/home/ibrahim/RobotArmExpanded/install/action_interfaces/share/colcon-core/packages/action_interfaces)
[1.027s] INFO:colcon.colcon_ros.task.ament_cmake.build:Building ROS package in '/home/ibrahim/RobotArmExpanded/src/main_arm_package' with build type 'ament_cmake'
[1.028s] INFO:colcon.colcon_cmake.task.cmake.build:Building CMake package in '/home/ibrahim/RobotArmExpanded/src/main_arm_package'
[1.028s] INFO:colcon.colcon_core.shell:Skip shell extension 'powershell' for command environment: Not usable outside of PowerShell
[1.028s] DEBUG:colcon.colcon_core.shell:Skip shell extension 'dsv' for command environment
[1.135s] DEBUG:colcon.colcon_core.event_handler.log_command:Invoking command in '/home/ibrahim/RobotArmExpanded/build/main_arm_package': CMAKE_PREFIX_PATH=/home/ibrahim/RobotArmExpanded/install/action_interfaces:/home/ibrahim/RobotArmExpanded/install/main_arm_package:/home/ibrahim/TF2Sample/install/tf2sim:/home/ibrahim/RobotNav/install/main_robot_nodes:/home/ibrahim/RobotNav/install/action_interfaces:/home/ibrahim/RobotMonitor/install/Robot3Node_Package:/home/ibrahim/ros2_ws/install/my_first_package:/home/ibrahim/ros2_ws/install/action_interfaces:/home/ibrahim/RobotArm/install/main_arm_package:/home/ibrahim/RobotArm/install/action_interfaces:/opt/ros/humble /usr/bin/cmake --build /home/ibrahim/RobotArmExpanded/build/main_arm_package -- -j16 -l16
[12.508s] DEBUG:colcon.colcon_core.event_handler.log_command:Invoked command in '/home/ibrahim/RobotArmExpanded/build/main_arm_package' returned '0': CMAKE_PREFIX_PATH=/home/ibrahim/RobotArmExpanded/install/action_interfaces:/home/ibrahim/RobotArmExpanded/install/main_arm_package:/home/ibrahim/TF2Sample/install/tf2sim:/home/ibrahim/RobotNav/install/main_robot_nodes:/home/ibrahim/RobotNav/install/action_interfaces:/home/ibrahim/RobotMonitor/install/Robot3Node_Package:/home/ibrahim/ros2_ws/install/my_first_package:/home/ibrahim/ros2_ws/install/action_interfaces:/home/ibrahim/RobotArm/install/main_arm_package:/home/ibrahim/RobotArm/install/action_interfaces:/opt/ros/humble /usr/bin/cmake --build /home/ibrahim/RobotArmExpanded/build/main_arm_package -- -j16 -l16
[12.511s] DEBUG:colcon.colcon_core.event_handler.log_command:Invoking command in '/home/ibrahim/RobotArmExpanded/build/main_arm_package': CMAKE_PREFIX_PATH=/home/ibrahim/RobotArmExpanded/install/action_interfaces:/home/ibrahim/RobotArmExpanded/install/main_arm_package:/home/ibrahim/TF2Sample/install/tf2sim:/home/ibrahim/RobotNav/install/main_robot_nodes:/home/ibrahim/RobotNav/install/action_interfaces:/home/ibrahim/RobotMonitor/install/Robot3Node_Package:/home/ibrahim/ros2_ws/install/my_first_package:/home/ibrahim/ros2_ws/install/action_interfaces:/home/ibrahim/RobotArm/install/main_arm_package:/home/ibrahim/RobotArm/install/action_interfaces:/opt/ros/humble /usr/bin/cmake --install /home/ibrahim/RobotArmExpanded/build/main_arm_package
[12.535s] Level 1:colcon.colcon_core.environment:create_environment_scripts_only(main_arm_package)
[12.535s] Level 1:colcon.colcon_core.environment:checking '/home/ibrahim/RobotArmExpanded/install/main_arm_package' for CMake module files
[12.536s] DEBUG:colcon.colcon_core.event_handler.log_command:Invoked command in '/home/ibrahim/RobotArmExpanded/build/main_arm_package' returned '0': CMAKE_PREFIX_PATH=/home/ibrahim/RobotArmExpanded/install/action_interfaces:/home/ibrahim/RobotArmExpanded/install/main_arm_package:/home/ibrahim/TF2Sample/install/tf2sim:/home/ibrahim/RobotNav/install/main_robot_nodes:/home/ibrahim/RobotNav/install/action_interfaces:/home/ibrahim/RobotMonitor/install/Robot3Node_Package:/home/ibrahim/ros2_ws/install/my_first_package:/home/ibrahim/ros2_ws/install/action_interfaces:/home/ibrahim/RobotArm/install/main_arm_package:/home/ibrahim/RobotArm/install/action_interfaces:/opt/ros/humble /usr/bin/cmake --install /home/ibrahim/RobotArmExpanded/build/main_arm_package
[12.536s] Level 1:colcon.colcon_core.environment:checking '/home/ibrahim/RobotArmExpanded/install/main_arm_package' for CMake config files
[12.537s] Level 1:colcon.colcon_core.shell:create_environment_hook('main_arm_package', 'cmake_prefix_path')
[12.537s] INFO:colcon.colcon_core.shell:Creating environment hook '/home/ibrahim/RobotArmExpanded/install/main_arm_package/share/main_arm_package/hook/cmake_prefix_path.ps1'
[12.538s] INFO:colcon.colcon_core.shell:Creating environment descriptor '/home/ibrahim/RobotArmExpanded/install/main_arm_package/share/main_arm_package/hook/cmake_prefix_path.dsv'
[12.538s] INFO:colcon.colcon_core.shell:Creating environment hook '/home/ibrahim/RobotArmExpanded/install/main_arm_package/share/main_arm_package/hook/cmake_prefix_path.sh'
[12.539s] Level 1:colcon.colcon_core.environment:checking '/home/ibrahim/RobotArmExpanded/install/main_arm_package/lib'
[12.539s] Level 1:colcon.colcon_core.environment:checking '/home/ibrahim/RobotArmExpanded/install/main_arm_package/bin'
[12.539s] Level 1:colcon.colcon_core.environment:checking '/home/ibrahim/RobotArmExpanded/install/main_arm_package/lib/pkgconfig/main_arm_package.pc'
[12.539s] Level 1:colcon.colcon_core.environment:checking '/home/ibrahim/RobotArmExpanded/install/main_arm_package/lib/python3.10/site-packages'
[12.539s] Level 1:colcon.colcon_core.environment:checking '/home/ibrahim/RobotArmExpanded/install/main_arm_package/bin'
[12.540s] INFO:colcon.colcon_core.shell:Creating package script '/home/ibrahim/RobotArmExpanded/install/main_arm_package/share/main_arm_package/package.ps1'
[12.540s] INFO:colcon.colcon_core.shell:Creating package descriptor '/home/ibrahim/RobotArmExpanded/install/main_arm_package/share/main_arm_package/package.dsv'
[12.540s] INFO:colcon.colcon_core.shell:Creating package script '/home/ibrahim/RobotArmExpanded/install/main_arm_package/share/main_arm_package/package.sh'
[12.541s] INFO:colcon.colcon_core.shell:Creating package script '/home/ibrahim/RobotArmExpanded/install/main_arm_package/share/main_arm_package/package.bash'
[12.541s] INFO:colcon.colcon_core.shell:Creating package script '/home/ibrahim/RobotArmExpanded/install/main_arm_package/share/main_arm_package/package.zsh'
[12.541s] Level 1:colcon.colcon_core.environment:create_file_with_runtime_dependencies(/home/ibrahim/RobotArmExpanded/install/main_arm_package/share/colcon-core/packages/main_arm_package)
[12.542s] Level 1:colcon.colcon_core.environment:create_environment_scripts_only(main_arm_package)
[12.542s] Level 1:colcon.colcon_core.environment:checking '/home/ibrahim/RobotArmExpanded/install/main_arm_package' for CMake module files
[12.543s] Level 1:colcon.colcon_core.environment:checking '/home/ibrahim/RobotArmExpanded/install/main_arm_package' for CMake config files
[12.543s] Level 1:colcon.colcon_core.shell:create_environment_hook('main_arm_package', 'cmake_prefix_path')
[12.543s] INFO:colcon.colcon_core.shell:Creating environment hook '/home/ibrahim/RobotArmExpanded/install/main_arm_package/share/main_arm_package/hook/cmake_prefix_path.ps1'
[12.544s] INFO:colcon.colcon_core.shell:Creating environment descriptor '/home/ibrahim/RobotArmExpanded/install/main_arm_package/share/main_arm_package/hook/cmake_prefix_path.dsv'
[12.544s] INFO:colcon.colcon_core.shell:Creating environment hook '/home/ibrahim/RobotArmExpanded/install/main_arm_package/share/main_arm_package/hook/cmake_prefix_path.sh'
[12.544s] Level 1:colcon.colcon_core.environment:checking '/home/ibrahim/RobotArmExpanded/install/main_arm_package/lib'
[12.544s] Level 1:colcon.colcon_core.environment:checking '/home/ibrahim/RobotArmExpanded/install/main_arm_package/bin'
[12.545s] Level 1:colcon.colcon_core.environment:checking '/home/ibrahim/RobotArmExpanded/install/main_arm_package/lib/pkgconfig/main_arm_package.pc'
[12.545s] Level 1:colcon.colcon_core.environment:checking '/home/ibrahim/RobotArmExpanded/install/main_arm_package/lib/python3.10/site-packages'
[12.545s] Level 1:colcon.colcon_core.environment:checking '/home/ibrahim/RobotArmExpanded/install/main_arm_package/bin'
[12.545s] INFO:colcon.colcon_core.shell:Creating package script '/home/ibrahim/RobotArmExpanded/install/main_arm_package/share/main_arm_package/package.ps1'
[12.546s] INFO:colcon.colcon_core.shell:Creating package descriptor '/home/ibrahim/RobotArmExpanded/install/main_arm_package/share/main_arm_package/package.dsv'
[12.546s] INFO:colcon.colcon_core.shell:Creating package script '/home/ibrahim/RobotArmExpanded/install/main_arm_package/share/main_arm_package/package.sh'
[12.547s] INFO:colcon.colcon_core.shell:Creating package script '/home/ibrahim/RobotArmExpanded/install/main_arm_package/share/main_arm_package/package.bash'
[12.547s] INFO:colcon.colcon_core.shell:Creating package script '/home/ibrahim/RobotArmExpanded/install/main_arm_package/share/main_arm_package/package.zsh'
[12.547s] Level 1:colcon.colcon_core.environment:create_file_with_runtime_dependencies(/home/ibrahim/RobotArmExpanded/install/main_arm_package/share/colcon-core/packages/main_arm_package)
[12.548s] DEBUG:colcon.colcon_parallel_executor.executor.parallel:closing loop
[12.548s] DEBUG:colcon.colcon_parallel_executor.executor.parallel:loop closed
[12.548s] DEBUG:colcon.colcon_parallel_executor.executor.parallel:run_until_complete finished with '0'
[12.548s] DEBUG:colcon.colcon_core.event_reactor:joining thread
[12.610s] INFO:colcon.colcon_core.plugin_system:Skipping extension 'colcon_notification.desktop_notification.notify_send': Could not find 'notify-send'
[12.610s] INFO:colcon.colcon_core.plugin_system:Skipping extension 'colcon_notification.desktop_notification.terminal_notifier': Not used on non-Darwin systems
[12.610s] INFO:colcon.colcon_core.plugin_system:Skipping extension 'colcon_notification.desktop_notification.win32': Not used on non-Windows systems
[12.610s] INFO:colcon.colcon_notification.desktop_notification:Sending desktop notification using 'notify2'
[12.610s] DEBUG:colcon.colcon_notification.desktop_notification.notify2:Failed to initialize notify2: org.freedesktop.DBus.Error.FileNotFound: Failed to connect to socket /run/user/1000/bus: No such file or directory
[12.610s] DEBUG:colcon.colcon_core.event_reactor:joined thread
[12.611s] INFO:colcon.colcon_core.shell:Creating prefix script '/home/ibrahim/RobotArmExpanded/install/local_setup.ps1'
[12.612s] INFO:colcon.colcon_core.shell:Creating prefix util module '/home/ibrahim/RobotArmExpanded/install/_local_setup_util_ps1.py'
[12.613s] INFO:colcon.colcon_core.shell:Creating prefix chain script '/home/ibrahim/RobotArmExpanded/install/setup.ps1'
[12.614s] INFO:colcon.colcon_core.shell:Creating prefix script '/home/ibrahim/RobotArmExpanded/install/local_setup.sh'
[12.615s] INFO:colcon.colcon_core.shell:Creating prefix util module '/home/ibrahim/RobotArmExpanded/install/_local_setup_util_sh.py'
[12.615s] INFO:colcon.colcon_core.shell:Creating prefix chain script '/home/ibrahim/RobotArmExpanded/install/setup.sh'
[12.617s] INFO:colcon.colcon_core.shell:Creating prefix script '/home/ibrahim/RobotArmExpanded/install/local_setup.bash'
[12.618s] INFO:colcon.colcon_core.shell:Creating prefix chain script '/home/ibrahim/RobotArmExpanded/install/setup.bash'
[12.619s] INFO:colcon.colcon_core.shell:Creating prefix script '/home/ibrahim/RobotArmExpanded/install/local_setup.zsh'
[12.619s] INFO:colcon.colcon_core.shell:Creating prefix chain script '/home/ibrahim/RobotArmExpanded/install/setup.zsh'
