[0.111s] Invoking command in '/home/ibrahim/RobotArmExpanded/build/main_arm_package': CMAKE_PREFIX_PATH=/home/ibrahim/RobotArmExpanded/install/action_interfaces:/home/ibrahim/RobotArmExpanded/install/main_arm_package:/home/ibrahim/TF2Sample/install/tf2sim:/home/ibrahim/RobotNav/install/main_robot_nodes:/home/ibrahim/RobotNav/install/action_interfaces:/home/ibrahim/RobotMonitor/install/Robot3Node_Package:/home/ibrahim/ros2_ws/install/my_first_package:/home/ibrahim/ros2_ws/install/action_interfaces:/home/ibrahim/RobotArm/install/main_arm_package:/home/ibrahim/RobotArm/install/action_interfaces:/opt/ros/humble /usr/bin/cmake --build /home/ibrahim/RobotArmExpanded/build/main_arm_package -- -j16 -l16
[0.150s] -- Found ament_cmake: 1.3.14 (/opt/ros/humble/share/ament_cmake/cmake)
[0.279s] -- Found rclcpp: 16.0.19 (/opt/ros/humble/share/rclcpp/cmake)
[0.463s] -- Found rosidl_generator_c: 3.1.8 (/opt/ros/humble/share/rosidl_generator_c/cmake)
[0.466s] -- Found rosidl_adapter: 3.1.8 (/opt/ros/humble/share/rosidl_adapter/cmake)
[0.474s] -- Found rosidl_generator_cpp: 3.1.8 (/opt/ros/humble/share/rosidl_generator_cpp/cmake)
[0.484s] -- Using all available rosidl_typesupport_c: rosidl_typesupport_fastrtps_c;rosidl_typesupport_introspection_c
[0.496s] -- Using all available rosidl_typesupport_cpp: rosidl_typesupport_fastrtps_cpp;rosidl_typesupport_introspection_cpp
[0.548s] -- Found rmw_implementation_cmake: 6.1.2 (/opt/ros/humble/share/rmw_implementation_cmake/cmake)
[0.556s] -- Found rmw_fastrtps_cpp: 6.2.10 (/opt/ros/humble/share/rmw_fastrtps_cpp/cmake)
[6.971s] -- Using RMW implementation 'rmw_fastrtps_cpp' as default
[7.064s] -- Found rclcpp_action: 16.0.19 (/opt/ros/humble/share/rclcpp_action/cmake)
[7.096s] -- Found action_interfaces: 0.0.0 (/home/ibrahim/RobotArmExpanded/install/action_interfaces/share/action_interfaces/cmake)
[7.110s] -- Found sensor_msgs: 4.9.1 (/opt/ros/humble/share/sensor_msgs/cmake)
[7.158s] -- Found ament_lint_auto: 0.12.15 (/opt/ros/humble/share/ament_lint_auto/cmake)
[7.243s] -- Added test 'cppcheck' to perform static code analysis on C / C++ code
[7.243s] -- Configured cppcheck include dirs: $<BUILD_INTERFACE:/home/ibrahim/RobotArmExpanded/src/main_arm_package/include>
[7.243s] -- Configured cppcheck exclude dirs and/or files: 
[7.243s] -- Added test 'flake8' to check Python code syntax and style conventions
[7.243s] -- Added test 'lint_cmake' to check CMake code style
[7.244s] -- Added test 'pep257' to check Python code against some of the docstring style conventions in PEP 257
[7.246s] -- Added test 'uncrustify' to check C / C++ code style
[7.246s] -- Configured uncrustify additional arguments: 
[7.246s] -- Added test 'xmllint' to check XML markup files
[7.248s] -- Configuring done
[7.288s] -- Generating done
[7.299s] -- Build files have been written to: /home/ibrahim/RobotArmExpanded/build/main_arm_package
[7.337s] [35m[1mConsolidate compiler generated dependencies of target ArmController[0m
[7.339s] [35m[1mConsolidate compiler generated dependencies of target ArmClient[0m
[7.339s] [35m[1mConsolidate compiler generated dependencies of target ArmMonitor[0m
[7.339s] [35m[1mConsolidate compiler generated dependencies of target ArmMover[0m
[7.366s] [ 12%] [32mBuilding CXX object CMakeFiles/ArmClient.dir/src/ArmClient.cpp.o[0m
[7.366s] [ 25%] [32mBuilding CXX object CMakeFiles/ArmController.dir/src/ArmController.cpp.o[0m
[7.366s] [ 37%] [32mBuilding CXX object CMakeFiles/ArmMonitor.dir/src/ArmMonitor.cpp.o[0m
[7.367s] [ 50%] [32mBuilding CXX object CMakeFiles/ArmMover.dir/src/ArmMover.cpp.o[0m
[10.430s] [01m[K/home/ibrahim/RobotArmExpanded/src/main_arm_package/src/ArmController.cpp:100:7:[m[K [01;31m[Kerror: [m[K‘[01m[Kstring[m[K’ does not name a type; did you mean ‘[01m[Kstdin[m[K’?
[10.430s]   100 |       [01;31m[Kstring[m[K grip_status_;
[10.430s]       |       [01;31m[K^~~~~~[m[K
[10.431s]       |       [32m[Kstdin[m[K
[10.555s] [01m[K/home/ibrahim/RobotArmExpanded/src/main_arm_package/src/ArmClient.cpp:89:5:[m[K [01;31m[Kerror: [m[K‘[01m[Kstring[m[K’ does not name a type; did you mean ‘[01m[Kstdin[m[K’?
[10.556s]    89 |     [01;31m[Kstring[m[K grip_command_ = "close";
[10.556s]       |     [01;31m[K^~~~~~[m[K
[10.556s]       |     [32m[Kstdin[m[K
[10.558s] [01m[K/home/ibrahim/RobotArmExpanded/src/main_arm_package/src/ArmController.cpp:[m[K In constructor ‘[01m[KArmController::ArmController(float, float, float, float)[m[K’:
[10.558s] [01m[K/home/ibrahim/RobotArmExpanded/src/main_arm_package/src/ArmController.cpp:23:7:[m[K [01;31m[Kerror: [m[K‘[01m[Kgrip_status_[m[K’ was not declared in this scope; did you mean ‘[01m[Ksi_status[m[K’?
[10.558s]    23 |       [01;31m[Kgrip_status_[m[K = "open";
[10.558s]       |       [01;31m[K^~~~~~~~~~~~[m[K
[10.558s]       |       [32m[Ksi_status[m[K
[10.568s] [01m[K/home/ibrahim/RobotArmExpanded/src/main_arm_package/src/ArmController.cpp:[m[K In member function ‘[01m[Kvoid ArmController::CloseGrip()[m[K’:
[10.568s] [01m[K/home/ibrahim/RobotArmExpanded/src/main_arm_package/src/ArmController.cpp:50:7:[m[K [01;31m[Kerror: [m[K‘[01m[Kgrip_status_[m[K’ was not declared in this scope; did you mean ‘[01m[Ksi_status[m[K’?
[10.568s]    50 |       [01;31m[Kgrip_status_[m[K = "closed";
[10.568s]       |       [01;31m[K^~~~~~~~~~~~[m[K
[10.568s]       |       [32m[Ksi_status[m[K
[10.577s] [01m[K/home/ibrahim/RobotArmExpanded/src/main_arm_package/src/ArmController.cpp:[m[K In member function ‘[01m[Kvoid ArmController::OpenGrip()[m[K’:
[10.577s] [01m[K/home/ibrahim/RobotArmExpanded/src/main_arm_package/src/ArmController.cpp:57:7:[m[K [01;31m[Kerror: [m[K‘[01m[Kgrip_status_[m[K’ was not declared in this scope; did you mean ‘[01m[Ksi_status[m[K’?
[10.577s]    57 |       [01;31m[Kgrip_status_[m[K = "open";
[10.577s]       |       [01;31m[K^~~~~~~~~~~~[m[K
[10.577s]       |       [32m[Ksi_status[m[K
[10.610s] [01m[K/home/ibrahim/RobotArmExpanded/src/main_arm_package/src/ArmClient.cpp:[m[K In lambda function:
[10.610s] [01m[K/home/ibrahim/RobotArmExpanded/src/main_arm_package/src/ArmClient.cpp:35:40:[m[K [01;31m[Kerror: [m[K‘[01m[Kgrip_command_[m[K’ was not declared in this scope
[10.611s]    35 |                     publishGripCommand([01;31m[Kgrip_command_[m[K);
[10.611s]       |                                        [01;31m[K^~~~~~~~~~~~~[m[K
[11.799s] gmake[2]: *** [CMakeFiles/ArmClient.dir/build.make:76: CMakeFiles/ArmClient.dir/src/ArmClient.cpp.o] Error 1
[11.800s] gmake[1]: *** [CMakeFiles/Makefile2:221: CMakeFiles/ArmClient.dir/all] Error 2
[11.800s] gmake[1]: *** Waiting for unfinished jobs....
[14.427s] gmake[2]: *** [CMakeFiles/ArmController.dir/build.make:76: CMakeFiles/ArmController.dir/src/ArmController.cpp.o] Error 1
[14.427s] gmake[1]: *** [CMakeFiles/Makefile2:143: CMakeFiles/ArmController.dir/all] Error 2
[16.880s] [ 62%] [32m[1mLinking CXX executable ArmMonitor[0m
[17.512s] [ 62%] Built target ArmMonitor
[18.203s] [ 75%] [32m[1mLinking CXX executable ArmMover[0m
[18.827s] [ 75%] Built target ArmMover
[18.829s] gmake: *** [Makefile:146: all] Error 2
[18.833s] Invoked command in '/home/ibrahim/RobotArmExpanded/build/main_arm_package' returned '2': CMAKE_PREFIX_PATH=/home/ibrahim/RobotArmExpanded/install/action_interfaces:/home/ibrahim/RobotArmExpanded/install/main_arm_package:/home/ibrahim/TF2Sample/install/tf2sim:/home/ibrahim/RobotNav/install/main_robot_nodes:/home/ibrahim/RobotNav/install/action_interfaces:/home/ibrahim/RobotMonitor/install/Robot3Node_Package:/home/ibrahim/ros2_ws/install/my_first_package:/home/ibrahim/ros2_ws/install/action_interfaces:/home/ibrahim/RobotArm/install/main_arm_package:/home/ibrahim/RobotArm/install/action_interfaces:/opt/ros/humble /usr/bin/cmake --build /home/ibrahim/RobotArmExpanded/build/main_arm_package -- -j16 -l16
