[0.498s] DEBUG:colcon:Command line arguments: ['/usr/bin/colcon', 'build']
[0.498s] DEBUG:colcon:Parsed command line arguments: Namespace(log_base=None, log_level=None, verb_name='build', build_base='build', install_base='install', merge_install=False, symlink_install=False, test_result_base=None, continue_on_error=False, executor='parallel', parallel_workers=16, event_handlers=None, ignore_user_meta=False, metas=['./colcon.meta'], base_paths=['.'], packages_ignore=None, packages_ignore_regex=None, paths=None, packages_up_to=None, packages_up_to_regex=None, packages_above=None, packages_above_and_dependencies=None, packages_above_depth=None, packages_select_by_dep=None, packages_skip_by_dep=None, packages_skip_up_to=None, packages_select_build_failed=False, packages_skip_build_finished=False, packages_select_test_failures=False, packages_skip_test_passed=False, packages_select=None, packages_skip=None, packages_select_regex=None, packages_skip_regex=None, packages_start=None, packages_end=None, allow_overriding=[], cmake_args=None, cmake_target=None, cmake_target_skip_unavailable=False, cmake_clean_cache=False, cmake_clean_first=False, cmake_force_configure=False, ament_cmake_args=None, catkin_cmake_args=None, catkin_skip_building_tests=False, verb_parser=<colcon_defaults.argument_parser.defaults.DefaultArgumentsDecorator object at 0x7719d371cca0>, verb_extension=<colcon_core.verb.build.BuildVerb object at 0x7719d371c6d0>, main=<bound method BuildVerb.main of <colcon_core.verb.build.BuildVerb object at 0x7719d371c6d0>>)
[1.125s] Level 1:colcon.colcon_core.package_discovery:discover_packages(colcon_meta) check parameters
[1.125s] Level 1:colcon.colcon_core.package_discovery:discover_packages(recursive) check parameters
[1.126s] Level 1:colcon.colcon_core.package_discovery:discover_packages(ignore) check parameters
[1.126s] Level 1:colcon.colcon_core.package_discovery:discover_packages(path) check parameters
[1.126s] Level 1:colcon.colcon_core.package_discovery:discover_packages(colcon_meta) discover
[1.126s] Level 1:colcon.colcon_core.package_discovery:discover_packages(recursive) discover
[1.126s] INFO:colcon.colcon_core.package_discovery:Crawling recursively for packages in '/home/ibrahim/RobotArmExpanded'
[1.126s] Level 1:colcon.colcon_core.package_identification:_identify(.) by extensions ['ignore', 'ignore_ament_install']
[1.126s] Level 1:colcon.colcon_core.package_identification:_identify(.) by extension 'ignore'
[1.126s] Level 1:colcon.colcon_core.package_identification:_identify(.) by extension 'ignore_ament_install'
[1.127s] Level 1:colcon.colcon_core.package_identification:_identify(.) by extensions ['colcon_pkg']
[1.127s] Level 1:colcon.colcon_core.package_identification:_identify(.) by extension 'colcon_pkg'
[1.127s] Level 1:colcon.colcon_core.package_identification:_identify(.) by extensions ['colcon_meta']
[1.127s] Level 1:colcon.colcon_core.package_identification:_identify(.) by extension 'colcon_meta'
[1.127s] Level 1:colcon.colcon_core.package_identification:_identify(.) by extensions ['ros']
[1.127s] Level 1:colcon.colcon_core.package_identification:_identify(.) by extension 'ros'
[1.157s] Level 1:colcon.colcon_core.package_identification:_identify(.) by extensions ['cmake', 'python']
[1.158s] Level 1:colcon.colcon_core.package_identification:_identify(.) by extension 'cmake'
[1.158s] Level 1:colcon.colcon_core.package_identification:_identify(.) by extension 'python'
[1.158s] Level 1:colcon.colcon_core.package_identification:_identify(.) by extensions ['python_setup_py']
[1.158s] Level 1:colcon.colcon_core.package_identification:_identify(.) by extension 'python_setup_py'
[1.158s] Level 1:colcon.colcon_core.package_identification:_identify(build) by extensions ['ignore', 'ignore_ament_install']
[1.158s] Level 1:colcon.colcon_core.package_identification:_identify(build) by extension 'ignore'
[1.159s] Level 1:colcon.colcon_core.package_identification:_identify(build) ignored
[1.159s] Level 1:colcon.colcon_core.package_identification:_identify(install) by extensions ['ignore', 'ignore_ament_install']
[1.159s] Level 1:colcon.colcon_core.package_identification:_identify(install) by extension 'ignore'
[1.159s] Level 1:colcon.colcon_core.package_identification:_identify(install) ignored
[1.160s] Level 1:colcon.colcon_core.package_identification:_identify(log) by extensions ['ignore', 'ignore_ament_install']
[1.160s] Level 1:colcon.colcon_core.package_identification:_identify(log) by extension 'ignore'
[1.160s] Level 1:colcon.colcon_core.package_identification:_identify(log) ignored
[1.161s] Level 1:colcon.colcon_core.package_identification:_identify(src) by extensions ['ignore', 'ignore_ament_install']
[1.161s] Level 1:colcon.colcon_core.package_identification:_identify(src) by extension 'ignore'
[1.161s] Level 1:colcon.colcon_core.package_identification:_identify(src) by extension 'ignore_ament_install'
[1.161s] Level 1:colcon.colcon_core.package_identification:_identify(src) by extensions ['colcon_pkg']
[1.161s] Level 1:colcon.colcon_core.package_identification:_identify(src) by extension 'colcon_pkg'
[1.161s] Level 1:colcon.colcon_core.package_identification:_identify(src) by extensions ['colcon_meta']
[1.161s] Level 1:colcon.colcon_core.package_identification:_identify(src) by extension 'colcon_meta'
[1.162s] Level 1:colcon.colcon_core.package_identification:_identify(src) by extensions ['ros']
[1.162s] Level 1:colcon.colcon_core.package_identification:_identify(src) by extension 'ros'
[1.162s] Level 1:colcon.colcon_core.package_identification:_identify(src) by extensions ['cmake', 'python']
[1.162s] Level 1:colcon.colcon_core.package_identification:_identify(src) by extension 'cmake'
[1.162s] Level 1:colcon.colcon_core.package_identification:_identify(src) by extension 'python'
[1.162s] Level 1:colcon.colcon_core.package_identification:_identify(src) by extensions ['python_setup_py']
[1.162s] Level 1:colcon.colcon_core.package_identification:_identify(src) by extension 'python_setup_py'
[1.163s] Level 1:colcon.colcon_core.package_identification:_identify(src/action_interfaces) by extensions ['ignore', 'ignore_ament_install']
[1.163s] Level 1:colcon.colcon_core.package_identification:_identify(src/action_interfaces) by extension 'ignore'
[1.163s] Level 1:colcon.colcon_core.package_identification:_identify(src/action_interfaces) by extension 'ignore_ament_install'
[1.163s] Level 1:colcon.colcon_core.package_identification:_identify(src/action_interfaces) by extensions ['colcon_pkg']
[1.163s] Level 1:colcon.colcon_core.package_identification:_identify(src/action_interfaces) by extension 'colcon_pkg'
[1.163s] Level 1:colcon.colcon_core.package_identification:_identify(src/action_interfaces) by extensions ['colcon_meta']
[1.164s] Level 1:colcon.colcon_core.package_identification:_identify(src/action_interfaces) by extension 'colcon_meta'
[1.164s] Level 1:colcon.colcon_core.package_identification:_identify(src/action_interfaces) by extensions ['ros']
[1.164s] Level 1:colcon.colcon_core.package_identification:_identify(src/action_interfaces) by extension 'ros'
[1.170s] DEBUG:colcon.colcon_core.package_identification:Package 'src/action_interfaces' with type 'ros.ament_cmake' and name 'action_interfaces'
[1.170s] Level 1:colcon.colcon_core.package_identification:_identify(src/main_arm_package) by extensions ['ignore', 'ignore_ament_install']
[1.170s] Level 1:colcon.colcon_core.package_identification:_identify(src/main_arm_package) by extension 'ignore'
[1.170s] Level 1:colcon.colcon_core.package_identification:_identify(src/main_arm_package) by extension 'ignore_ament_install'
[1.171s] Level 1:colcon.colcon_core.package_identification:_identify(src/main_arm_package) by extensions ['colcon_pkg']
[1.171s] Level 1:colcon.colcon_core.package_identification:_identify(src/main_arm_package) by extension 'colcon_pkg'
[1.171s] Level 1:colcon.colcon_core.package_identification:_identify(src/main_arm_package) by extensions ['colcon_meta']
[1.171s] Level 1:colcon.colcon_core.package_identification:_identify(src/main_arm_package) by extension 'colcon_meta'
[1.171s] Level 1:colcon.colcon_core.package_identification:_identify(src/main_arm_package) by extensions ['ros']
[1.171s] Level 1:colcon.colcon_core.package_identification:_identify(src/main_arm_package) by extension 'ros'
[1.174s] DEBUG:colcon.colcon_core.package_identification:Package 'src/main_arm_package' with type 'ros.ament_cmake' and name 'main_arm_package'
[1.174s] Level 1:colcon.colcon_core.package_discovery:discover_packages(recursive) using defaults
[1.174s] Level 1:colcon.colcon_core.package_discovery:discover_packages(ignore) discover
[1.174s] Level 1:colcon.colcon_core.package_discovery:discover_packages(ignore) using defaults
[1.175s] Level 1:colcon.colcon_core.package_discovery:discover_packages(path) discover
[1.175s] Level 1:colcon.colcon_core.package_discovery:discover_packages(path) using defaults
[1.250s] Level 1:colcon.colcon_core.package_discovery:discover_packages(prefix_path) check parameters
[1.250s] Level 1:colcon.colcon_core.package_discovery:discover_packages(prefix_path) discover
[1.263s] DEBUG:colcon.colcon_installed_package_information.package_discovery:Found 2 installed packages in /home/ibrahim/RobotArmExpanded/install
[1.264s] DEBUG:colcon.colcon_installed_package_information.package_discovery:Found 2 installed packages in /home/ibrahim/RobotArm/install
[1.265s] DEBUG:colcon.colcon_installed_package_information.package_discovery:Found 1 installed packages in /home/ibrahim/TF2Sample/install
[1.266s] DEBUG:colcon.colcon_installed_package_information.package_discovery:Found 2 installed packages in /home/ibrahim/RobotNav/install
[1.267s] DEBUG:colcon.colcon_installed_package_information.package_discovery:Found 1 installed packages in /home/ibrahim/RobotMonitor/install
[1.267s] DEBUG:colcon.colcon_installed_package_information.package_discovery:Found 2 installed packages in /home/ibrahim/ros2_ws/install
[1.271s] DEBUG:colcon.colcon_installed_package_information.package_discovery:Found 408 installed packages in /opt/ros/humble
[1.295s] Level 1:colcon.colcon_core.package_discovery:discover_packages(prefix_path) using defaults
[1.429s] Level 5:colcon.colcon_core.verb:set package 'action_interfaces' build argument 'cmake_args' from command line to 'None'
[1.429s] Level 5:colcon.colcon_core.verb:set package 'action_interfaces' build argument 'cmake_target' from command line to 'None'
[1.429s] Level 5:colcon.colcon_core.verb:set package 'action_interfaces' build argument 'cmake_target_skip_unavailable' from command line to 'False'
[1.429s] Level 5:colcon.colcon_core.verb:set package 'action_interfaces' build argument 'cmake_clean_cache' from command line to 'False'
[1.429s] Level 5:colcon.colcon_core.verb:set package 'action_interfaces' build argument 'cmake_clean_first' from command line to 'False'
[1.429s] Level 5:colcon.colcon_core.verb:set package 'action_interfaces' build argument 'cmake_force_configure' from command line to 'False'
[1.429s] Level 5:colcon.colcon_core.verb:set package 'action_interfaces' build argument 'ament_cmake_args' from command line to 'None'
[1.429s] Level 5:colcon.colcon_core.verb:set package 'action_interfaces' build argument 'catkin_cmake_args' from command line to 'None'
[1.429s] Level 5:colcon.colcon_core.verb:set package 'action_interfaces' build argument 'catkin_skip_building_tests' from command line to 'False'
[1.429s] DEBUG:colcon.colcon_core.verb:Building package 'action_interfaces' with the following arguments: {'ament_cmake_args': None, 'build_base': '/home/ibrahim/RobotArmExpanded/build/action_interfaces', 'catkin_cmake_args': None, 'catkin_skip_building_tests': False, 'cmake_args': None, 'cmake_clean_cache': False, 'cmake_clean_first': False, 'cmake_force_configure': False, 'cmake_target': None, 'cmake_target_skip_unavailable': False, 'install_base': '/home/ibrahim/RobotArmExpanded/install/action_interfaces', 'merge_install': False, 'path': '/home/ibrahim/RobotArmExpanded/src/action_interfaces', 'symlink_install': False, 'test_result_base': None}
[1.430s] Level 5:colcon.colcon_core.verb:set package 'main_arm_package' build argument 'cmake_args' from command line to 'None'
[1.430s] Level 5:colcon.colcon_core.verb:set package 'main_arm_package' build argument 'cmake_target' from command line to 'None'
[1.430s] Level 5:colcon.colcon_core.verb:set package 'main_arm_package' build argument 'cmake_target_skip_unavailable' from command line to 'False'
[1.430s] Level 5:colcon.colcon_core.verb:set package 'main_arm_package' build argument 'cmake_clean_cache' from command line to 'False'
[1.430s] Level 5:colcon.colcon_core.verb:set package 'main_arm_package' build argument 'cmake_clean_first' from command line to 'False'
[1.430s] Level 5:colcon.colcon_core.verb:set package 'main_arm_package' build argument 'cmake_force_configure' from command line to 'False'
[1.431s] Level 5:colcon.colcon_core.verb:set package 'main_arm_package' build argument 'ament_cmake_args' from command line to 'None'
[1.431s] Level 5:colcon.colcon_core.verb:set package 'main_arm_package' build argument 'catkin_cmake_args' from command line to 'None'
[1.431s] Level 5:colcon.colcon_core.verb:set package 'main_arm_package' build argument 'catkin_skip_building_tests' from command line to 'False'
[1.431s] DEBUG:colcon.colcon_core.verb:Building package 'main_arm_package' with the following arguments: {'ament_cmake_args': None, 'build_base': '/home/ibrahim/RobotArmExpanded/build/main_arm_package', 'catkin_cmake_args': None, 'catkin_skip_building_tests': False, 'cmake_args': None, 'cmake_clean_cache': False, 'cmake_clean_first': False, 'cmake_force_configure': False, 'cmake_target': None, 'cmake_target_skip_unavailable': False, 'install_base': '/home/ibrahim/RobotArmExpanded/install/main_arm_package', 'merge_install': False, 'path': '/home/ibrahim/RobotArmExpanded/src/main_arm_package', 'symlink_install': False, 'test_result_base': None}
[1.431s] INFO:colcon.colcon_core.executor:Executing jobs using 'parallel' executor
[1.433s] DEBUG:colcon.colcon_parallel_executor.executor.parallel:run_until_complete
[1.434s] INFO:colcon.colcon_ros.task.ament_cmake.build:Building ROS package in '/home/ibrahim/RobotArmExpanded/src/action_interfaces' with build type 'ament_cmake'
[1.435s] INFO:colcon.colcon_cmake.task.cmake.build:Building CMake package in '/home/ibrahim/RobotArmExpanded/src/action_interfaces'
[1.449s] INFO:colcon.colcon_core.plugin_system:Skipping extension 'colcon_core.shell.bat': Not used on non-Windows systems
[1.449s] INFO:colcon.colcon_core.shell:Skip shell extension 'powershell' for command environment: Not usable outside of PowerShell
[1.450s] DEBUG:colcon.colcon_core.shell:Skip shell extension 'dsv' for command environment
[1.481s] DEBUG:colcon.colcon_core.event_handler.log_command:Invoking command in '/home/ibrahim/RobotArmExpanded/build/action_interfaces': CMAKE_PREFIX_PATH=${CMAKE_PREFIX_PATH}:/home/ibrahim/RobotArm/install/main_arm_package:/home/ibrahim/RobotArm/install/action_interfaces:/opt/ros/humble /usr/bin/cmake --build /home/ibrahim/RobotArmExpanded/build/action_interfaces -- -j16 -l16
[2.244s] DEBUG:colcon.colcon_core.event_handler.log_command:Invoked command in '/home/ibrahim/RobotArmExpanded/build/action_interfaces' returned '0': CMAKE_PREFIX_PATH=${CMAKE_PREFIX_PATH}:/home/ibrahim/RobotArm/install/main_arm_package:/home/ibrahim/RobotArm/install/action_interfaces:/opt/ros/humble /usr/bin/cmake --build /home/ibrahim/RobotArmExpanded/build/action_interfaces -- -j16 -l16
[2.276s] DEBUG:colcon.colcon_core.event_handler.log_command:Invoking command in '/home/ibrahim/RobotArmExpanded/build/action_interfaces': CMAKE_PREFIX_PATH=${CMAKE_PREFIX_PATH}:/home/ibrahim/RobotArm/install/main_arm_package:/home/ibrahim/RobotArm/install/action_interfaces:/opt/ros/humble /usr/bin/cmake --install /home/ibrahim/RobotArmExpanded/build/action_interfaces
[2.451s] Level 1:colcon.colcon_core.environment:create_environment_scripts_only(action_interfaces)
[2.452s] DEBUG:colcon.colcon_core.event_handler.log_command:Invoked command in '/home/ibrahim/RobotArmExpanded/build/action_interfaces' returned '0': CMAKE_PREFIX_PATH=${CMAKE_PREFIX_PATH}:/home/ibrahim/RobotArm/install/main_arm_package:/home/ibrahim/RobotArm/install/action_interfaces:/opt/ros/humble /usr/bin/cmake --install /home/ibrahim/RobotArmExpanded/build/action_interfaces
[2.467s] Level 1:colcon.colcon_core.environment:checking '/home/ibrahim/RobotArmExpanded/install/action_interfaces' for CMake module files
[2.468s] Level 1:colcon.colcon_core.environment:checking '/home/ibrahim/RobotArmExpanded/install/action_interfaces' for CMake config files
[2.471s] Level 1:colcon.colcon_core.shell:create_environment_hook('action_interfaces', 'cmake_prefix_path')
[2.471s] INFO:colcon.colcon_core.shell:Creating environment hook '/home/ibrahim/RobotArmExpanded/install/action_interfaces/share/action_interfaces/hook/cmake_prefix_path.ps1'
[2.473s] INFO:colcon.colcon_core.shell:Creating environment descriptor '/home/ibrahim/RobotArmExpanded/install/action_interfaces/share/action_interfaces/hook/cmake_prefix_path.dsv'
[2.475s] INFO:colcon.colcon_core.shell:Creating environment hook '/home/ibrahim/RobotArmExpanded/install/action_interfaces/share/action_interfaces/hook/cmake_prefix_path.sh'
[2.476s] Level 1:colcon.colcon_core.environment:checking '/home/ibrahim/RobotArmExpanded/install/action_interfaces/lib'
[2.477s] Level 1:colcon.colcon_core.shell:create_environment_hook('action_interfaces', 'ld_library_path_lib')
[2.477s] INFO:colcon.colcon_core.shell:Creating environment hook '/home/ibrahim/RobotArmExpanded/install/action_interfaces/share/action_interfaces/hook/ld_library_path_lib.ps1'
[2.478s] INFO:colcon.colcon_core.shell:Creating environment descriptor '/home/ibrahim/RobotArmExpanded/install/action_interfaces/share/action_interfaces/hook/ld_library_path_lib.dsv'
[2.478s] INFO:colcon.colcon_core.shell:Creating environment hook '/home/ibrahim/RobotArmExpanded/install/action_interfaces/share/action_interfaces/hook/ld_library_path_lib.sh'
[2.479s] Level 1:colcon.colcon_core.environment:checking '/home/ibrahim/RobotArmExpanded/install/action_interfaces/bin'
[2.479s] Level 1:colcon.colcon_core.environment:checking '/home/ibrahim/RobotArmExpanded/install/action_interfaces/lib/pkgconfig/action_interfaces.pc'
[2.480s] Level 1:colcon.colcon_core.environment:checking '/home/ibrahim/RobotArmExpanded/install/action_interfaces/lib/python3.10/site-packages'
[2.480s] Level 1:colcon.colcon_core.environment:checking '/home/ibrahim/RobotArmExpanded/install/action_interfaces/bin'
[2.481s] INFO:colcon.colcon_core.shell:Creating package script '/home/ibrahim/RobotArmExpanded/install/action_interfaces/share/action_interfaces/package.ps1'
[2.484s] INFO:colcon.colcon_core.shell:Creating package descriptor '/home/ibrahim/RobotArmExpanded/install/action_interfaces/share/action_interfaces/package.dsv'
[2.486s] INFO:colcon.colcon_core.shell:Creating package script '/home/ibrahim/RobotArmExpanded/install/action_interfaces/share/action_interfaces/package.sh'
[2.488s] INFO:colcon.colcon_core.shell:Creating package script '/home/ibrahim/RobotArmExpanded/install/action_interfaces/share/action_interfaces/package.bash'
[2.490s] INFO:colcon.colcon_core.shell:Creating package script '/home/ibrahim/RobotArmExpanded/install/action_interfaces/share/action_interfaces/package.zsh'
[2.492s] Level 1:colcon.colcon_core.environment:create_file_with_runtime_dependencies(/home/ibrahim/RobotArmExpanded/install/action_interfaces/share/colcon-core/packages/action_interfaces)
[2.494s] Level 1:colcon.colcon_core.environment:create_environment_scripts_only(action_interfaces)
[2.494s] Level 1:colcon.colcon_core.environment:checking '/home/ibrahim/RobotArmExpanded/install/action_interfaces' for CMake module files
[2.496s] Level 1:colcon.colcon_core.environment:checking '/home/ibrahim/RobotArmExpanded/install/action_interfaces' for CMake config files
[2.498s] Level 1:colcon.colcon_core.shell:create_environment_hook('action_interfaces', 'cmake_prefix_path')
[2.498s] INFO:colcon.colcon_core.shell:Creating environment hook '/home/ibrahim/RobotArmExpanded/install/action_interfaces/share/action_interfaces/hook/cmake_prefix_path.ps1'
[2.500s] INFO:colcon.colcon_core.shell:Creating environment descriptor '/home/ibrahim/RobotArmExpanded/install/action_interfaces/share/action_interfaces/hook/cmake_prefix_path.dsv'
[2.500s] INFO:colcon.colcon_core.shell:Creating environment hook '/home/ibrahim/RobotArmExpanded/install/action_interfaces/share/action_interfaces/hook/cmake_prefix_path.sh'
[2.502s] Level 1:colcon.colcon_core.environment:checking '/home/ibrahim/RobotArmExpanded/install/action_interfaces/lib'
[2.502s] Level 1:colcon.colcon_core.shell:create_environment_hook('action_interfaces', 'ld_library_path_lib')
[2.502s] INFO:colcon.colcon_core.shell:Creating environment hook '/home/ibrahim/RobotArmExpanded/install/action_interfaces/share/action_interfaces/hook/ld_library_path_lib.ps1'
[2.503s] INFO:colcon.colcon_core.shell:Creating environment descriptor '/home/ibrahim/RobotArmExpanded/install/action_interfaces/share/action_interfaces/hook/ld_library_path_lib.dsv'
[2.504s] INFO:colcon.colcon_core.shell:Creating environment hook '/home/ibrahim/RobotArmExpanded/install/action_interfaces/share/action_interfaces/hook/ld_library_path_lib.sh'
[2.505s] Level 1:colcon.colcon_core.environment:checking '/home/ibrahim/RobotArmExpanded/install/action_interfaces/bin'
[2.505s] Level 1:colcon.colcon_core.environment:checking '/home/ibrahim/RobotArmExpanded/install/action_interfaces/lib/pkgconfig/action_interfaces.pc'
[2.505s] Level 1:colcon.colcon_core.environment:checking '/home/ibrahim/RobotArmExpanded/install/action_interfaces/lib/python3.10/site-packages'
[2.506s] Level 1:colcon.colcon_core.environment:checking '/home/ibrahim/RobotArmExpanded/install/action_interfaces/bin'
[2.507s] INFO:colcon.colcon_core.shell:Creating package script '/home/ibrahim/RobotArmExpanded/install/action_interfaces/share/action_interfaces/package.ps1'
[2.508s] INFO:colcon.colcon_core.shell:Creating package descriptor '/home/ibrahim/RobotArmExpanded/install/action_interfaces/share/action_interfaces/package.dsv'
[2.509s] INFO:colcon.colcon_core.shell:Creating package script '/home/ibrahim/RobotArmExpanded/install/action_interfaces/share/action_interfaces/package.sh'
[2.510s] INFO:colcon.colcon_core.shell:Creating package script '/home/ibrahim/RobotArmExpanded/install/action_interfaces/share/action_interfaces/package.bash'
[2.512s] INFO:colcon.colcon_core.shell:Creating package script '/home/ibrahim/RobotArmExpanded/install/action_interfaces/share/action_interfaces/package.zsh'
[2.513s] Level 1:colcon.colcon_core.environment:create_file_with_runtime_dependencies(/home/ibrahim/RobotArmExpanded/install/action_interfaces/share/colcon-core/packages/action_interfaces)
[2.514s] INFO:colcon.colcon_ros.task.ament_cmake.build:Building ROS package in '/home/ibrahim/RobotArmExpanded/src/main_arm_package' with build type 'ament_cmake'
[2.514s] INFO:colcon.colcon_cmake.task.cmake.build:Building CMake package in '/home/ibrahim/RobotArmExpanded/src/main_arm_package'
[2.516s] INFO:colcon.colcon_core.shell:Skip shell extension 'powershell' for command environment: Not usable outside of PowerShell
[2.516s] DEBUG:colcon.colcon_core.shell:Skip shell extension 'dsv' for command environment
[2.666s] DEBUG:colcon.colcon_core.event_handler.log_command:Invoking command in '/home/ibrahim/RobotArmExpanded/build/main_arm_package': CMAKE_PREFIX_PATH=/home/ibrahim/RobotArmExpanded/install/action_interfaces:/home/ibrahim/RobotArmExpanded/install/main_arm_package:/home/ibrahim/TF2Sample/install/tf2sim:/home/ibrahim/RobotNav/install/main_robot_nodes:/home/ibrahim/RobotNav/install/action_interfaces:/home/ibrahim/RobotMonitor/install/Robot3Node_Package:/home/ibrahim/ros2_ws/install/my_first_package:/home/ibrahim/ros2_ws/install/action_interfaces:/home/ibrahim/RobotArm/install/main_arm_package:/home/ibrahim/RobotArm/install/action_interfaces:/opt/ros/humble /usr/bin/cmake --build /home/ibrahim/RobotArmExpanded/build/main_arm_package -- -j16 -l16
[2.922s] DEBUG:colcon.colcon_core.event_handler.log_command:Invoked command in '/home/ibrahim/RobotArmExpanded/build/main_arm_package' returned '0': CMAKE_PREFIX_PATH=/home/ibrahim/RobotArmExpanded/install/action_interfaces:/home/ibrahim/RobotArmExpanded/install/main_arm_package:/home/ibrahim/TF2Sample/install/tf2sim:/home/ibrahim/RobotNav/install/main_robot_nodes:/home/ibrahim/RobotNav/install/action_interfaces:/home/ibrahim/RobotMonitor/install/Robot3Node_Package:/home/ibrahim/ros2_ws/install/my_first_package:/home/ibrahim/ros2_ws/install/action_interfaces:/home/ibrahim/RobotArm/install/main_arm_package:/home/ibrahim/RobotArm/install/action_interfaces:/opt/ros/humble /usr/bin/cmake --build /home/ibrahim/RobotArmExpanded/build/main_arm_package -- -j16 -l16
[2.926s] DEBUG:colcon.colcon_core.event_handler.log_command:Invoking command in '/home/ibrahim/RobotArmExpanded/build/main_arm_package': CMAKE_PREFIX_PATH=/home/ibrahim/RobotArmExpanded/install/action_interfaces:/home/ibrahim/RobotArmExpanded/install/main_arm_package:/home/ibrahim/TF2Sample/install/tf2sim:/home/ibrahim/RobotNav/install/main_robot_nodes:/home/ibrahim/RobotNav/install/action_interfaces:/home/ibrahim/RobotMonitor/install/Robot3Node_Package:/home/ibrahim/ros2_ws/install/my_first_package:/home/ibrahim/ros2_ws/install/action_interfaces:/home/ibrahim/RobotArm/install/main_arm_package:/home/ibrahim/RobotArm/install/action_interfaces:/opt/ros/humble /usr/bin/cmake --install /home/ibrahim/RobotArmExpanded/build/main_arm_package
[2.969s] Level 1:colcon.colcon_core.environment:create_environment_scripts_only(main_arm_package)
[2.970s] Level 1:colcon.colcon_core.environment:checking '/home/ibrahim/RobotArmExpanded/install/main_arm_package' for CMake module files
[2.970s] DEBUG:colcon.colcon_core.event_handler.log_command:Invoked command in '/home/ibrahim/RobotArmExpanded/build/main_arm_package' returned '0': CMAKE_PREFIX_PATH=/home/ibrahim/RobotArmExpanded/install/action_interfaces:/home/ibrahim/RobotArmExpanded/install/main_arm_package:/home/ibrahim/TF2Sample/install/tf2sim:/home/ibrahim/RobotNav/install/main_robot_nodes:/home/ibrahim/RobotNav/install/action_interfaces:/home/ibrahim/RobotMonitor/install/Robot3Node_Package:/home/ibrahim/ros2_ws/install/my_first_package:/home/ibrahim/ros2_ws/install/action_interfaces:/home/ibrahim/RobotArm/install/main_arm_package:/home/ibrahim/RobotArm/install/action_interfaces:/opt/ros/humble /usr/bin/cmake --install /home/ibrahim/RobotArmExpanded/build/main_arm_package
[2.972s] Level 1:colcon.colcon_core.environment:checking '/home/ibrahim/RobotArmExpanded/install/main_arm_package' for CMake config files
[2.974s] Level 1:colcon.colcon_core.shell:create_environment_hook('main_arm_package', 'cmake_prefix_path')
[2.974s] INFO:colcon.colcon_core.shell:Creating environment hook '/home/ibrahim/RobotArmExpanded/install/main_arm_package/share/main_arm_package/hook/cmake_prefix_path.ps1'
[2.975s] INFO:colcon.colcon_core.shell:Creating environment descriptor '/home/ibrahim/RobotArmExpanded/install/main_arm_package/share/main_arm_package/hook/cmake_prefix_path.dsv'
[2.976s] INFO:colcon.colcon_core.shell:Creating environment hook '/home/ibrahim/RobotArmExpanded/install/main_arm_package/share/main_arm_package/hook/cmake_prefix_path.sh'
[2.977s] Level 1:colcon.colcon_core.environment:checking '/home/ibrahim/RobotArmExpanded/install/main_arm_package/lib'
[2.977s] Level 1:colcon.colcon_core.environment:checking '/home/ibrahim/RobotArmExpanded/install/main_arm_package/bin'
[2.978s] Level 1:colcon.colcon_core.environment:checking '/home/ibrahim/RobotArmExpanded/install/main_arm_package/lib/pkgconfig/main_arm_package.pc'
[2.978s] Level 1:colcon.colcon_core.environment:checking '/home/ibrahim/RobotArmExpanded/install/main_arm_package/lib/python3.10/site-packages'
[2.978s] Level 1:colcon.colcon_core.environment:checking '/home/ibrahim/RobotArmExpanded/install/main_arm_package/bin'
[2.979s] INFO:colcon.colcon_core.shell:Creating package script '/home/ibrahim/RobotArmExpanded/install/main_arm_package/share/main_arm_package/package.ps1'
[2.981s] INFO:colcon.colcon_core.shell:Creating package descriptor '/home/ibrahim/RobotArmExpanded/install/main_arm_package/share/main_arm_package/package.dsv'
[2.982s] INFO:colcon.colcon_core.shell:Creating package script '/home/ibrahim/RobotArmExpanded/install/main_arm_package/share/main_arm_package/package.sh'
[2.983s] INFO:colcon.colcon_core.shell:Creating package script '/home/ibrahim/RobotArmExpanded/install/main_arm_package/share/main_arm_package/package.bash'
[2.984s] INFO:colcon.colcon_core.shell:Creating package script '/home/ibrahim/RobotArmExpanded/install/main_arm_package/share/main_arm_package/package.zsh'
[2.986s] Level 1:colcon.colcon_core.environment:create_file_with_runtime_dependencies(/home/ibrahim/RobotArmExpanded/install/main_arm_package/share/colcon-core/packages/main_arm_package)
[2.987s] Level 1:colcon.colcon_core.environment:create_environment_scripts_only(main_arm_package)
[2.987s] Level 1:colcon.colcon_core.environment:checking '/home/ibrahim/RobotArmExpanded/install/main_arm_package' for CMake module files
[2.988s] Level 1:colcon.colcon_core.environment:checking '/home/ibrahim/RobotArmExpanded/install/main_arm_package' for CMake config files
[2.989s] Level 1:colcon.colcon_core.shell:create_environment_hook('main_arm_package', 'cmake_prefix_path')
[2.990s] INFO:colcon.colcon_core.shell:Creating environment hook '/home/ibrahim/RobotArmExpanded/install/main_arm_package/share/main_arm_package/hook/cmake_prefix_path.ps1'
[2.991s] INFO:colcon.colcon_core.shell:Creating environment descriptor '/home/ibrahim/RobotArmExpanded/install/main_arm_package/share/main_arm_package/hook/cmake_prefix_path.dsv'
[2.992s] INFO:colcon.colcon_core.shell:Creating environment hook '/home/ibrahim/RobotArmExpanded/install/main_arm_package/share/main_arm_package/hook/cmake_prefix_path.sh'
[2.993s] Level 1:colcon.colcon_core.environment:checking '/home/ibrahim/RobotArmExpanded/install/main_arm_package/lib'
[2.993s] Level 1:colcon.colcon_core.environment:checking '/home/ibrahim/RobotArmExpanded/install/main_arm_package/bin'
[2.993s] Level 1:colcon.colcon_core.environment:checking '/home/ibrahim/RobotArmExpanded/install/main_arm_package/lib/pkgconfig/main_arm_package.pc'
[2.994s] Level 1:colcon.colcon_core.environment:checking '/home/ibrahim/RobotArmExpanded/install/main_arm_package/lib/python3.10/site-packages'
[2.994s] Level 1:colcon.colcon_core.environment:checking '/home/ibrahim/RobotArmExpanded/install/main_arm_package/bin'
[2.995s] INFO:colcon.colcon_core.shell:Creating package script '/home/ibrahim/RobotArmExpanded/install/main_arm_package/share/main_arm_package/package.ps1'
[2.998s] INFO:colcon.colcon_core.shell:Creating package descriptor '/home/ibrahim/RobotArmExpanded/install/main_arm_package/share/main_arm_package/package.dsv'
[2.999s] INFO:colcon.colcon_core.shell:Creating package script '/home/ibrahim/RobotArmExpanded/install/main_arm_package/share/main_arm_package/package.sh'
[2.999s] INFO:colcon.colcon_core.shell:Creating package script '/home/ibrahim/RobotArmExpanded/install/main_arm_package/share/main_arm_package/package.bash'
[3.001s] INFO:colcon.colcon_core.shell:Creating package script '/home/ibrahim/RobotArmExpanded/install/main_arm_package/share/main_arm_package/package.zsh'
[3.002s] Level 1:colcon.colcon_core.environment:create_file_with_runtime_dependencies(/home/ibrahim/RobotArmExpanded/install/main_arm_package/share/colcon-core/packages/main_arm_package)
[3.002s] DEBUG:colcon.colcon_parallel_executor.executor.parallel:closing loop
[3.003s] DEBUG:colcon.colcon_parallel_executor.executor.parallel:loop closed
[3.003s] DEBUG:colcon.colcon_parallel_executor.executor.parallel:run_until_complete finished with '0'
[3.004s] DEBUG:colcon.colcon_core.event_reactor:joining thread
[3.105s] INFO:colcon.colcon_core.plugin_system:Skipping extension 'colcon_notification.desktop_notification.notify_send': Could not find 'notify-send'
[3.105s] INFO:colcon.colcon_core.plugin_system:Skipping extension 'colcon_notification.desktop_notification.terminal_notifier': Not used on non-Darwin systems
[3.106s] INFO:colcon.colcon_core.plugin_system:Skipping extension 'colcon_notification.desktop_notification.win32': Not used on non-Windows systems
[3.106s] INFO:colcon.colcon_notification.desktop_notification:Sending desktop notification using 'notify2'
[3.106s] DEBUG:colcon.colcon_notification.desktop_notification.notify2:Failed to initialize notify2: org.freedesktop.DBus.Error.FileNotFound: Failed to connect to socket /run/user/1000/bus: No such file or directory
[3.106s] DEBUG:colcon.colcon_core.event_reactor:joined thread
[3.107s] INFO:colcon.colcon_core.shell:Creating prefix script '/home/ibrahim/RobotArmExpanded/install/local_setup.ps1'
[3.110s] INFO:colcon.colcon_core.shell:Creating prefix util module '/home/ibrahim/RobotArmExpanded/install/_local_setup_util_ps1.py'
[3.114s] INFO:colcon.colcon_core.shell:Creating prefix chain script '/home/ibrahim/RobotArmExpanded/install/setup.ps1'
[3.118s] INFO:colcon.colcon_core.shell:Creating prefix script '/home/ibrahim/RobotArmExpanded/install/local_setup.sh'
[3.119s] INFO:colcon.colcon_core.shell:Creating prefix util module '/home/ibrahim/RobotArmExpanded/install/_local_setup_util_sh.py'
[3.120s] INFO:colcon.colcon_core.shell:Creating prefix chain script '/home/ibrahim/RobotArmExpanded/install/setup.sh'
[3.124s] INFO:colcon.colcon_core.shell:Creating prefix script '/home/ibrahim/RobotArmExpanded/install/local_setup.bash'
[3.125s] INFO:colcon.colcon_core.shell:Creating prefix chain script '/home/ibrahim/RobotArmExpanded/install/setup.bash'
[3.128s] INFO:colcon.colcon_core.shell:Creating prefix script '/home/ibrahim/RobotArmExpanded/install/local_setup.zsh'
[3.130s] INFO:colcon.colcon_core.shell:Creating prefix chain script '/home/ibrahim/RobotArmExpanded/install/setup.zsh'
